lcd1602.h:16:9:LcdReadByte	40	static
lcd1602.h:38:6:LcdSendNibble	16	static
lcd1602.h:46:6:LcdSendByte	16	static
lcd1602.h:55:6:LcdInit	16	static
lcd1602.h:67:6:lcd_gotoxy	24	static
lcd1602.h:75:6:lcd_putc	16	static
lcd1602.h:85:6:lcd_puts	32	static
lcd1602.h:93:6:lcd_cgram	48	static
main.c:115:10:read_adc	32	static
main.c:128:6:status_cal	8	static
main.c:143:6:lcd_dis	16	static
main.c:160:6:led_ring	16	static
main.c:236:6:temper_updown	8	static
main.c:279:6:buzz_3sound	16	static
main.c:301:6:led_con	16	static
main.c:341:6:auto_adj_mode	8	static
main.c:367:6:alarm_set	8	static
main.c:386:6:alarm_buzz	8	static
main.c:417:5:main	16	static
main.c:544:6:SystemClock_Config	96	static
main.c:582:13:MX_ADC_Init	16	static
main.c:639:13:MX_GPIO_Init	48	static
main.c:706:6:Error_Handler	8	static
