../Inc/lcd1602.h:16:9:LcdReadByte	40	static
../Inc/lcd1602.h:38:6:LcdSendNibble	16	static
../Inc/lcd1602.h:46:6:LcdSendByte	16	static
../Inc/lcd1602.h:55:6:LcdInit	16	static
../Inc/lcd1602.h:67:6:lcd_gotoxy	24	static
../Inc/lcd1602.h:75:6:lcd_putc	16	static
../Inc/lcd1602.h:85:6:lcd_puts	32	static
../Inc/lcd1602.h:93:6:lcd_cgram	48	static
../Src/main.c:102:6:read_adc	16	static
../Src/main.c:111:6:lcd_print	16	static
../Src/main.c:132:6:led	16	static
../Src/main.c:149:6:HAL_TIM_PeriodElapsedCallback	16	static
../Src/main.c:156:6:setUp	16	static
../Src/main.c:168:5:main	56	static
../Src/main.c:347:6:SystemClock_Config	96	static
../Src/main.c:387:13:MX_NVIC_Init	8	static
../Src/main.c:398:13:MX_ADC_Init	16	static
../Src/main.c:458:13:MX_TIM6_Init	16	static
../Src/main.c:494:13:MX_GPIO_Init	48	static
../Src/main.c:561:6:Error_Handler	8	static
