Archive member included to satisfy reference by file (symbol)

c:/st/stm32cubeide_1.9.0/stm32cubeide/plugins/com.st.stm32cube.ide.mcu.externaltools.gnu-tools-for-stm32.10.3-2021.10.win32_1.0.0.202111181127/tools/bin/../lib/gcc/arm-none-eabi/10.3.1/../../../../arm-none-eabi/lib/thumb/v6-m/nofp\libc_nano.a(lib_a-errno.o)
                              ./Core/Src/syscalls.o (__errno)
c:/st/stm32cubeide_1.9.0/stm32cubeide/plugins/com.st.stm32cube.ide.mcu.externaltools.gnu-tools-for-stm32.10.3-2021.10.win32_1.0.0.202111181127/tools/bin/../lib/gcc/arm-none-eabi/10.3.1/../../../../arm-none-eabi/lib/thumb/v6-m/nofp\libc_nano.a(lib_a-exit.o)
                              c:/st/stm32cubeide_1.9.0/stm32cubeide/plugins/com.st.stm32cube.ide.mcu.externaltools.gnu-tools-for-stm32.10.3-2021.10.win32_1.0.0.202111181127/tools/bin/../lib/gcc/arm-none-eabi/10.3.1/../../../../arm-none-eabi/lib/thumb/v6-m/nofp/crt0.o (exit)
c:/st/stm32cubeide_1.9.0/stm32cubeide/plugins/com.st.stm32cube.ide.mcu.externaltools.gnu-tools-for-stm32.10.3-2021.10.win32_1.0.0.202111181127/tools/bin/../lib/gcc/arm-none-eabi/10.3.1/../../../../arm-none-eabi/lib/thumb/v6-m/nofp\libc_nano.a(lib_a-impure.o)
                              c:/st/stm32cubeide_1.9.0/stm32cubeide/plugins/com.st.stm32cube.ide.mcu.externaltools.gnu-tools-for-stm32.10.3-2021.10.win32_1.0.0.202111181127/tools/bin/../lib/gcc/arm-none-eabi/10.3.1/../../../../arm-none-eabi/lib/thumb/v6-m/nofp\libc_nano.a(lib_a-exit.o) (_global_impure_ptr)
c:/st/stm32cubeide_1.9.0/stm32cubeide/plugins/com.st.stm32cube.ide.mcu.externaltools.gnu-tools-for-stm32.10.3-2021.10.win32_1.0.0.202111181127/tools/bin/../lib/gcc/arm-none-eabi/10.3.1/../../../../arm-none-eabi/lib/thumb/v6-m/nofp\libc_nano.a(lib_a-init.o)
                              c:/st/stm32cubeide_1.9.0/stm32cubeide/plugins/com.st.stm32cube.ide.mcu.externaltools.gnu-tools-for-stm32.10.3-2021.10.win32_1.0.0.202111181127/tools/bin/../lib/gcc/arm-none-eabi/10.3.1/../../../../arm-none-eabi/lib/thumb/v6-m/nofp/crt0.o (__libc_init_array)
c:/st/stm32cubeide_1.9.0/stm32cubeide/plugins/com.st.stm32cube.ide.mcu.externaltools.gnu-tools-for-stm32.10.3-2021.10.win32_1.0.0.202111181127/tools/bin/../lib/gcc/arm-none-eabi/10.3.1/../../../../arm-none-eabi/lib/thumb/v6-m/nofp\libc_nano.a(lib_a-memcpy-stub.o)
                              ./Core/Src/main.o (memcpy)
c:/st/stm32cubeide_1.9.0/stm32cubeide/plugins/com.st.stm32cube.ide.mcu.externaltools.gnu-tools-for-stm32.10.3-2021.10.win32_1.0.0.202111181127/tools/bin/../lib/gcc/arm-none-eabi/10.3.1/../../../../arm-none-eabi/lib/thumb/v6-m/nofp\libc_nano.a(lib_a-memset.o)
                              c:/st/stm32cubeide_1.9.0/stm32cubeide/plugins/com.st.stm32cube.ide.mcu.externaltools.gnu-tools-for-stm32.10.3-2021.10.win32_1.0.0.202111181127/tools/bin/../lib/gcc/arm-none-eabi/10.3.1/../../../../arm-none-eabi/lib/thumb/v6-m/nofp/crt0.o (memset)
c:/st/stm32cubeide_1.9.0/stm32cubeide/plugins/com.st.stm32cube.ide.mcu.externaltools.gnu-tools-for-stm32.10.3-2021.10.win32_1.0.0.202111181127/tools/bin/../lib/gcc/arm-none-eabi/10.3.1/thumb/v6-m/nofp\libgcc.a(_udivsi3.o)
                              ./APP/control_hardware.o (__aeabi_uidiv)
c:/st/stm32cubeide_1.9.0/stm32cubeide/plugins/com.st.stm32cube.ide.mcu.externaltools.gnu-tools-for-stm32.10.3-2021.10.win32_1.0.0.202111181127/tools/bin/../lib/gcc/arm-none-eabi/10.3.1/thumb/v6-m/nofp\libgcc.a(_dvmd_tls.o)
                              c:/st/stm32cubeide_1.9.0/stm32cubeide/plugins/com.st.stm32cube.ide.mcu.externaltools.gnu-tools-for-stm32.10.3-2021.10.win32_1.0.0.202111181127/tools/bin/../lib/gcc/arm-none-eabi/10.3.1/thumb/v6-m/nofp\libgcc.a(_udivsi3.o) (__aeabi_idiv0)
c:/st/stm32cubeide_1.9.0/stm32cubeide/plugins/com.st.stm32cube.ide.mcu.externaltools.gnu-tools-for-stm32.10.3-2021.10.win32_1.0.0.202111181127/tools/bin/../lib/gcc/arm-none-eabi/10.3.1/thumb/v6-m/nofp\libgcc.a(_arm_cmpdf2.o)
                              ./Core/Src/main.o (__aeabi_dcmpeq)
c:/st/stm32cubeide_1.9.0/stm32cubeide/plugins/com.st.stm32cube.ide.mcu.externaltools.gnu-tools-for-stm32.10.3-2021.10.win32_1.0.0.202111181127/tools/bin/../lib/gcc/arm-none-eabi/10.3.1/thumb/v6-m/nofp\libgcc.a(_aeabi_uldivmod.o)
                              ./Drivers/STM32L0xx_HAL_Driver/Src/stm32l0xx_hal_rcc.o (__aeabi_uldivmod)
c:/st/stm32cubeide_1.9.0/stm32cubeide/plugins/com.st.stm32cube.ide.mcu.externaltools.gnu-tools-for-stm32.10.3-2021.10.win32_1.0.0.202111181127/tools/bin/../lib/gcc/arm-none-eabi/10.3.1/thumb/v6-m/nofp\libgcc.a(_muldi3.o)
                              ./Drivers/STM32L0xx_HAL_Driver/Src/stm32l0xx_hal_rcc.o (__aeabi_lmul)
c:/st/stm32cubeide_1.9.0/stm32cubeide/plugins/com.st.stm32cube.ide.mcu.externaltools.gnu-tools-for-stm32.10.3-2021.10.win32_1.0.0.202111181127/tools/bin/../lib/gcc/arm-none-eabi/10.3.1/thumb/v6-m/nofp\libgcc.a(_udivmoddi4.o)
[...]
Memory Configuration

Name             Origin             Length             Attributes
RAM              0x0000000020000000 0x0000000000002000 xrw
FLASH            0x0000000008000000 0x0000000000008000 xr
*default*        0x0000000000000000 0xffffffffffffffff

Linker script and memory map

LOAD c:/st/stm32cubeide_1.9.0/stm32cubeide/plugins/com.st.stm32cube.ide.mcu.externaltools.gnu-tools-for-stm32.10.3-2021.10.win32_1.0.0.202111181127/tools/bin/../lib/gcc/arm-none-eabi/10.3.1/thumb/v6-m/nofp/crti.o
LOAD c:/st/stm32cubeide_1.9.0/stm32cubeide/plugins/com.st.stm32cube.ide.mcu.externaltools.gnu-tools-for-stm32.10.3-2021.10.win32_1.0.0.202111181127/tools/bin/../lib/gcc/arm-none-eabi/10.3.1/thumb/v6-m/nofp/crtbegin.o
LOAD c:/st/stm32cubeide_1.9.0/stm32cubeide/plugins/com.st.stm32cube.ide.mcu.externaltools.gnu-tools-for-stm32.10.3-2021.10.win32_1.0.0.202111181127/tools/bin/../lib/gcc/arm-none-eabi/10.3.1/../../../../arm-none-eabi/lib/thumb/v6-m/nofp/crt0.o
LOAD ./APP/control_hardware.o
LOAD ./Core/Src/main.o
LOAD ./Core/Src/stm32l0xx_hal_msp.o
LOAD ./Core/Src/stm32l0xx_it.o
LOAD ./Core/Src/syscalls.o
LOAD ./Core/Src/sysmem.o
LOAD ./Core/Src/system_stm32l0xx.o
LOAD ./Core/Startup/startup_stm32l052k6tx.o
LOAD ./Drivers/STM32L0xx_HAL_Driver/Src/stm32l0xx_hal.o
LOAD ./Drivers/STM32L0xx_HAL_Driver/Src/stm32l0xx_hal_adc.o
LOAD ./Drivers/STM32L0xx_HAL_Driver/Src/stm32l0xx_hal_adc_ex.o
LOAD ./Drivers/STM32L0xx_HAL_Driver/Src/stm32l0xx_hal_cortex.o
LOAD ./Drivers/STM32L0xx_HAL_Driver/Src/stm32l0xx_hal_dma.o
LOAD ./Drivers/STM32L0xx_HAL_Driver/Src/stm32l0xx_hal_exti.o
LOAD ./Drivers/STM32L0xx_HAL_Driver/Src/stm32l0xx_hal_flash.o
LOAD ./Drivers/STM32L0xx_HAL_Driver/Src/stm32l0xx_hal_flash_ex.o
LOAD ./Drivers/STM32L0xx_HAL_Driver/Src/stm32l0xx_hal_flash_ramfunc.o
LOAD ./Drivers/STM32L0xx_HAL_Driver/Src/stm32l0xx_hal_gpio.o
LOAD ./Drivers/STM32L0xx_HAL_Driver/Src/stm32l0xx_hal_i2c.o
LOAD ./Drivers/STM32L0xx_HAL_Driver/Src/stm32l0xx_hal_i2c_ex.o
LOAD ./Drivers/STM32L0xx_HAL_Driver/Src/stm32l0xx_hal_pwr.o
LOAD ./Drivers/STM32L0xx_HAL_Driver/Src/stm32l0xx_hal_pwr_ex.o
LOAD ./Drivers/STM32L0xx_HAL_Driver/Src/stm32l0xx_hal_rcc.o
LOAD ./Drivers/STM32L0xx_HAL_Driver/Src/stm32l0xx_hal_rcc_ex.o
LOAD ./Drivers/STM32L0xx_HAL_Driver/Src/stm32l0xx_hal_tim.o
LOAD ./Drivers/STM32L0xx_HAL_Driver/Src/stm32l0xx_hal_tim_ex.o
START GROUP
LOAD c:/st/stm32cubeide_1.9.0/stm32cubeide/plugins/com.st.stm32cube.ide.mcu.externaltools.gnu-tools-for-stm32.10.3-2021.10.win32_1.0.0.202111181127/tools/bin/../lib/gcc/arm-none-eabi/10.3.1/../../../../arm-none-eabi/lib/thumb/v6-m/nofp\libc_nano.a
LOAD c:/st/stm32cubeide_1.9.0/stm32cubeide/plugins/com.st.stm32cube.ide.mcu.externaltools.gnu-tools-for-stm32.10.3-2021.10.win32_1.0.0.202111181127/tools/bin/../lib/gcc/arm-none-eabi/10.3.1/../../../../arm-none-eabi/lib/thumb/v6-m/nofp\libm.a
END GROUP
START GROUP
LOAD c:/st/stm32cubeide_1.9.0/stm32cubeide/plugins/com.st.stm32cube.ide.mcu.externaltools.gnu-tools-for-stm32.10.3-2021.10.win32_1.0.0.202111181127/tools/bin/../lib/gcc/arm-none-eabi/10.3.1/thumb/v6-m/nofp\libgcc.a
LOAD c:/st/stm32cubeide_1.9.0/stm32cubeide/plugins/com.st.stm32cube.ide.mcu.externaltools.gnu-tools-for-stm32.10.3-2021.10.win32_1.0.0.202111181127/tools/bin/../lib/gcc/arm-none-eabi/10.3.1/../../../../arm-none-eabi/lib/thumb/v6-m/nofp\libc_nano.a
END GROUP
START GROUP
LOAD c:/st/stm32cubeide_1.9.0/stm32cubeide/plugins/com.st.stm32cube.ide.mcu.externaltools.gnu-tools-for-stm32.10.3-2021.10.win32_1.0.0.202111181127/tools/bin/../lib/gcc/arm-none-eabi/10.3.1/thumb/v6-m/nofp\libgcc.a
LOAD c:/st/stm32cubeide_1.9.0/stm32cubeide/plugins/com.st.stm32cube.ide.mcu.externaltools.gnu-tools-for-stm32.10.3-2021.10.win32_1.0.0.202111181127/tools/bin/../lib/gcc/arm-none-eabi/10.3.1/../../../../arm-none-eabi/lib/thumb/v6-m/nofp\libc_nano.a
LOAD c:/st/stm32cubeide_1.9.0/stm32cubeide/plugins/com.st.stm32cube.ide.mcu.externaltools.gnu-tools-for-stm32.10.3-2021.10.win32_1.0.0.202111181127/tools/bin/../lib/gcc/arm-none-eabi/10.3.1/../../../../arm-none-eabi/lib/thumb/v6-m/nofp\libnosys.a
END GROUP
START GROUP
LOAD c:/st/stm32cubeide_1.9.0/stm32cubeide/plugins/com.st.stm32cube.ide.mcu.externaltools.gnu-tools-for-stm32.10.3-2021.10.win32_1.0.0.202111181127/tools/bin/../lib/gcc/arm-none-eabi/10.3.1/thumb/v6-m/nofp\libgcc.a
LOAD c:/st/stm32cubeide_1.9.0/stm32cubeide/plugins/com.st.stm32cube.ide.mcu.externaltools.gnu-tools-for-stm32.10.3-2021.10.win32_1.0.0.202111181127/tools/bin/../lib/gcc/arm-none-eabi/10.3.1/../../../../arm-none-eabi/lib/thumb/v6-m/nofp\libc_nano.a
LOAD c:/st/stm32cubeide_1.9.0/stm32cubeide/plugins/com.st.stm32cube.ide.mcu.externaltools.gnu-tools-for-stm32.10.3-2021.10.win32_1.0.0.202111181127/tools/bin/../lib/gcc/arm-none-eabi/10.3.1/../../../../arm-none-eabi/lib/thumb/v6-m/nofp\libnosys.a
END GROUP
LOAD c:/st/stm32cubeide_1.9.0/stm32cubeide/plugins/com.st.stm32cube.ide.mcu.externaltools.gnu-tools-for-stm32.10.3-2021.10.win32_1.0.0.202111181127/tools/bin/../lib/gcc/arm-none-eabi/10.3.1/thumb/v6-m/nofp/crtend.o
LOAD c:/st/stm32cubeide_1.9.0/stm32cubeide/plugins/com.st.stm32cube.ide.mcu.externaltools.gnu-tools-for-stm32.10.3-2021.10.win32_1.0.0.202111181127/tools/bin/../lib/gcc/arm-none-eabi/10.3.1/thumb/v6-m/nofp/crtn.o
                0x0000000020002000                _estack = (ORIGIN (RAM) + LENGTH (RAM))
                0x0000000000000200                _Min_Heap_Size = 0x200
                0x0000000000000400                _Min_Stack_Size = 0x400

.isr_vector     0x0000000008000000       0xc0
                0x0000000008000000                . = ALIGN (0x4)
 *(.isr_vector)
 .isr_vector    0x0000000008000000       0xc0 ./Core/Startup/startup_stm32l052k6tx.o
                0x0000000008000000                g_pfnVectors
                0x00000000080000c0                . = ALIGN (0x4)

.text           0x00000000080000c0     0x2e9c
                0x00000000080000c0                . = ALIGN (0x4)
 *(.text)
 .text          0x00000000080000c0       0x48 c:/st/stm32cubeide_1.9.0/stm32cubeide/plugins/com.st.stm32cube.ide.mcu.externaltools.gnu-tools-for-stm32.10.3-2021.10.win32_1.0.0.202111181127/tools/bin/../lib/gcc/arm-none-eabi/10.3.1/thumb/v6-m/nofp/crtbegin.o
 .text          0x0000000008000108      0x114 c:/st/stm32cubeide_1.9.0/stm32cubeide/plugins/com.st.stm32cube.ide.mcu.externaltools.gnu-tools-for-stm32.10.3-2021.10.win32_1.0.0.202111181127/tools/bin/../lib/gcc/arm-none-eabi/10.3.1/thumb/v6-m/nofp\libgcc.a(_udivsi3.o)
                0x0000000008000108                __aeabi_uidiv
                0x0000000008000108                __udivsi3
                0x0000000008000214                __aeabi_uidivmod
 .text          0x000000000800021c        0x4 c:/st/stm32cubeide_1.9.0/stm32cubeide/plugins/com.st.stm32cube.ide.mcu.externaltools.gnu-tools-for-stm32.10.3-2021.10.win32_1.0.0.202111181127/tools/bin/../lib/gcc/arm-none-eabi/10.3.1/thumb/v6-m/nofp\libgcc.a(_dvmd_tls.o)
                0x000000000800021c                __aeabi_idiv0
                0x000000000800021c                __aeabi_ldiv0
 .text          0x0000000008000220       0x7c c:/st/stm32cubeide_1.9.0/stm32cubeide/plugins/com.st.stm32cube.ide.mcu.externaltools.gnu-tools-for-stm32.10.3-2021.10.win32_1.0.0.202111181127/tools/bin/../lib/gcc/arm-none-eabi/10.3.1/thumb/v6-m/nofp\libgcc.a(_arm_cmpdf2.o)
                0x0000000008000220                __aeabi_cdrcmple
                0x0000000008000230                __aeabi_cdcmple
                0x0000000008000230                __aeabi_cdcmpeq
                0x0000000008000240                __aeabi_dcmpeq
                0x000000000800024c                __aeabi_dcmplt
                0x0000000008000260                __aeabi_dcmple
                0x0000000008000274                __aeabi_dcmpgt
                0x0000000008000288                __aeabi_dcmpge
 .text          0x000000000800029c       0x40 c:/st/stm32cubeide_1.9.0/stm32cubeide/plugins/com.st.stm32cube.ide.mcu.externaltools.gnu-tools-for-stm32.10.3-2021.10.win32_1.0.0.202111181127/tools/bin/../lib/gcc/arm-none-eabi/10.3.1/thumb/v6-m/nofp\libgcc.a(_aeabi_uldivmod.o)
                0x000000000800029c                __aeabi_uldivmod
 .text          0x00000000080002dc       0x5c c:/st/stm32cubeide_1.9.0/stm32cubeide/plugins/com.st.stm32cube.ide.mcu.externaltools.gnu-tools-for-stm32.10.3-2021.10.win32_1.0.0.202111181127/tools/bin/../lib/gcc/arm-none-eabi/10.3.1/thumb/v6-m/nofp\libgcc.a(_muldi3.o)
                0x00000000080002dc                __muldi3
                0x00000000080002dc                __aeabi_lmul
 .text          0x0000000008000338      0x198 c:/st/stm32cubeide_1.9.0/stm32cubeide/plugins/com.st.stm32cube.ide.mcu.externaltools.gnu-tools-for-stm32.10.3-2021.10.win32_1.0.0.202111181127/tools/bin/../lib/gcc/arm-none-eabi/10.3.1/thumb/v6-m/nofp\libgcc.a(_udivmoddi4.o)
                0x0000000008000338                __udivmoddi4
 .text          0x00000000080004d0      0x5ec c:/st/stm32cubeide_1.9.0/stm32cubeide/plugins/com.st.stm32cube.ide.mcu.externaltools.gnu-tools-for-stm32.10.3-2021.10.win32_1.0.0.202111181127/tools/bin/../lib/gcc/arm-none-eabi/10.3.1/thumb/v6-m/nofp\libgcc.a(divdf3.o)
                0x00000000080004d0                __aeabi_ddiv
 .text          0x0000000008000abc       0x84 c:/st/stm32cubeide_1.9.0/stm32cubeide/plugins/com.st.stm32cube.ide.mcu.externaltools.gnu-tools-for-stm32.10.3-2021.10.win32_1.0.0.202111181127/tools/bin/../lib/gcc/arm-none-eabi/10.3.1/thumb/v6-m/nofp\libgcc.a(eqdf2.o)
                0x0000000008000abc                __nedf2
                0x0000000008000abc                __eqdf2
 .text          0x0000000008000b40       0xcc c:/st/stm32cubeide_1.9.0/stm32cubeide/plugins/com.st.stm32cube.ide.mcu.externaltools.gnu-tools-for-stm32.10.3-2021.10.win32_1.0.0.202111181127/tools/bin/../lib/gcc/arm-none-eabi/10.3.1/thumb/v6-m/nofp\libgcc.a(gedf2.o)
                0x0000000008000b40                __gedf2
                0x0000000008000b40                __gtdf2
 .text          0x0000000008000c0c       0xc8 c:/st/stm32cubeide_1.9.0/stm32cubeide/plugins/com.st.stm32cube.ide.mcu.externaltools.gnu-tools-for-stm32.10.3-2021.10.win32_1.0.0.202111181127/tools/bin/../lib/gcc/arm-none-eabi/10.3.1/thumb/v6-m/nofp\libgcc.a(ledf2.o)
                0x0000000008000c0c                __ledf2
                0x0000000008000c0c                __ltdf2
 .text          0x0000000008000cd4       0x4c c:/st/stm32cubeide_1.9.0/stm32cubeide/plugins/com.st.stm32cube.ide.mcu.externaltools.gnu-tools-for-stm32.10.3-2021.10.win32_1.0.0.202111181127/tools/bin/../lib/gcc/arm-none-eabi/10.3.1/thumb/v6-m/nofp\libgcc.a(floatunsidf.o)
                0x0000000008000cd4                __aeabi_ui2d
 .text          0x0000000008000d20       0x3c c:/st/stm32cubeide_1.9.0/stm32cubeide/plugins/com.st.stm32cube.ide.mcu.externaltools.gnu-tools-for-stm32.10.3-2021.10.win32_1.0.0.202111181127/tools/bin/../lib/gcc/arm-none-eabi/10.3.1/thumb/v6-m/nofp\libgcc.a(_clzsi2.o)
                0x0000000008000d20                __clzsi2
 .text          0x0000000008000d5c       0x18 c:/st/stm32cubeide_1.9.0/stm32cubeide/plugins/com.st.stm32cube.ide.mcu.externaltools.gnu-tools-for-stm32.10.3-2021.10.win32_1.0.0.202111181127/tools/bin/../lib/gcc/arm-none-eabi/10.3.1/thumb/v6-m/nofp\libgcc.a(_clzdi2.o)
                0x0000000008000d5c                __clzdi2
 *(.text*)
 .text.led_ring_bit
                0x0000000008000d74       0x62 ./APP/control_hardware.o
                0x0000000008000d74                led_ring_bit
 *fill*         0x0000000008000dd6        0x2 
 .text.led_ring_update
                0x0000000008000dd8       0xc8 ./APP/control_hardware.o
                0x0000000008000dd8                led_ring_update
 .text.read_ADC
                0x0000000008000ea0       0x64 ./Core/Src/main.o
                0x0000000008000ea0                read_ADC
 .text.main     0x0000000008000f04      0x204 ./Core/Src/main.o
                0x0000000008000f04                main
 .text.SystemClock_Config
                0x0000000008001108       0xb8 ./Core/Src/main.o
                0x0000000008001108                SystemClock_Config
 .text.MX_ADC_Init
                0x00000000080011c0       0xe4 ./Core/Src/main.o
 .text.MX_GPIO_Init
                0x00000000080012a4      0x144 ./Core/Src/main.o
 .text.Error_Handler
                0x00000000080013e8        0xa ./Core/Src/main.o
                0x00000000080013e8                Error_Handler
 *fill*         0x00000000080013f2        0x2 
 .text.HAL_MspInit
                0x00000000080013f4       0x28 ./Core/Src/stm32l0xx_hal_msp.o
                0x00000000080013f4                HAL_MspInit
 .text.HAL_ADC_MspInit
                0x000000000800141c       0x78 ./Core/Src/stm32l0xx_hal_msp.o
                0x000000000800141c                HAL_ADC_MspInit
 .text.NMI_Handler
                0x0000000008001494        0x6 ./Core/Src/stm32l0xx_it.o
                0x0000000008001494                NMI_Handler
 .text.HardFault_Handler
                0x000000000800149a        0x6 ./Core/Src/stm32l0xx_it.o
                0x000000000800149a                HardFault_Handler
 .text.SVC_Handler
                0x00000000080014a0        0xa ./Core/Src/stm32l0xx_it.o
                0x00000000080014a0                SVC_Handler
 .text.PendSV_Handler
                0x00000000080014aa        0xa ./Core/Src/stm32l0xx_it.o
                0x00000000080014aa                PendSV_Handler
 .text.SysTick_Handler
                0x00000000080014b4        0xe ./Core/Src/stm32l0xx_it.o
                0x00000000080014b4                SysTick_Handler
 .text.SystemInit
                0x00000000080014c2        0xa ./Core/Src/system_stm32l0xx.o
                0x00000000080014c2                SystemInit
 .text.Reset_Handler
                0x00000000080014cc       0x50 ./Core/Startup/startup_stm32l052k6tx.o
                0x00000000080014cc                Reset_Handler
 .text.Default_Handler
                0x000000000800151c        0x2 ./Core/Startup/startup_stm32l052k6tx.o
                0x000000000800151c                TSC_IRQHandler
                0x000000000800151c                ADC1_COMP_IRQHandler
                0x000000000800151c                PVD_IRQHandler
                0x000000000800151c                I2C1_IRQHandler
                0x000000000800151c                RCC_CRS_IRQHandler
                0x000000000800151c                SPI1_IRQHandler
                0x000000000800151c                TIM6_DAC_IRQHandler
                0x000000000800151c                EXTI2_3_IRQHandler
                0x000000000800151c                I2C2_IRQHandler
                0x000000000800151c                RTC_IRQHandler
                0x000000000800151c                DMA1_Channel4_5_6_7_IRQHandler
                0x000000000800151c                EXTI4_15_IRQHandler
                0x000000000800151c                DMA1_Channel1_IRQHandler
                0x000000000800151c                Default_Handler
                0x000000000800151c                TIM22_IRQHandler
                0x000000000800151c                EXTI0_1_IRQHandler
                0x000000000800151c                USB_IRQHandler
                0x000000000800151c                SPI2_IRQHandler
                0x000000000800151c                TIM21_IRQHandler
                0x000000000800151c                WWDG_IRQHandler
                0x000000000800151c                TIM2_IRQHandler
                0x000000000800151c                DMA1_Channel2_3_IRQHandler
                0x000000000800151c                USART2_IRQHandler
                0x000000000800151c                FLASH_IRQHandler
                0x000000000800151c                USART1_IRQHandler
                0x000000000800151c                RNG_LPUART1_IRQHandler
                0x000000000800151c                LPTIM1_IRQHandler
 *fill*         0x000000000800151e        0x2 
 .text.HAL_Init
                0x0000000008001520       0x40 ./Drivers/STM32L0xx_HAL_Driver/Src/stm32l0xx_hal.o
                0x0000000008001520                HAL_Init
 .text.HAL_InitTick
                0x0000000008001560       0x68 ./Drivers/STM32L0xx_HAL_Driver/Src/stm32l0xx_hal.o
                0x0000000008001560                HAL_InitTick
 .text.HAL_IncTick
                0x00000000080015c8       0x24 ./Drivers/STM32L0xx_HAL_Driver/Src/stm32l0xx_hal.o
                0x00000000080015c8                HAL_IncTick
 .text.HAL_GetTick
                0x00000000080015ec       0x14 ./Drivers/STM32L0xx_HAL_Driver/Src/stm32l0xx_hal.o
                0x00000000080015ec                HAL_GetTick
 .text.HAL_ADC_Init
                0x0000000008001600      0x2e8 ./Drivers/STM32L0xx_HAL_Driver/Src/stm32l0xx_hal_adc.o
                0x0000000008001600                HAL_ADC_Init
 .text.HAL_ADC_Start
                0x00000000080018e8       0xa8 ./Drivers/STM32L0xx_HAL_Driver/Src/stm32l0xx_hal_adc.o
                0x00000000080018e8                HAL_ADC_Start
 .text.HAL_ADC_Stop
                0x0000000008001990       0x80 ./Drivers/STM32L0xx_HAL_Driver/Src/stm32l0xx_hal_adc.o
                0x0000000008001990                HAL_ADC_Stop
 .text.HAL_ADC_PollForConversion
                0x0000000008001a10      0x138 ./Drivers/STM32L0xx_HAL_Driver/Src/stm32l0xx_hal_adc.o
                0x0000000008001a10                HAL_ADC_PollForConversion
 .text.HAL_ADC_GetValue
                0x0000000008001b48       0x16 ./Drivers/STM32L0xx_HAL_Driver/Src/stm32l0xx_hal_adc.o
                0x0000000008001b48                HAL_ADC_GetValue
 *fill*         0x0000000008001b5e        0x2 
 .text.HAL_ADC_ConfigChannel
                0x0000000008001b60      0x10c ./Drivers/STM32L0xx_HAL_Driver/Src/stm32l0xx_hal_adc.o
                0x0000000008001b60                HAL_ADC_ConfigChannel
 .text.ADC_Enable
                0x0000000008001c6c       0xd0 ./Drivers/STM32L0xx_HAL_Driver/Src/stm32l0xx_hal_adc.o
 .text.ADC_Disable
                0x0000000008001d3c       0xce ./Drivers/STM32L0xx_HAL_Driver/Src/stm32l0xx_hal_adc.o
 .text.ADC_ConversionStop
                0x0000000008001e0a       0x98 ./Drivers/STM32L0xx_HAL_Driver/Src/stm32l0xx_hal_adc.o
 *fill*         0x0000000008001ea2        0x2 
 .text.ADC_DelayMicroSecond
                0x0000000008001ea4       0x40 ./Drivers/STM32L0xx_HAL_Driver/Src/stm32l0xx_hal_adc.o
 .text.__NVIC_SetPriority
                0x0000000008001ee4       0xdc ./Drivers/STM32L0xx_HAL_Driver/Src/stm32l0xx_hal_cortex.o
 .text.SysTick_Config
                0x0000000008001fc0       0x48 ./Drivers/STM32L0xx_HAL_Driver/Src/stm32l0xx_hal_cortex.o
 .text.HAL_NVIC_SetPriority
                0x0000000008002008       0x2a ./Drivers/STM32L0xx_HAL_Driver/Src/stm32l0xx_hal_cortex.o
                0x0000000008002008                HAL_NVIC_SetPriority
 .text.HAL_SYSTICK_Config
                0x0000000008002032       0x1a ./Drivers/STM32L0xx_HAL_Driver/Src/stm32l0xx_hal_cortex.o
                0x0000000008002032                HAL_SYSTICK_Config
 .text.HAL_GPIO_Init
                0x000000000800204c      0x2ec ./Drivers/STM32L0xx_HAL_Driver/Src/stm32l0xx_hal_gpio.o
                0x000000000800204c                HAL_GPIO_Init
 .text.HAL_GPIO_WritePin
                0x0000000008002338       0x3a ./Drivers/STM32L0xx_HAL_Driver/Src/stm32l0xx_hal_gpio.o
                0x0000000008002338                HAL_GPIO_WritePin
 *fill*         0x0000000008002372        0x2 
 .text.HAL_RCC_OscConfig
                0x0000000008002374      0x788 ./Drivers/STM32L0xx_HAL_Driver/Src/stm32l0xx_hal_rcc.o
                0x0000000008002374                HAL_RCC_OscConfig
 .text.HAL_RCC_ClockConfig
                0x0000000008002afc      0x290 ./Drivers/STM32L0xx_HAL_Driver/Src/stm32l0xx_hal_rcc.o
                0x0000000008002afc                HAL_RCC_ClockConfig
 .text.HAL_RCC_GetSysClockFreq
                0x0000000008002d8c      0x14c ./Drivers/STM32L0xx_HAL_Driver/Src/stm32l0xx_hal_rcc.o
                0x0000000008002d8c                HAL_RCC_GetSysClockFreq
 .text.__libc_init_array
                0x0000000008002ed8       0x48 c:/st/stm32cubeide_1.9.0/stm32cubeide/plugins/com.st.stm32cube.ide.mcu.externaltools.gnu-tools-for-stm32.10.3-2021.10.win32_1.0.0.202111181127/tools/bin/../lib/gcc/arm-none-eabi/10.3.1/../../../../arm-none-eabi/lib/thumb/v6-m/nofp\libc_nano.a(lib_a-init.o)
                0x0000000008002ed8                __libc_init_array
 .text.memcpy   0x0000000008002f20       0x12 c:/st/stm32cubeide_1.9.0/stm32cubeide/plugins/com.st.stm32cube.ide.mcu.externaltools.gnu-tools-for-stm32.10.3-2021.10.win32_1.0.0.202111181127/tools/bin/../lib/gcc/arm-none-eabi/10.3.1/../../../../arm-none-eabi/lib/thumb/v6-m/nofp\libc_nano.a(lib_a-memcpy-stub.o)
                0x0000000008002f20                memcpy
 .text.memset   0x0000000008002f32       0x10 c:/st/stm32cubeide_1.9.0/stm32cubeide/plugins/com.st.stm32cube.ide.mcu.externaltools.gnu-tools-for-stm32.10.3-2021.10.win32_1.0.0.202111181127/tools/bin/../lib/gcc/arm-none-eabi/10.3.1/../../../../arm-none-eabi/lib/thumb/v6-m/nofp\libc_nano.a(lib_a-memset.o)
                0x0000000008002f32                memset
 *(.glue_7)
 .glue_7        0x0000000008002f42        0x0 linker stubs
 *(.glue_7t)
 .glue_7t       0x0000000008002f42        0x0 linker stubs
 *(.eh_frame)
 *fill*         0x0000000008002f42        0x2 
 .eh_frame      0x0000000008002f44        0x0 c:/st/stm32cubeide_1.9.0/stm32cubeide/plugins/com.st.stm32cube.ide.mcu.externaltools.gnu-tools-for-stm32.10.3-2021.10.win32_1.0.0.202111181127/tools/bin/../lib/gcc/arm-none-eabi/10.3.1/thumb/v6-m/nofp/crtbegin.o
 *(.init)
 .init          0x0000000008002f44        0x4 c:/st/stm32cubeide_1.9.0/stm32cubeide/plugins/com.st.stm32cube.ide.mcu.externaltools.gnu-tools-for-stm32.10.3-2021.10.win32_1.0.0.202111181127/tools/bin/../lib/gcc/arm-none-eabi/10.3.1/thumb/v6-m/nofp/crti.o
                0x0000000008002f44                _init
 .init          0x0000000008002f48        0x8 c:/st/stm32cubeide_1.9.0/stm32cubeide/plugins/com.st.stm32cube.ide.mcu.externaltools.gnu-tools-for-stm32.10.3-2021.10.win32_1.0.0.202111181127/tools/bin/../lib/gcc/arm-none-eabi/10.3.1/thumb/v6-m/nofp/crtn.o
 *(.fini)
 .fini          0x0000000008002f50        0x4 c:/st/stm32cubeide_1.9.0/stm32cubeide/plugins/com.st.stm32cube.ide.mcu.externaltools.gnu-tools-for-stm32.10.3-2021.10.win32_1.0.0.202111181127/tools/bin/../lib/gcc/arm-none-eabi/10.3.1/thumb/v6-m/nofp/crti.o
                0x0000000008002f50                _fini
 .fini          0x0000000008002f54        0x8 c:/st/stm32cubeide_1.9.0/stm32cubeide/plugins/com.st.stm32cube.ide.mcu.externaltools.gnu-tools-for-stm32.10.3-2021.10.win32_1.0.0.202111181127/tools/bin/../lib/gcc/arm-none-eabi/10.3.1/thumb/v6-m/nofp/crtn.o
                0x0000000008002f5c                . = ALIGN (0x4)
                0x0000000008002f5c                _etext = .

.vfp11_veneer   0x0000000008002f5c        0x0
 .vfp11_veneer  0x0000000008002f5c        0x0 linker stubs

.v4_bx          0x0000000008002f5c        0x0
 .v4_bx         0x0000000008002f5c        0x0 linker stubs

.iplt           0x0000000008002f5c        0x0
 .iplt          0x0000000008002f5c        0x0 c:/st/stm32cubeide_1.9.0/stm32cubeide/plugins/com.st.stm32cube.ide.mcu.externaltools.gnu-tools-for-stm32.10.3-2021.10.win32_1.0.0.202111181127/tools/bin/../lib/gcc/arm-none-eabi/10.3.1/thumb/v6-m/nofp/crtbegin.o

.rodata         0x0000000008002f5c       0xec
                0x0000000008002f5c                . = ALIGN (0x4)
 *(.rodata)
 .rodata        0x0000000008002f5c       0x90 ./Core/Src/main.o
 .rodata        0x0000000008002fec       0x40 c:/st/stm32cubeide_1.9.0/stm32cubeide/plugins/com.st.stm32cube.ide.mcu.externaltools.gnu-tools-for-stm32.10.3-2021.10.win32_1.0.0.202111181127/tools/bin/../lib/gcc/arm-none-eabi/10.3.1/thumb/v6-m/nofp\libgcc.a(divdf3.o)
 *(.rodata*)
 .rodata.AHBPrescTable
                0x000000000800302c       0x10 ./Core/Src/system_stm32l0xx.o
                0x000000000800302c                AHBPrescTable
 .rodata.PLLMulTable
                0x000000000800303c        0x9 ./Core/Src/system_stm32l0xx.o
                0x000000000800303c                PLLMulTable
                0x0000000008003048                . = ALIGN (0x4)
 *fill*         0x0000000008003045        0x3 

.ARM.extab      0x0000000008003048        0x0
                0x0000000008003048                . = ALIGN (0x4)
 *(.ARM.extab* .gnu.linkonce.armextab.*)
                0x0000000008003048                . = ALIGN (0x4)

.ARM            0x0000000008003048        0x8
                0x0000000008003048                . = ALIGN (0x4)
                0x0000000008003048                __exidx_start = .
 *(.ARM.exidx*)
 .ARM.exidx     0x0000000008003048        0x8 c:/st/stm32cubeide_1.9.0/stm32cubeide/plugins/com.st.stm32cube.ide.mcu.externaltools.gnu-tools-for-stm32.10.3-2021.10.win32_1.0.0.202111181127/tools/bin/../lib/gcc/arm-none-eabi/10.3.1/thumb/v6-m/nofp\libgcc.a(_udivmoddi4.o)
                0x0000000008003050                __exidx_end = .
                0x0000000008003050                . = ALIGN (0x4)

.rel.dyn        0x0000000008003050        0x0
 .rel.iplt      0x0000000008003050        0x0 c:/st/stm32cubeide_1.9.0/stm32cubeide/plugins/com.st.stm32cube.ide.mcu.externaltools.gnu-tools-for-stm32.10.3-2021.10.win32_1.0.0.202111181127/tools/bin/../lib/gcc/arm-none-eabi/10.3.1/thumb/v6-m/nofp/crtbegin.o

.preinit_array  0x0000000008003050        0x0
                0x0000000008003050                . = ALIGN (0x4)
                0x0000000008003050                PROVIDE (__preinit_array_start = .)
 *(.preinit_array*)
                0x0000000008003050                PROVIDE (__preinit_array_end = .)
                0x0000000008003050                . = ALIGN (0x4)

.init_array     0x0000000008003050        0x4
                0x0000000008003050                . = ALIGN (0x4)
                0x0000000008003050                PROVIDE (__init_array_start = .)
 *(SORT_BY_NAME(.init_array.*))
 *(.init_array*)
 .init_array    0x0000000008003050        0x4 c:/st/stm32cubeide_1.9.0/stm32cubeide/plugins/com.st.stm32cube.ide.mcu.externaltools.gnu-tools-for-stm32.10.3-2021.10.win32_1.0.0.202111181127/tools/bin/../lib/gcc/arm-none-eabi/10.3.1/thumb/v6-m/nofp/crtbegin.o
                0x0000000008003054                PROVIDE (__init_array_end = .)
                0x0000000008003054                . = ALIGN (0x4)

.fini_array     0x0000000008003054        0x4
                0x0000000008003054                . = ALIGN (0x4)
                [!provide]                        PROVIDE (__fini_array_start = .)
 *(SORT_BY_NAME(.fini_array.*))
 *(.fini_array*)
 .fini_array    0x0000000008003054        0x4 c:/st/stm32cubeide_1.9.0/stm32cubeide/plugins/com.st.stm32cube.ide.mcu.externaltools.gnu-tools-for-stm32.10.3-2021.10.win32_1.0.0.202111181127/tools/bin/../lib/gcc/arm-none-eabi/10.3.1/thumb/v6-m/nofp/crtbegin.o
                [!provide]                        PROVIDE (__fini_array_end = .)
                0x0000000008003058                . = ALIGN (0x4)
                0x0000000008003058                _sidata = LOADADDR (.data)

.data           0x0000000020000000        0xc load address 0x0000000008003058
                0x0000000020000000                . = ALIGN (0x4)
                0x0000000020000000                _sdata = .
 *(.data)
 *(.data*)
 .data.SystemCoreClock
                0x0000000020000000        0x4 ./Core/Src/system_stm32l0xx.o
                0x0000000020000000                SystemCoreClock
 .data.uwTickPrio
                0x0000000020000004        0x4 ./Drivers/STM32L0xx_HAL_Driver/Src/stm32l0xx_hal.o
                0x0000000020000004                uwTickPrio
 .data.uwTickFreq
                0x0000000020000008        0x1 ./Drivers/STM32L0xx_HAL_Driver/Src/stm32l0xx_hal.o
                0x0000000020000008                uwTickFreq
 *(.RamFunc)
 *(.RamFunc*)
                0x000000002000000c                . = ALIGN (0x4)
 *fill*         0x0000000020000009        0x3 
                0x000000002000000c                _edata = .

.igot.plt       0x000000002000000c        0x0 load address 0x0000000008003064
 .igot.plt      0x000000002000000c        0x0 c:/st/stm32cubeide_1.9.0/stm32cubeide/plugins/com.st.stm32cube.ide.mcu.externaltools.gnu-tools-for-stm32.10.3-2021.10.win32_1.0.0.202111181127/tools/bin/../lib/gcc/arm-none-eabi/10.3.1/thumb/v6-m/nofp/crtbegin.o
                0x000000002000000c                . = ALIGN (0x4)

.bss            0x000000002000000c       0x7c load address 0x0000000008003064
                0x000000002000000c                _sbss = .
                0x000000002000000c                __bss_start__ = _sbss
 *(.bss)
 .bss           0x000000002000000c       0x1c c:/st/stm32cubeide_1.9.0/stm32cubeide/plugins/com.st.stm32cube.ide.mcu.externaltools.gnu-tools-for-stm32.10.3-2021.10.win32_1.0.0.202111181127/tools/bin/../lib/gcc/arm-none-eabi/10.3.1/thumb/v6-m/nofp/crtbegin.o
 *(.bss*)
 .bss.hadc      0x0000000020000028       0x5c ./Core/Src/main.o
                0x0000000020000028                hadc
 .bss.uwTick    0x0000000020000084        0x4 ./Drivers/STM32L0xx_HAL_Driver/Src/stm32l0xx_hal.o
                0x0000000020000084                uwTick
 *(COMMON)
                0x0000000020000088                . = ALIGN (0x4)
                0x0000000020000088                _ebss = .
                0x0000000020000088                __bss_end__ = _ebss

._user_heap_stack
                0x0000000020000088      0x600 load address 0x0000000008003064
                0x0000000020000088                . = ALIGN (0x8)
                [!provide]                        PROVIDE (end = .)
                0x0000000020000088                PROVIDE (_end = .)
                0x0000000020000288                . = (. + _Min_Heap_Size)
 *fill*         0x0000000020000088      0x200 
                0x0000000020000688                . = (. + _Min_Stack_Size)
 *fill*         0x0000000020000288      0x400 
                0x0000000020000688                . = ALIGN (0x8)

/DISCARD/
 libc.a(*)
 libm.a(*)
 libgcc.a(*)

.ARM.attributes
                0x0000000000000000       0x28
 *(.ARM.attributes)
 .ARM.attributes
                0x0000000000000000       0x1e c:/st/stm32cubeide_1.9.0/stm32cubeide/plugins/com.st.stm32cube.ide.mcu.externaltools.gnu-tools-for-stm32.10.3-2021.10.win32_1.0.0.202111181127/tools/bin/../lib/gcc/arm-none-eabi/10.3.1/thumb/v6-m/nofp/crti.o
 .ARM.attributes
                0x000000000000001e       0x2c c:/st/stm32cubeide_1.9.0/stm32cubeide/plugins/com.st.stm32cube.ide.mcu.externaltools.gnu-tools-for-stm32.10.3-2021.10.win32_1.0.0.202111181127/tools/bin/../lib/gcc/arm-none-eabi/10.3.1/thumb/v6-m/nofp/crtbegin.o
 .ARM.attributes
                0x000000000000004a       0x2c ./APP/control_hardware.o
 .ARM.attributes
                0x0000000000000076       0x2c ./Core/Src/main.o
 .ARM.attributes
                0x00000000000000a2       0x2c ./Core/Src/stm32l0xx_hal_msp.o
 .ARM.attributes
                0x00000000000000ce       0x2c ./Core/Src/stm32l0xx_it.o
 .ARM.attributes
                0x00000000000000fa       0x2c ./Core/Src/system_stm32l0xx.o
 .ARM.attributes
                0x0000000000000126       0x22 ./Core/Startup/startup_stm32l052k6tx.o
 .ARM.attributes
                0x0000000000000148       0x2c ./Drivers/STM32L0xx_HAL_Driver/Src/stm32l0xx_hal.o
 .ARM.attributes
                0x0000000000000174       0x2c ./Drivers/STM32L0xx_HAL_Driver/Src/stm32l0xx_hal_adc.o
 .ARM.attributes
                0x00000000000001a0       0x2c ./Drivers/STM32L0xx_HAL_Driver/Src/stm32l0xx_hal_cortex.o
 .ARM.attributes
                0x00000000000001cc       0x2c ./Drivers/STM32L0xx_HAL_Driver/Src/stm32l0xx_hal_gpio.o
 .ARM.attributes
                0x00000000000001f8       0x2c ./Drivers/STM32L0xx_HAL_Driver/Src/stm32l0xx_hal_rcc.o
 .ARM.attributes
                0x0000000000000224       0x2c c:/st/stm32cubeide_1.9.0/stm32cubeide/plugins/com.st.stm32cube.ide.mcu.externaltools.gnu-tools-for-stm32.10.3-2021.10.win32_1.0.0.202111181127/tools/bin/../lib/gcc/arm-none-eabi/10.3.1/../../../../arm-none-eabi/lib/thumb/v6-m/nofp\libc_nano.a(lib_a-init.o)
 .ARM.attributes
                0x0000000000000250       0x2c c:/st/stm32cubeide_1.9.0/stm32cubeide/plugins/com.st.stm32cube.ide.mcu.externaltools.gnu-tools-for-stm32.10.3-2021.10.win32_1.0.0.202111181127/tools/bin/../lib/gcc/arm-none-eabi/10.3.1/../../../../arm-none-eabi/lib/thumb/v6-m/nofp\libc_nano.a(lib_a-memcpy-stub.o)
 .ARM.attributes
                0x000000000000027c       0x2c c:/st/stm32cubeide_1.9.0/stm32cubeide/plugins/com.st.stm32cube.ide.mcu.externaltools.gnu-tools-for-stm32.10.3-2021.10.win32_1.0.0.202111181127/tools/bin/../lib/gcc/arm-none-eabi/10.3.1/../../../../arm-none-eabi/lib/thumb/v6-m/nofp\libc_nano.a(lib_a-memset.o)
 .ARM.attributes
                0x00000000000002a8       0x1e c:/st/stm32cubeide_1.9.0/stm32cubeide/plugins/com.st.stm32cube.ide.mcu.externaltools.gnu-tools-for-stm32.10.3-2021.10.win32_1.0.0.202111181127/tools/bin/../lib/gcc/arm-none-eabi/10.3.1/thumb/v6-m/nofp\libgcc.a(_udivsi3.o)
 .ARM.attributes
                0x00000000000002c6       0x1e c:/st/stm32cubeide_1.9.0/stm32cubeide/plugins/com.st.stm32cube.ide.mcu.externaltools.gnu-tools-for-stm32.10.3-2021.10.win32_1.0.0.202111181127/tools/bin/../lib/gcc/arm-none-eabi/10.3.1/thumb/v6-m/nofp\libgcc.a(_dvmd_tls.o)
 .ARM.attributes
                0x00000000000002e4       0x1e c:/st/stm32cubeide_1.9.0/stm32cubeide/plugins/com.st.stm32cube.ide.mcu.externaltools.gnu-tools-for-stm32.10.3-2021.10.win32_1.0.0.202111181127/tools/bin/../lib/gcc/arm-none-eabi/10.3.1/thumb/v6-m/nofp\libgcc.a(_arm_cmpdf2.o)
 .ARM.attributes
                0x0000000000000302       0x1e c:/st/stm32cubeide_1.9.0/stm32cubeide/plugins/com.st.stm32cube.ide.mcu.externaltools.gnu-tools-for-stm32.10.3-2021.10.win32_1.0.0.202111181127/tools/bin/../lib/gcc/arm-none-eabi/10.3.1/thumb/v6-m/nofp\libgcc.a(_aeabi_uldivmod.o)
 .ARM.attributes
                0x0000000000000320       0x2c c:/st/stm32cubeide_1.9.0/stm32cubeide/plugins/com.st.stm32cube.ide.mcu.externaltools.gnu-tools-for-stm32.10.3-2021.10.win32_1.0.0.202111181127/tools/bin/../lib/gcc/arm-none-eabi/10.3.1/thumb/v6-m/nofp\libgcc.a(_muldi3.o)
 .ARM.attributes
                0x000000000000034c       0x2c c:/st/stm32cubeide_1.9.0/stm32cubeide/plugins/com.st.stm32cube.ide.mcu.externaltools.gnu-tools-for-stm32.10.3-2021.10.win32_1.0.0.202111181127/tools/bin/../lib/gcc/arm-none-eabi/10.3.1/thumb/v6-m/nofp\libgcc.a(_udivmoddi4.o)
 .ARM.attributes
                0x0000000000000378       0x2c c:/st/stm32cubeide_1.9.0/stm32cubeide/plugins/com.st.stm32cube.ide.mcu.externaltools.gnu-tools-for-stm32.10.3-2021.10.win32_1.0.0.202111181127/tools/bin/../lib/gcc/arm-none-eabi/10.3.1/thumb/v6-m/nofp\libgcc.a(divdf3.o)
 .ARM.attributes
                0x00000000000003a4       0x2c c:/st/stm32cubeide_1.9.0/stm32cubeide/plugins/com.st.stm32cube.ide.mcu.externaltools.gnu-tools-for-stm32.10.3-2021.10.win32_1.0.0.202111181127/tools/bin/../lib/gcc/arm-none-eabi/10.3.1/thumb/v6-m/nofp\libgcc.a(eqdf2.o)
 .ARM.attributes
                0x00000000000003d0       0x2c c:/st/stm32cubeide_1.9.0/stm32cubeide/plugins/com.st.stm32cube.ide.mcu.externaltools.gnu-tools-for-stm32.10.3-2021.10.win32_1.0.0.202111181127/tools/bin/../lib/gcc/arm-none-eabi/10.3.1/thumb/v6-m/nofp\libgcc.a(gedf2.o)
 .ARM.attributes
                0x00000000000003fc       0x2c c:/st/stm32cubeide_1.9.0/stm32cubeide/plugins/com.st.stm32cube.ide.mcu.externaltools.gnu-tools-for-stm32.10.3-2021.10.win32_1.0.0.202111181127/tools/bin/../lib/gcc/arm-none-eabi/10.3.1/thumb/v6-m/nofp\libgcc.a(ledf2.o)
 .ARM.attributes
                0x0000000000000428       0x2c c:/st/stm32cubeide_1.9.0/stm32cubeide/plugins/com.st.stm32cube.ide.mcu.externaltools.gnu-tools-for-stm32.10.3-2021.10.win32_1.0.0.202111181127/tools/bin/../lib/gcc/arm-none-eabi/10.3.1/thumb/v6-m/nofp\libgcc.a(floatunsidf.o)
 .ARM.attributes
                0x0000000000000454       0x1e c:/st/stm32cubeide_1.9.0/stm32cubeide/plugins/com.st.stm32cube.ide.mcu.externaltools.gnu-tools-for-stm32.10.3-2021.10.win32_1.0.0.202111181127/tools/bin/../lib/gcc/arm-none-eabi/10.3.1/thumb/v6-m/nofp\libgcc.a(_clzsi2.o)
 .ARM.attributes
                0x0000000000000472       0x1e c:/st/stm32cubeide_1.9.0/stm32cubeide/plugins/com.st.stm32cube.ide.mcu.externaltools.gnu-tools-for-stm32.10.3-2021.10.win32_1.0.0.202111181127/tools/bin/../lib/gcc/arm-none-eabi/10.3.1/thumb/v6-m/nofp\libgcc.a(_clzdi2.o)
 .ARM.attributes
                0x0000000000000490       0x1e c:/st/stm32cubeide_1.9.0/stm32cubeide/plugins/com.st.stm32cube.ide.mcu.externaltools.gnu-tools-for-stm32.10.3-2021.10.win32_1.0.0.202111181127/tools/bin/../lib/gcc/arm-none-eabi/10.3.1/thumb/v6-m/nofp/crtn.o
OUTPUT(ADC_GPIO.elf elf32-littlearm)
LOAD linker stubs
LOAD c:/st/stm32cubeide_1.9.0/stm32cubeide/plugins/com.st.stm32cube.ide.mcu.externaltools.gnu-tools-for-stm32.10.3-2021.10.win32_1.0.0.202111181127/tools/bin/../lib/gcc/arm-none-eabi/10.3.1/../../../../arm-none-eabi/lib/thumb/v6-m/nofp\libc.a
LOAD c:/st/stm32cubeide_1.9.0/stm32cubeide/plugins/com.st.stm32cube.ide.mcu.externaltools.gnu-tools-for-stm32.10.3-2021.10.win32_1.0.0.202111181127/tools/bin/../lib/gcc/arm-none-eabi/10.3.1/../../../../arm-none-eabi/lib/thumb/v6-m/nofp\libm.a
LOAD c:/st/stm32cubeide_1.9.0/stm32cubeide/plugins/com.st.stm32cube.ide.mcu.externaltools.gnu-tools-for-stm32.10.3-2021.10.win32_1.0.0.202111181127/tools/bin/../lib/gcc/arm-none-eabi/10.3.1/thumb/v6-m/nofp\libgcc.a

.debug_info     0x0000000000000000     0x4bb8
 .debug_info    0x0000000000000000      0x24f ./APP/control_hardware.o
 .debug_info    0x000000000000024f      0xd1a ./Core/Src/main.o
 .debug_info    0x0000000000000f69      0x8a4 ./Core/Src/stm32l0xx_hal_msp.o
 .debug_info    0x000000000000180d       0xda ./Core/Src/stm32l0xx_it.o
 .debug_info    0x00000000000018e7      0x309 ./Core/Src/system_stm32l0xx.o
 .debug_info    0x0000000000001bf0       0x22 ./Core/Startup/startup_stm32l052k6tx.o
 .debug_info    0x0000000000001c12      0x89e ./Drivers/STM32L0xx_HAL_Driver/Src/stm32l0xx_hal.o
 .debug_info    0x00000000000024b0      0xd71 ./Drivers/STM32L0xx_HAL_Driver/Src/stm32l0xx_hal_adc.o
 .debug_info    0x0000000000003221      0x8c3 ./Drivers/STM32L0xx_HAL_Driver/Src/stm32l0xx_hal_cortex.o
 .debug_info    0x0000000000003ae4      0x6a3 ./Drivers/STM32L0xx_HAL_Driver/Src/stm32l0xx_hal_gpio.o
 .debug_info    0x0000000000004187      0xa31 ./Drivers/STM32L0xx_HAL_Driver/Src/stm32l0xx_hal_rcc.o

.debug_abbrev   0x0000000000000000     0x1291
 .debug_abbrev  0x0000000000000000      0x13f ./APP/control_hardware.o
 .debug_abbrev  0x000000000000013f      0x277 ./Core/Src/main.o
 .debug_abbrev  0x00000000000003b6      0x19a ./Core/Src/stm32l0xx_hal_msp.o
 .debug_abbrev  0x0000000000000550       0x74 ./Core/Src/stm32l0xx_it.o
 .debug_abbrev  0x00000000000005c4      0x116 ./Core/Src/system_stm32l0xx.o
 .debug_abbrev  0x00000000000006da       0x12 ./Core/Startup/startup_stm32l052k6tx.o
 .debug_abbrev  0x00000000000006ec      0x29a ./Drivers/STM32L0xx_HAL_Driver/Src/stm32l0xx_hal.o
 .debug_abbrev  0x0000000000000986      0x234 ./Drivers/STM32L0xx_HAL_Driver/Src/stm32l0xx_hal_adc.o
 .debug_abbrev  0x0000000000000bba      0x28e ./Drivers/STM32L0xx_HAL_Driver/Src/stm32l0xx_hal_cortex.o
 .debug_abbrev  0x0000000000000e48      0x1bb ./Drivers/STM32L0xx_HAL_Driver/Src/stm32l0xx_hal_gpio.o
 .debug_abbrev  0x0000000000001003      0x28e ./Drivers/STM32L0xx_HAL_Driver/Src/stm32l0xx_hal_rcc.o

.debug_aranges  0x0000000000000000      0x4f8
 .debug_aranges
                0x0000000000000000       0x30 ./APP/control_hardware.o
 .debug_aranges
                0x0000000000000030       0x48 ./Core/Src/main.o
 .debug_aranges
                0x0000000000000078       0x30 ./Core/Src/stm32l0xx_hal_msp.o
 .debug_aranges
                0x00000000000000a8       0x40 ./Core/Src/stm32l0xx_it.o
 .debug_aranges
                0x00000000000000e8       0x28 ./Core/Src/system_stm32l0xx.o
 .debug_aranges
                0x0000000000000110       0x28 ./Core/Startup/startup_stm32l052k6tx.o
 .debug_aranges
                0x0000000000000138      0x110 ./Drivers/STM32L0xx_HAL_Driver/Src/stm32l0xx_hal.o
 .debug_aranges
                0x0000000000000248      0x100 ./Drivers/STM32L0xx_HAL_Driver/Src/stm32l0xx_hal_adc.o
 .debug_aranges
                0x0000000000000348       0xd8 ./Drivers/STM32L0xx_HAL_Driver/Src/stm32l0xx_hal_cortex.o
 .debug_aranges
                0x0000000000000420       0x58 ./Drivers/STM32L0xx_HAL_Driver/Src/stm32l0xx_hal_gpio.o
 .debug_aranges
                0x0000000000000478       0x80 ./Drivers/STM32L0xx_HAL_Driver/Src/stm32l0xx_hal_rcc.o

.debug_ranges   0x0000000000000000      0x450
 .debug_ranges  0x0000000000000000       0x20 ./APP/control_hardware.o
 .debug_ranges  0x0000000000000020       0x38 ./Core/Src/main.o
 .debug_ranges  0x0000000000000058       0x20 ./Core/Src/stm32l0xx_hal_msp.o
 .debug_ranges  0x0000000000000078       0x30 ./Core/Src/stm32l0xx_it.o
 .debug_ranges  0x00000000000000a8       0x18 ./Core/Src/system_stm32l0xx.o
 .debug_ranges  0x00000000000000c0       0x20 ./Core/Startup/startup_stm32l052k6tx.o
 .debug_ranges  0x00000000000000e0      0x100 ./Drivers/STM32L0xx_HAL_Driver/Src/stm32l0xx_hal.o
 .debug_ranges  0x00000000000001e0       0xf0 ./Drivers/STM32L0xx_HAL_Driver/Src/stm32l0xx_hal_adc.o
 .debug_ranges  0x00000000000002d0       0xc8 ./Drivers/STM32L0xx_HAL_Driver/Src/stm32l0xx_hal_cortex.o
 .debug_ranges  0x0000000000000398       0x48 ./Drivers/STM32L0xx_HAL_Driver/Src/stm32l0xx_hal_gpio.o
 .debug_ranges  0x00000000000003e0       0x70 ./Drivers/STM32L0xx_HAL_Driver/Src/stm32l0xx_hal_rcc.o

.debug_macro    0x0000000000000000    0x12626
 .debug_macro   0x0000000000000000      0x1d2 ./APP/control_hardware.o
 .debug_macro   0x00000000000001d2      0xa4e ./APP/control_hardware.o
 .debug_macro   0x0000000000000c20      0x11f ./APP/control_hardware.o
 .debug_macro   0x0000000000000d3f       0x2e ./APP/control_hardware.o
 .debug_macro   0x0000000000000d6d       0x28 ./APP/control_hardware.o
 .debug_macro   0x0000000000000d95       0x22 ./APP/control_hardware.o
 .debug_macro   0x0000000000000db7       0x8e ./APP/control_hardware.o
 .debug_macro   0x0000000000000e45       0x51 ./APP/control_hardware.o
 .debug_macro   0x0000000000000e96      0x103 ./APP/control_hardware.o
 .debug_macro   0x0000000000000f99       0x6a ./APP/control_hardware.o
 .debug_macro   0x0000000000001003      0x1df ./APP/control_hardware.o
 .debug_macro   0x00000000000011e2       0x1c ./APP/control_hardware.o
 .debug_macro   0x00000000000011fe       0x22 ./APP/control_hardware.o
 .debug_macro   0x0000000000001220       0xaf ./APP/control_hardware.o
 .debug_macro   0x00000000000012cf      0x4da ./APP/control_hardware.o
 .debug_macro   0x00000000000017a9      0x11f ./APP/control_hardware.o
 .debug_macro   0x00000000000018c8     0x99d3 ./APP/control_hardware.o
 .debug_macro   0x000000000000b29b       0x66 ./APP/control_hardware.o
 .debug_macro   0x000000000000b301     0x355c ./APP/control_hardware.o
 .debug_macro   0x000000000000e85d      0x174 ./APP/control_hardware.o
 .debug_macro   0x000000000000e9d1       0x5b ./APP/control_hardware.o
 .debug_macro   0x000000000000ea2c      0x8d6 ./APP/control_hardware.o
 .debug_macro   0x000000000000f302      0x970 ./APP/control_hardware.o
 .debug_macro   0x000000000000fc72      0x190 ./APP/control_hardware.o
 .debug_macro   0x000000000000fe02      0x13f ./APP/control_hardware.o
 .debug_macro   0x000000000000ff41      0x176 ./APP/control_hardware.o
 .debug_macro   0x00000000000100b7       0x82 ./APP/control_hardware.o
 .debug_macro   0x0000000000010139      0x28e ./APP/control_hardware.o
 .debug_macro   0x00000000000103c7      0x1e9 ./APP/control_hardware.o
 .debug_macro   0x00000000000105b0      0x4e1 ./APP/control_hardware.o
 .debug_macro   0x0000000000010a91       0x65 ./APP/control_hardware.o
 .debug_macro   0x0000000000010af6      0x129 ./APP/control_hardware.o
 .debug_macro   0x0000000000010c1f      0x2b4 ./APP/control_hardware.o
 .debug_macro   0x0000000000010ed3      0x22c ./APP/control_hardware.o
 .debug_macro   0x00000000000110ff       0x5b ./APP/control_hardware.o
 .debug_macro   0x000000000001115a       0xa5 ./APP/control_hardware.o
 .debug_macro   0x00000000000111ff      0x187 ./APP/control_hardware.o
 .debug_macro   0x0000000000011386       0x16 ./APP/control_hardware.o
 .debug_macro   0x000000000001139c      0x146 ./APP/control_hardware.o
 .debug_macro   0x00000000000114e2       0xdc ./APP/control_hardware.o
 .debug_macro   0x00000000000115be       0x16 ./APP/control_hardware.o
 .debug_macro   0x00000000000115d4      0x1fc ./Core/Src/main.o
 .debug_macro   0x00000000000117d0      0x1c9 ./Core/Src/stm32l0xx_hal_msp.o
 .debug_macro   0x0000000000011999      0x1d3 ./Core/Src/stm32l0xx_it.o
 .debug_macro   0x0000000000011b6c      0x1ba ./Core/Src/system_stm32l0xx.o
 .debug_macro   0x0000000000011d26      0x1de ./Drivers/STM32L0xx_HAL_Driver/Src/stm32l0xx_hal.o
 .debug_macro   0x0000000000011f04      0x1c9 ./Drivers/STM32L0xx_HAL_Driver/Src/stm32l0xx_hal_adc.o
 .debug_macro   0x00000000000120cd      0x1ba ./Drivers/STM32L0xx_HAL_Driver/Src/stm32l0xx_hal_cortex.o
 .debug_macro   0x0000000000012287      0x1c1 ./Drivers/STM32L0xx_HAL_Driver/Src/stm32l0xx_hal_gpio.o
 .debug_macro   0x0000000000012448      0x1de ./Drivers/STM32L0xx_HAL_Driver/Src/stm32l0xx_hal_rcc.o

.debug_line     0x0000000000000000     0x65a3
 .debug_line    0x0000000000000000      0x796 ./APP/control_hardware.o
 .debug_line    0x0000000000000796      0x8e5 ./Core/Src/main.o
 .debug_line    0x000000000000107b      0x701 ./Core/Src/stm32l0xx_hal_msp.o
 .debug_line    0x000000000000177c      0x71f ./Core/Src/stm32l0xx_it.o
 .debug_line    0x0000000000001e9b      0x76b ./Core/Src/system_stm32l0xx.o
 .debug_line    0x0000000000002606       0x89 ./Core/Startup/startup_stm32l052k6tx.o
 .debug_line    0x000000000000268f      0xa0e ./Drivers/STM32L0xx_HAL_Driver/Src/stm32l0xx_hal.o
 .debug_line    0x000000000000309d     0x1103 ./Drivers/STM32L0xx_HAL_Driver/Src/stm32l0xx_hal_adc.o
 .debug_line    0x00000000000041a0      0xadc ./Drivers/STM32L0xx_HAL_Driver/Src/stm32l0xx_hal_cortex.o
 .debug_line    0x0000000000004c7c      0xa9e ./Drivers/STM32L0xx_HAL_Driver/Src/stm32l0xx_hal_gpio.o
 .debug_line    0x000000000000571a      0xe89 ./Drivers/STM32L0xx_HAL_Driver/Src/stm32l0xx_hal_rcc.o

.debug_str      0x0000000000000000    0x71504
 .debug_str     0x0000000000000000    0x6fbcc ./APP/control_hardware.o
                                      0x6feaf (size before relaxing)
 .debug_str     0x000000000006fbcc      0x8c3 ./Core/Src/main.o
                                      0x70773 (size before relaxing)
 .debug_str     0x000000000007048f       0x5e ./Core/Src/stm32l0xx_hal_msp.o
                                      0x7025b (size before relaxing)
 .debug_str     0x00000000000704ed       0x82 ./Core/Src/stm32l0xx_it.o
                                      0x6fd6a (size before relaxing)
 .debug_str     0x000000000007056f       0x99 ./Core/Src/system_stm32l0xx.o
                                      0x6fb1e (size before relaxing)
 .debug_str     0x0000000000070608       0x36 ./Core/Startup/startup_stm32l052k6tx.o
                                         0x77 (size before relaxing)
 .debug_str     0x000000000007063e      0x5c9 ./Drivers/STM32L0xx_HAL_Driver/Src/stm32l0xx_hal.o
                                      0x7020a (size before relaxing)
 .debug_str     0x0000000000070c07      0x308 ./Drivers/STM32L0xx_HAL_Driver/Src/stm32l0xx_hal_adc.o
                                      0x701fa (size before relaxing)
 .debug_str     0x0000000000070f0f      0x299 ./Drivers/STM32L0xx_HAL_Driver/Src/stm32l0xx_hal_cortex.o
                                      0x6ff6e (size before relaxing)
 .debug_str     0x00000000000711a8       0xfe ./Drivers/STM32L0xx_HAL_Driver/Src/stm32l0xx_hal_gpio.o
                                      0x6fcbe (size before relaxing)
 .debug_str     0x00000000000712a6      0x25e ./Drivers/STM32L0xx_HAL_Driver/Src/stm32l0xx_hal_rcc.o
                                      0x70002 (size before relaxing)

.comment        0x0000000000000000       0x50
 .comment       0x0000000000000000       0x50 ./APP/control_hardware.o
                                         0x51 (size before relaxing)
 .comment       0x0000000000000050       0x51 ./Core/Src/main.o
 .comment       0x0000000000000050       0x51 ./Core/Src/stm32l0xx_hal_msp.o
 .comment       0x0000000000000050       0x51 ./Core/Src/stm32l0xx_it.o
 .comment       0x0000000000000050       0x51 ./Core/Src/system_stm32l0xx.o
 .comment       0x0000000000000050       0x51 ./Drivers/STM32L0xx_HAL_Driver/Src/stm32l0xx_hal.o
 .comment       0x0000000000000050       0x51 ./Drivers/STM32L0xx_HAL_Driver/Src/stm32l0xx_hal_adc.o
 .comment       0x0000000000000050       0x51 ./Drivers/STM32L0xx_HAL_Driver/Src/stm32l0xx_hal_cortex.o
 .comment       0x0000000000000050       0x51 ./Drivers/STM32L0xx_HAL_Driver/Src/stm32l0xx_hal_gpio.o
 .comment       0x0000000000000050       0x51 ./Drivers/STM32L0xx_HAL_Driver/Src/stm32l0xx_hal_rcc.o

.debug_frame    0x0000000000000000     0x11a4
 .debug_frame   0x0000000000000000       0x74 ./APP/control_hardware.o
 .debug_frame   0x0000000000000074       0xcc ./Core/Src/main.o
 .debug_frame   0x0000000000000140       0x6c ./Core/Src/stm32l0xx_hal_msp.o
 .debug_frame   0x00000000000001ac       0x9c ./Core/Src/stm32l0xx_it.o
 .debug_frame   0x0000000000000248       0x4c ./Core/Src/system_stm32l0xx.o
 .debug_frame   0x0000000000000294      0x394 ./Drivers/STM32L0xx_HAL_Driver/Src/stm32l0xx_hal.o
 .debug_frame   0x0000000000000628      0x3c0 ./Drivers/STM32L0xx_HAL_Driver/Src/stm32l0xx_hal_adc.o
 .debug_frame   0x00000000000009e8      0x2fc ./Drivers/STM32L0xx_HAL_Driver/Src/stm32l0xx_hal_cortex.o
 .debug_frame   0x0000000000000ce4      0x110 ./Drivers/STM32L0xx_HAL_Driver/Src/stm32l0xx_hal_gpio.o
 .debug_frame   0x0000000000000df4      0x1a8 ./Drivers/STM32L0xx_HAL_Driver/Src/stm32l0xx_hal_rcc.o
 .debug_frame   0x0000000000000f9c       0x2c c:/st/stm32cubeide_1.9.0/stm32cubeide/plugins/com.st.stm32cube.ide.mcu.externaltools.gnu-tools-for-stm32.10.3-2021.10.win32_1.0.0.202111181127/tools/bin/../lib/gcc/arm-none-eabi/10.3.1/../../../../arm-none-eabi/lib/thumb/v6-m/nofp\libc_nano.a(lib_a-init.o)
 .debug_frame   0x0000000000000fc8       0x28 c:/st/stm32cubeide_1.9.0/stm32cubeide/plugins/com.st.stm32cube.ide.mcu.externaltools.gnu-tools-for-stm32.10.3-2021.10.win32_1.0.0.202111181127/tools/bin/../lib/gcc/arm-none-eabi/10.3.1/../../../../arm-none-eabi/lib/thumb/v6-m/nofp\libc_nano.a(lib_a-memcpy-stub.o)
 .debug_frame   0x0000000000000ff0       0x20 c:/st/stm32cubeide_1.9.0/stm32cubeide/plugins/com.st.stm32cube.ide.mcu.externaltools.gnu-tools-for-stm32.10.3-2021.10.win32_1.0.0.202111181127/tools/bin/../lib/gcc/arm-none-eabi/10.3.1/../../../../arm-none-eabi/lib/thumb/v6-m/nofp\libc_nano.a(lib_a-memset.o)
 .debug_frame   0x0000000000001010       0x20 c:/st/stm32cubeide_1.9.0/stm32cubeide/plugins/com.st.stm32cube.ide.mcu.externaltools.gnu-tools-for-stm32.10.3-2021.10.win32_1.0.0.202111181127/tools/bin/../lib/gcc/arm-none-eabi/10.3.1/thumb/v6-m/nofp\libgcc.a(_udivsi3.o)
 .debug_frame   0x0000000000001030       0x34 c:/st/stm32cubeide_1.9.0/stm32cubeide/plugins/com.st.stm32cube.ide.mcu.externaltools.gnu-tools-for-stm32.10.3-2021.10.win32_1.0.0.202111181127/tools/bin/../lib/gcc/arm-none-eabi/10.3.1/thumb/v6-m/nofp\libgcc.a(_muldi3.o)
 .debug_frame   0x0000000000001064       0x3c c:/st/stm32cubeide_1.9.0/stm32cubeide/plugins/com.st.stm32cube.ide.mcu.externaltools.gnu-tools-for-stm32.10.3-2021.10.win32_1.0.0.202111181127/tools/bin/../lib/gcc/arm-none-eabi/10.3.1/thumb/v6-m/nofp\libgcc.a(_udivmoddi4.o)
 .debug_frame   0x00000000000010a0       0x3c c:/st/stm32cubeide_1.9.0/stm32cubeide/plugins/com.st.stm32cube.ide.mcu.externaltools.gnu-tools-for-stm32.10.3-2021.10.win32_1.0.0.202111181127/tools/bin/../lib/gcc/arm-none-eabi/10.3.1/thumb/v6-m/nofp\libgcc.a(divdf3.o)
 .debug_frame   0x00000000000010dc       0x38 c:/st/stm32cubeide_1.9.0/stm32cubeide/plugins/com.st.stm32cube.ide.mcu.externaltools.gnu-tools-for-stm32.10.3-2021.10.win32_1.0.0.202111181127/tools/bin/../lib/gcc/arm-none-eabi/10.3.1/thumb/v6-m/nofp\libgcc.a(eqdf2.o)
 .debug_frame   0x0000000000001114       0x34 c:/st/stm32cubeide_1.9.0/stm32cubeide/plugins/com.st.stm32cube.ide.mcu.externaltools.gnu-tools-for-stm32.10.3-2021.10.win32_1.0.0.202111181127/tools/bin/../lib/gcc/arm-none-eabi/10.3.1/thumb/v6-m/nofp\libgcc.a(gedf2.o)
 .debug_frame   0x0000000000001148       0x34 c:/st/stm32cubeide_1.9.0/stm32cubeide/plugins/com.st.stm32cube.ide.mcu.externaltools.gnu-tools-for-stm32.10.3-2021.10.win32_1.0.0.202111181127/tools/bin/../lib/gcc/arm-none-eabi/10.3.1/thumb/v6-m/nofp\libgcc.a(ledf2.o)
 .debug_frame   0x000000000000117c       0x28 c:/st/stm32cubeide_1.9.0/stm32cubeide/plugins/com.st.stm32cube.ide.mcu.externaltools.gnu-tools-for-stm32.10.3-2021.10.win32_1.0.0.202111181127/tools/bin/../lib/gcc/arm-none-eabi/10.3.1/thumb/v6-m/nofp\libgcc.a(floatunsidf.o)
