main.c:123:6:sort	184	static
main.c:145:6:SSD1306_putsXY	16	static
main.c:157:6:setBright	32	static
main.c:166:6:wLog	16	static
main.c:184:6:_strtok	8	static
main.c:198:6:f_scanFiles	320	static
main.c:220:6:f_openTxt	592	static
main.c:238:6:strncopy	40	static
main.c:252:6:ro_str	16	static
main.c:262:6:_readRotation	0	static
main.c:274:9:read_sw	24	static
main.c:295:6:getSlide	32	static
main.c:336:6:basicScreen	40	static
main.c:393:6:bookScreen	72	static
main.c:478:6:readScreen	56	static
main.c:522:6:settingScreen	24	static
main.c:617:6:HAL_TIM_PeriodElapsedCallback	16	static
main.c:723:6:SystemClock_Config	120	static,ignoring_inline_asm
main.c:658:5:main	72	static,ignoring_inline_asm
main.c:1027:6:HAL_GPIO_EXTI_Callback	0	static
main.c:1046:6:Error_Handler	0	static,ignoring_inline_asm
