ssd1306.c:233:6:SSD1306_ToggleInvert	0	static
ssd1306.c:245:6:SSD1306_Fill	8	static
ssd1306.c:251:6:SSD1306_DrawPixel	12	static
ssd1306.c:271:6:SSD1306_GotoXY	0	static
ssd1306.c:277:6:SSD1306_Putc	32	static
ssd1306.c:359:6:SSD1306_Puts	24	static
ssd1306.c:667:6:ssd1306_I2C_Init	0	static
ssd1306.c:679:6:ssd1306_I2C_WriteMulti	280	static
ssd1306.c:689:6:ssd1306_I2C_Write	24	static
ssd1306.c:60:6:SSD1306_ScrollRight	16	static
ssd1306.c:71:6:SSD1306_ScrollLeft	16	static
ssd1306.c:82:6:SSD1306_Scrolldiagright	16	static
ssd1306.c:96:6:SSD1306_Scrolldiagleft	16	static
ssd1306.c:110:6:SSD1306_Stopscroll	8	static
ssd1306.c:114:6:SSD1306_InvertDisplay	8	static
ssd1306.c:209:6:SSD1306_UpdateScreen	16	static
ssd1306.c:641:6:SSD1306_Clear	8	static
ssd1306.c:143:9:SSD1306_Init	16	static
ssd1306.c:646:6:SSD1306_ON	8	static
ssd1306.c:651:6:SSD1306_OFF	8	static
