../Drivers/STM32L0xx_HAL_Driver/Src/stm32l0xx_hal_flash_ex.c:171:19:HAL_FLASHEx_Erase	32	static
../Drivers/STM32L0xx_HAL_Driver/Src/stm32l0xx_hal_flash_ex.c:235:19:HAL_FLASHEx_Erase_IT	32	static
../Drivers/STM32L0xx_HAL_Driver/Src/stm32l0xx_hal_flash_ex.c:327:19:HAL_FLASHEx_OBProgram	32	static
../Drivers/STM32L0xx_HAL_Driver/Src/stm32l0xx_hal_flash_ex.c:410:6:HAL_FLASHEx_OBGetConfig	16	static
../Drivers/STM32L0xx_HAL_Driver/Src/stm32l0xx_hal_flash_ex.c:443:19:HAL_FLASHEx_AdvOBProgram	32	static
../Drivers/STM32L0xx_HAL_Driver/Src/stm32l0xx_hal_flash_ex.c:486:6:HAL_FLASHEx_AdvOBGetConfig	16	static
../Drivers/STM32L0xx_HAL_Driver/Src/stm32l0xx_hal_flash_ex.c:526:19:HAL_FLASHEx_OB_SelectPCROP	40	static
../Drivers/STM32L0xx_HAL_Driver/Src/stm32l0xx_hal_flash_ex.c:568:19:HAL_FLASHEx_OB_DeSelectPCROP	40	static
../Drivers/STM32L0xx_HAL_Driver/Src/stm32l0xx_hal_flash_ex.c:634:19:HAL_FLASHEx_DATAEEPROM_Unlock	8	static,ignoring_inline_asm
../Drivers/STM32L0xx_HAL_Driver/Src/stm32l0xx_hal_flash_ex.c:661:19:HAL_FLASHEx_DATAEEPROM_Lock	8	static
../Drivers/STM32L0xx_HAL_Driver/Src/stm32l0xx_hal_flash_ex.c:679:19:HAL_FLASHEx_DATAEEPROM_Erase	32	static
../Drivers/STM32L0xx_HAL_Driver/Src/stm32l0xx_hal_flash_ex.c:721:21:HAL_FLASHEx_DATAEEPROM_Program	40	static
../Drivers/STM32L0xx_HAL_Driver/Src/stm32l0xx_hal_flash_ex.c:777:6:HAL_FLASHEx_DATAEEPROM_EnableFixedTimeProgram	8	static
../Drivers/STM32L0xx_HAL_Driver/Src/stm32l0xx_hal_flash_ex.c:786:6:HAL_FLASHEx_DATAEEPROM_DisableFixedTimeProgram	8	static
../Drivers/STM32L0xx_HAL_Driver/Src/stm32l0xx_hal_flash_ex.c:822:26:FLASH_OB_RDPConfig	40	static
../Drivers/STM32L0xx_HAL_Driver/Src/stm32l0xx_hal_flash_ex.c:873:26:FLASH_OB_BORConfig	40	static
../Drivers/STM32L0xx_HAL_Driver/Src/stm32l0xx_hal_flash_ex.c:915:27:FLASH_OB_BOOTBit1Config	40	static
../Drivers/STM32L0xx_HAL_Driver/Src/stm32l0xx_hal_flash_ex.c:950:16:FLASH_OB_GetUser	8	static
../Drivers/STM32L0xx_HAL_Driver/Src/stm32l0xx_hal_flash_ex.c:964:16:FLASH_OB_GetRDP	8	static
../Drivers/STM32L0xx_HAL_Driver/Src/stm32l0xx_hal_flash_ex.c:973:16:FLASH_OB_GetBOR	8	static
../Drivers/STM32L0xx_HAL_Driver/Src/stm32l0xx_hal_flash_ex.c:983:16:FLASH_OB_GetBOOTBit1	8	static
../Drivers/STM32L0xx_HAL_Driver/Src/stm32l0xx_hal_flash_ex.c:994:17:FLASH_OB_GetWRP	8	static
../Drivers/STM32L0xx_HAL_Driver/Src/stm32l0xx_hal_flash_ex.c:1034:26:FLASH_OB_ProtectedSectorsConfig	40	static
../Drivers/STM32L0xx_HAL_Driver/Src/stm32l0xx_hal_flash_ex.c:1128:26:FLASH_OB_UserConfig	40	static
../Drivers/STM32L0xx_HAL_Driver/Src/stm32l0xx_hal_flash_ex.c:1234:6:FLASH_PageErase	16	static
