stm32l0xx_hal_msp.c:66:6:HAL_MspInit	8	static
stm32l0xx_hal_msp.c:88:6:HAL_ADC_MspInit	48	static
stm32l0xx_hal_msp.c:143:6:HAL_ADC_MspDeInit	16	static
stm32l0xx_hal_msp.c:177:6:HAL_I2C_MspInit	48	static
stm32l0xx_hal_msp.c:213:6:HAL_I2C_MspDeInit	16	static
stm32l0xx_hal_msp.c:244:6:HAL_RTC_MspInit	16	static
stm32l0xx_hal_msp.c:266:6:HAL_RTC_MspDeInit	16	static
stm32l0xx_hal_msp.c:288:6:HAL_TIM_Base_MspInit	16	static
stm32l0xx_hal_msp.c:326:6:HAL_TIM_MspPostInit	56	static
stm32l0xx_hal_msp.c:378:6:HAL_TIM_Base_MspDeInit	16	static
