../Inc/lcd1602.h:16:9:LcdReadByte	40	static
../Inc/lcd1602.h:38:6:LcdSendNibble	16	static
../Inc/lcd1602.h:46:6:LcdSendByte	16	static
../Inc/lcd1602.h:55:6:LcdInit	16	static
../Inc/lcd1602.h:67:6:lcd_gotoxy	24	static
../Inc/lcd1602.h:75:6:lcd_putc	16	static
../Inc/lcd1602.h:85:6:lcd_puts	32	static
../Inc/lcd1602.h:93:6:lcd_cgram	48	static
../Src/main.c:90:6:adc	16	static
../Src/main.c:99:6:ledRing	16	static
../Src/main.c:151:6:lcd_print	16	static
../Src/main.c:160:6:gasOn	16	static
../Src/main.c:170:6:ledClear	8	static
../Src/main.c:178:6:ledControl	16	static
../Src/main.c:198:6:autoOn	24	static
../Src/main.c:213:6:safemode	8	static
../Src/main.c:223:5:main	48	static
../Src/main.c:382:6:SystemClock_Config	96	static
../Src/main.c:420:13:MX_ADC_Init	16	static
../Src/main.c:477:13:MX_GPIO_Init	48	static
../Src/main.c:544:6:Error_Handler	8	static
