ff.c:623:7:ld_dword	0	static
ff.c:983:7:clust2sect	0	static
ff.c:1440:7:clmt_clust	8	static
ff.c:2546:7:get_achar	0	static
ff.c:2570:5:pattern_matching	40	static
ff.c:2904:5:get_ldnumber	0	static
ff.c:3216:9:validate	16	static
ff.c:1632:7:ld_clust.isra.0	8	static
ff.c:912:9:move_window	16	static
ff.c:2965:6:check_fs	16	static
ff.c:2993:9:find_volume.isra.0	72	static
ff.c:1001:7:get_fat.isra.0	32	static
ff.c:1519:9:dir_next.isra.0	24	static
ff.c:2444:6:get_fileinfo	32	static
ff.c:1470:9:dir_sdi.constprop	16	static
ff.c:2813:9:follow_path	72	static
ff.c:3260:9:f_mount	24	static
ff.c:3308:9:f_open	88	static
ff.c:3511:9:f_read	56	static
ff.c:3813:9:f_close	16	static
ff.c:4001:9:f_lseek	48	static
ff.c:4162:9:f_opendir	24	static
ff.c:4232:9:f_closedir	16	static
ff.c:4265:9:f_readdir	56	static
ff.c:4301:9:f_findnext	16	static
ff.c:4326:9:f_findfirst	16	static
ff.c:4353:9:f_stat	80	static
ff.c:5830:8:f_gets	40	static
