../Src/main.c:129:6:ledoff	8	static
../Src/main.c:144:6:st	8	static
../Src/main.c:162:6:error	8	static
../Src/main.c:187:5:dcount	16	static
../Src/main.c:274:6:daygo	16	static
../Src/main.c:301:6:timego	24	static
../Src/main.c:334:6:HAL_TIM_PeriodElapsedCallback	24	static
../Src/main.c:346:6:oc	16	static
../Src/main.c:366:6:door	8	static
../Src/main.c:388:6:vr	8	static
../Src/main.c:436:6:vrr	8	static
../Src/main.c:486:6:vd	8	static
../Src/main.c:521:6:swui	8	static
../Src/main.c:554:5:sww	16	static
../Src/main.c:577:5:srw	16	static
../Src/main.c:607:5:semid	24	static
../Src/main.c:699:5:semir	24	static
../Src/main.c:791:5:semiw	24	static
../Src/main.c:936:5:sautodry	24	static
../Src/main.c:1016:6:semirepui	16	static
../Src/main.c:1023:5:semirep	16	static
../Src/main.c:1073:5:sauto	8	static
../Src/main.c:1092:6:sautoui	16	static
../Src/main.c:1100:5:sautorep	16	static
../Src/main.c:1151:6:semiui	8	static
../Src/main.c:1158:5:semi	8	static
../Src/main.c:1201:6:leds	16	static
../Src/main.c:1249:6:led	16	static
../Src/main.c:1256:5:manualleds	16	static
../Src/main.c:1299:6:manuals	8	static
../Src/main.c:1320:5:manual	8	static
../Src/main.c:1372:5:modes	8	static
../Src/main.c:1380:5:mode	8	static
../Src/main.c:1423:5:alog	8	static
../Src/main.c:1462:6:logsui	8	static
../Src/main.c:1477:5:logs	8	static
../Src/main.c:1523:6:wait	16	static
../Src/main.c:1532:6:revtiui	8	static
../Src/main.c:1544:6:rev	8	static
../Src/main.c:1587:6:wg	56	static
../Src/main.c:1854:5:menu	8	static
../Src/main.c:1867:5:main	16	static
../Src/main.c:1969:6:SystemClock_Config	128	static
../Src/main.c:2016:6:Error_Handler	8	static
