Archive member included to satisfy reference by file (symbol)

c:/st/stm32cubeide_1.8.0/stm32cubeide/plugins/com.st.stm32cube.ide.mcu.externaltools.gnu-tools-for-stm32.9-2020-q2-update.win32_2.0.0.202105311346/tools/bin/../lib/gcc/arm-none-eabi/9.3.1/../../../../arm-none-eabi/lib/thumb/v6-m/nofp\libc_nano.a(lib_a-errno.o)
                              ./Core/Src/syscalls.o (__errno)
c:/st/stm32cubeide_1.8.0/stm32cubeide/plugins/com.st.stm32cube.ide.mcu.externaltools.gnu-tools-for-stm32.9-2020-q2-update.win32_2.0.0.202105311346/tools/bin/../lib/gcc/arm-none-eabi/9.3.1/../../../../arm-none-eabi/lib/thumb/v6-m/nofp\libc_nano.a(lib_a-exit.o)
                              c:/st/stm32cubeide_1.8.0/stm32cubeide/plugins/com.st.stm32cube.ide.mcu.externaltools.gnu-tools-for-stm32.9-2020-q2-update.win32_2.0.0.202105311346/tools/bin/../lib/gcc/arm-none-eabi/9.3.1/../../../../arm-none-eabi/lib/thumb/v6-m/nofp/crt0.o (exit)
c:/st/stm32cubeide_1.8.0/stm32cubeide/plugins/com.st.stm32cube.ide.mcu.externaltools.gnu-tools-for-stm32.9-2020-q2-update.win32_2.0.0.202105311346/tools/bin/../lib/gcc/arm-none-eabi/9.3.1/../../../../arm-none-eabi/lib/thumb/v6-m/nofp\libc_nano.a(lib_a-impure.o)
                              c:/st/stm32cubeide_1.8.0/stm32cubeide/plugins/com.st.stm32cube.ide.mcu.externaltools.gnu-tools-for-stm32.9-2020-q2-update.win32_2.0.0.202105311346/tools/bin/../lib/gcc/arm-none-eabi/9.3.1/../../../../arm-none-eabi/lib/thumb/v6-m/nofp\libc_nano.a(lib_a-exit.o) (_global_impure_ptr)
c:/st/stm32cubeide_1.8.0/stm32cubeide/plugins/com.st.stm32cube.ide.mcu.externaltools.gnu-tools-for-stm32.9-2020-q2-update.win32_2.0.0.202105311346/tools/bin/../lib/gcc/arm-none-eabi/9.3.1/../../../../arm-none-eabi/lib/thumb/v6-m/nofp\libc_nano.a(lib_a-init.o)
                              c:/st/stm32cubeide_1.8.0/stm32cubeide/plugins/com.st.stm32cube.ide.mcu.externaltools.gnu-tools-for-stm32.9-2020-q2-update.win32_2.0.0.202105311346/tools/bin/../lib/gcc/arm-none-eabi/9.3.1/../../../../arm-none-eabi/lib/thumb/v6-m/nofp/crt0.o (__libc_init_array)
c:/st/stm32cubeide_1.8.0/stm32cubeide/plugins/com.st.stm32cube.ide.mcu.externaltools.gnu-tools-for-stm32.9-2020-q2-update.win32_2.0.0.202105311346/tools/bin/../lib/gcc/arm-none-eabi/9.3.1/../../../../arm-none-eabi/lib/thumb/v6-m/nofp\libc_nano.a(lib_a-memcpy-stub.o)
                              ./Core/Src/main.o (memcpy)
c:/st/stm32cubeide_1.8.0/stm32cubeide/plugins/com.st.stm32cube.ide.mcu.externaltools.gnu-tools-for-stm32.9-2020-q2-update.win32_2.0.0.202105311346/tools/bin/../lib/gcc/arm-none-eabi/9.3.1/../../../../arm-none-eabi/lib/thumb/v6-m/nofp\libc_nano.a(lib_a-memset.o)
                              c:/st/stm32cubeide_1.8.0/stm32cubeide/plugins/com.st.stm32cube.ide.mcu.externaltools.gnu-tools-for-stm32.9-2020-q2-update.win32_2.0.0.202105311346/tools/bin/../lib/gcc/arm-none-eabi/9.3.1/../../../../arm-none-eabi/lib/thumb/v6-m/nofp/crt0.o (memset)
c:/st/stm32cubeide_1.8.0/stm32cubeide/plugins/com.st.stm32cube.ide.mcu.externaltools.gnu-tools-for-stm32.9-2020-q2-update.win32_2.0.0.202105311346/tools/bin/../lib/gcc/arm-none-eabi/9.3.1/../../../../arm-none-eabi/lib/thumb/v6-m/nofp\libc_nano.a(lib_a-sprintf.o)
                              ./Core/Src/main.o (sprintf)
c:/st/stm32cubeide_1.8.0/stm32cubeide/plugins/com.st.stm32cube.ide.mcu.externaltools.gnu-tools-for-stm32.9-2020-q2-update.win32_2.0.0.202105311346/tools/bin/../lib/gcc/arm-none-eabi/9.3.1/../../../../arm-none-eabi/lib/thumb/v6-m/nofp\libc_nano.a(lib_a-strcat.o)
                              ./Core/Src/main.o (strcat)
c:/st/stm32cubeide_1.8.0/stm32cubeide/plugins/com.st.stm32cube.ide.mcu.externaltools.gnu-tools-for-stm32.9-2020-q2-update.win32_2.0.0.202105311346/tools/bin/../lib/gcc/arm-none-eabi/9.3.1/../../../../arm-none-eabi/lib/thumb/v6-m/nofp\libc_nano.a(lib_a-strcmp.o)
                              ./Core/Src/main.o (strcmp)
c:/st/stm32cubeide_1.8.0/stm32cubeide/plugins/com.st.stm32cube.ide.mcu.externaltools.gnu-tools-for-stm32.9-2020-q2-update.win32_2.0.0.202105311346/tools/bin/../lib/gcc/arm-none-eabi/9.3.1/../../../../arm-none-eabi/lib/thumb/v6-m/nofp\libc_nano.a(lib_a-strcpy.o)
                              ./Core/Src/main.o (strcpy)
c:/st/stm32cubeide_1.8.0/stm32cubeide/plugins/com.st.stm32cube.ide.mcu.externaltools.gnu-tools-for-stm32.9-2020-q2-update.win32_2.0.0.202105311346/tools/bin/../lib/gcc/arm-none-eabi/9.3.1/../../../../arm-none-eabi/lib/thumb/v6-m/nofp\libc_nano.a(lib_a-strlen.o)
                              ./Core/Src/fonts.o (strlen)
c:/st/stm32cubeide_1.8.0/stm32cubeide/plugins/com.st.stm32cube.ide.mcu.externaltools.gnu-tools-for-stm32.9-2020-q2-update.win32_2.0.0.202105311346/tools/bin/../lib/gcc/arm-none-eabi/9.3.1/../../../../arm-none-eabi/lib/thumb/v6-m/nofp\libc_nano.a(lib_a-strncpy.o)
                              ./Core/Src/main.o (strncpy)
[...]
Memory Configuration

Name             Origin             Length             Attributes
FLASH            0x0000000008000000 0x0000000000010000 xr
RAM              0x0000000020000000 0x0000000000004000 xrw
MEMORY_B1        0x0000000060000000 0x0000000000000000 xr
*default*        0x0000000000000000 0xffffffffffffffff

Linker script and memory map

LOAD c:/st/stm32cubeide_1.8.0/stm32cubeide/plugins/com.st.stm32cube.ide.mcu.externaltools.gnu-tools-for-stm32.9-2020-q2-update.win32_2.0.0.202105311346/tools/bin/../lib/gcc/arm-none-eabi/9.3.1/thumb/v6-m/nofp/crti.o
LOAD c:/st/stm32cubeide_1.8.0/stm32cubeide/plugins/com.st.stm32cube.ide.mcu.externaltools.gnu-tools-for-stm32.9-2020-q2-update.win32_2.0.0.202105311346/tools/bin/../lib/gcc/arm-none-eabi/9.3.1/thumb/v6-m/nofp/crtbegin.o
LOAD c:/st/stm32cubeide_1.8.0/stm32cubeide/plugins/com.st.stm32cube.ide.mcu.externaltools.gnu-tools-for-stm32.9-2020-q2-update.win32_2.0.0.202105311346/tools/bin/../lib/gcc/arm-none-eabi/9.3.1/../../../../arm-none-eabi/lib/thumb/v6-m/nofp/crt0.o
LOAD ./Core/Src/MPU6050.o
LOAD ./Core/Src/cap1203.o
LOAD ./Core/Src/fonts.o
LOAD ./Core/Src/main.o
LOAD ./Core/Src/ssd1306.o
LOAD ./Core/Src/stm32l0xx_hal_msp.o
LOAD ./Core/Src/stm32l0xx_it.o
LOAD ./Core/Src/syscalls.o
LOAD ./Core/Src/sysmem.o
LOAD ./Core/Src/system_stm32l0xx.o
LOAD ./Core/Startup/startup_stm32l052k6tx.o
LOAD ./Drivers/STM32L0xx_HAL_Driver/Src/stm32l0xx_hal.o
LOAD ./Drivers/STM32L0xx_HAL_Driver/Src/stm32l0xx_hal_adc.o
LOAD ./Drivers/STM32L0xx_HAL_Driver/Src/stm32l0xx_hal_adc_ex.o
LOAD ./Drivers/STM32L0xx_HAL_Driver/Src/stm32l0xx_hal_cortex.o
LOAD ./Drivers/STM32L0xx_HAL_Driver/Src/stm32l0xx_hal_dma.o
LOAD ./Drivers/STM32L0xx_HAL_Driver/Src/stm32l0xx_hal_exti.o
LOAD ./Drivers/STM32L0xx_HAL_Driver/Src/stm32l0xx_hal_flash.o
LOAD ./Drivers/STM32L0xx_HAL_Driver/Src/stm32l0xx_hal_flash_ex.o
LOAD ./Drivers/STM32L0xx_HAL_Driver/Src/stm32l0xx_hal_flash_ramfunc.o
LOAD ./Drivers/STM32L0xx_HAL_Driver/Src/stm32l0xx_hal_gpio.o
LOAD ./Drivers/STM32L0xx_HAL_Driver/Src/stm32l0xx_hal_i2c.o
LOAD ./Drivers/STM32L0xx_HAL_Driver/Src/stm32l0xx_hal_i2c_ex.o
LOAD ./Drivers/STM32L0xx_HAL_Driver/Src/stm32l0xx_hal_pwr.o
LOAD ./Drivers/STM32L0xx_HAL_Driver/Src/stm32l0xx_hal_pwr_ex.o
LOAD ./Drivers/STM32L0xx_HAL_Driver/Src/stm32l0xx_hal_rcc.o
LOAD ./Drivers/STM32L0xx_HAL_Driver/Src/stm32l0xx_hal_rcc_ex.o
LOAD ./Drivers/STM32L0xx_HAL_Driver/Src/stm32l0xx_hal_spi.o
LOAD ./Drivers/STM32L0xx_HAL_Driver/Src/stm32l0xx_hal_tim.o
LOAD ./Drivers/STM32L0xx_HAL_Driver/Src/stm32l0xx_hal_tim_ex.o
LOAD ./FATFS/App/fatfs.o
LOAD ./FATFS/Target/user_diskio.o
LOAD ./FATFS/Target/user_diskio_spi.o
LOAD ./Middlewares/Third_Party/FatFs/src/diskio.o
LOAD ./Middlewares/Third_Party/FatFs/src/ff.o
LOAD ./Middlewares/Third_Party/FatFs/src/ff_gen_drv.o
LOAD ./Middlewares/Third_Party/FatFs/src/option/ccsbcs.o
LOAD ./Middlewares/Third_Party/FatFs/src/option/syscall.o
START GROUP
LOAD c:/st/stm32cubeide_1.8.0/stm32cubeide/plugins/com.st.stm32cube.ide.mcu.externaltools.gnu-tools-for-stm32.9-2020-q2-update.win32_2.0.0.202105311346/tools/bin/../lib/gcc/arm-none-eabi/9.3.1/../../../../arm-none-eabi/lib/thumb/v6-m/nofp\libc_nano.a
LOAD c:/st/stm32cubeide_1.8.0/stm32cubeide/plugins/com.st.stm32cube.ide.mcu.externaltools.gnu-tools-for-stm32.9-2020-q2-update.win32_2.0.0.202105311346/tools/bin/../lib/gcc/arm-none-eabi/9.3.1/../../../../arm-none-eabi/lib/thumb/v6-m/nofp\libm.a
END GROUP
START GROUP
LOAD c:/st/stm32cubeide_1.8.0/stm32cubeide/plugins/com.st.stm32cube.ide.mcu.externaltools.gnu-tools-for-stm32.9-2020-q2-update.win32_2.0.0.202105311346/tools/bin/../lib/gcc/arm-none-eabi/9.3.1/thumb/v6-m/nofp\libgcc.a
LOAD c:/st/stm32cubeide_1.8.0/stm32cubeide/plugins/com.st.stm32cube.ide.mcu.externaltools.gnu-tools-for-stm32.9-2020-q2-update.win32_2.0.0.202105311346/tools/bin/../lib/gcc/arm-none-eabi/9.3.1/../../../../arm-none-eabi/lib/thumb/v6-m/nofp\libc_nano.a
END GROUP
START GROUP
LOAD c:/st/stm32cubeide_1.8.0/stm32cubeide/plugins/com.st.stm32cube.ide.mcu.externaltools.gnu-tools-for-stm32.9-2020-q2-update.win32_2.0.0.202105311346/tools/bin/../lib/gcc/arm-none-eabi/9.3.1/thumb/v6-m/nofp\libgcc.a
LOAD c:/st/stm32cubeide_1.8.0/stm32cubeide/plugins/com.st.stm32cube.ide.mcu.externaltools.gnu-tools-for-stm32.9-2020-q2-update.win32_2.0.0.202105311346/tools/bin/../lib/gcc/arm-none-eabi/9.3.1/../../../../arm-none-eabi/lib/thumb/v6-m/nofp\libc_nano.a
LOAD c:/st/stm32cubeide_1.8.0/stm32cubeide/plugins/com.st.stm32cube.ide.mcu.externaltools.gnu-tools-for-stm32.9-2020-q2-update.win32_2.0.0.202105311346/tools/bin/../lib/gcc/arm-none-eabi/9.3.1/../../../../arm-none-eabi/lib/thumb/v6-m/nofp\libnosys.a
END GROUP
START GROUP
LOAD c:/st/stm32cubeide_1.8.0/stm32cubeide/plugins/com.st.stm32cube.ide.mcu.externaltools.gnu-tools-for-stm32.9-2020-q2-update.win32_2.0.0.202105311346/tools/bin/../lib/gcc/arm-none-eabi/9.3.1/thumb/v6-m/nofp\libgcc.a
LOAD c:/st/stm32cubeide_1.8.0/stm32cubeide/plugins/com.st.stm32cube.ide.mcu.externaltools.gnu-tools-for-stm32.9-2020-q2-update.win32_2.0.0.202105311346/tools/bin/../lib/gcc/arm-none-eabi/9.3.1/../../../../arm-none-eabi/lib/thumb/v6-m/nofp\libc_nano.a
LOAD c:/st/stm32cubeide_1.8.0/stm32cubeide/plugins/com.st.stm32cube.ide.mcu.externaltools.gnu-tools-for-stm32.9-2020-q2-update.win32_2.0.0.202105311346/tools/bin/../lib/gcc/arm-none-eabi/9.3.1/../../../../arm-none-eabi/lib/thumb/v6-m/nofp\libnosys.a
END GROUP
LOAD c:/st/stm32cubeide_1.8.0/stm32cubeide/plugins/com.st.stm32cube.ide.mcu.externaltools.gnu-tools-for-stm32.9-2020-q2-update.win32_2.0.0.202105311346/tools/bin/../lib/gcc/arm-none-eabi/9.3.1/thumb/v6-m/nofp/crtend.o
LOAD c:/st/stm32cubeide_1.8.0/stm32cubeide/plugins/com.st.stm32cube.ide.mcu.externaltools.gnu-tools-for-stm32.9-2020-q2-update.win32_2.0.0.202105311346/tools/bin/../lib/gcc/arm-none-eabi/9.3.1/thumb/v6-m/nofp/crtn.o
                0x0000000020002000                _estack = 0x20002000
                0x0000000000000000                _Min_Heap_Size = 0x0
                0x0000000000000400                _Min_Stack_Size = 0x400

.isr_vector     0x0000000008000000       0xc0
                0x0000000008000000                . = ALIGN (0x4)
 *(.isr_vector)
 .isr_vector    0x0000000008000000       0xc0 ./Core/Startup/startup_stm32l052k6tx.o
                0x0000000008000000                g_pfnVectors
                0x00000000080000c0                . = ALIGN (0x4)

.text           0x00000000080000c0     0x6db0
                0x00000000080000c0                . = ALIGN (0x4)
 *(.text)
 .text          0x00000000080000c0       0x48 c:/st/stm32cubeide_1.8.0/stm32cubeide/plugins/com.st.stm32cube.ide.mcu.externaltools.gnu-tools-for-stm32.9-2020-q2-update.win32_2.0.0.202105311346/tools/bin/../lib/gcc/arm-none-eabi/9.3.1/thumb/v6-m/nofp/crtbegin.o
 .text          0x0000000008000108       0x14 c:/st/stm32cubeide_1.8.0/stm32cubeide/plugins/com.st.stm32cube.ide.mcu.externaltools.gnu-tools-for-stm32.9-2020-q2-update.win32_2.0.0.202105311346/tools/bin/../lib/gcc/arm-none-eabi/9.3.1/../../../../arm-none-eabi/lib/thumb/v6-m/nofp\libc_nano.a(lib_a-strcmp.o)
                0x0000000008000108                strcmp
 .text          0x000000000800011c        0xe c:/st/stm32cubeide_1.8.0/stm32cubeide/plugins/com.st.stm32cube.ide.mcu.externaltools.gnu-tools-for-stm32.9-2020-q2-update.win32_2.0.0.202105311346/tools/bin/../lib/gcc/arm-none-eabi/9.3.1/../../../../arm-none-eabi/lib/thumb/v6-m/nofp\libc_nano.a(lib_a-strlen.o)
                0x000000000800011c                strlen
 *fill*         0x000000000800012a        0x2 
 .text          0x000000000800012c       0x14 c:/st/stm32cubeide_1.8.0/stm32cubeide/plugins/com.st.stm32cube.ide.mcu.externaltools.gnu-tools-for-stm32.9-2020-q2-update.win32_2.0.0.202105311346/tools/bin/../lib/gcc/arm-none-eabi/9.3.1/thumb/v6-m/nofp\libgcc.a(_thumb1_case_uqi.o)
                0x000000000800012c                __gnu_thumb1_case_uqi
 .text          0x0000000008000140       0x14 c:/st/stm32cubeide_1.8.0/stm32cubeide/plugins/com.st.stm32cube.ide.mcu.externaltools.gnu-tools-for-stm32.9-2020-q2-update.win32_2.0.0.202105311346/tools/bin/../lib/gcc/arm-none-eabi/9.3.1/thumb/v6-m/nofp\libgcc.a(_thumb1_case_shi.o)
                0x0000000008000140                __gnu_thumb1_case_shi
 .text          0x0000000008000154      0x114 c:/st/stm32cubeide_1.8.0/stm32cubeide/plugins/com.st.stm32cube.ide.mcu.externaltools.gnu-tools-for-stm32.9-2020-q2-update.win32_2.0.0.202105311346/tools/bin/../lib/gcc/arm-none-eabi/9.3.1/thumb/v6-m/nofp\libgcc.a(_udivsi3.o)
                0x0000000008000154                __aeabi_uidiv
                0x0000000008000154                __udivsi3
                0x0000000008000260                __aeabi_uidivmod
 .text          0x0000000008000268      0x1d4 c:/st/stm32cubeide_1.8.0/stm32cubeide/plugins/com.st.stm32cube.ide.mcu.externaltools.gnu-tools-for-stm32.9-2020-q2-update.win32_2.0.0.202105311346/tools/bin/../lib/gcc/arm-none-eabi/9.3.1/thumb/v6-m/nofp\libgcc.a(_divsi3.o)
                0x0000000008000268                __divsi3
                0x0000000008000268                __aeabi_idiv
                0x0000000008000434                __aeabi_idivmod
 .text          0x000000000800043c        0x4 c:/st/stm32cubeide_1.8.0/stm32cubeide/plugins/com.st.stm32cube.ide.mcu.externaltools.gnu-tools-for-stm32.9-2020-q2-update.win32_2.0.0.202105311346/tools/bin/../lib/gcc/arm-none-eabi/9.3.1/thumb/v6-m/nofp\libgcc.a(_dvmd_tls.o)
                0x000000000800043c                __aeabi_idiv0
                0x000000000800043c                __aeabi_ldiv0
 .text          0x0000000008000440       0x74 c:/st/stm32cubeide_1.8.0/stm32cubeide/plugins/com.st.stm32cube.ide.mcu.externaltools.gnu-tools-for-stm32.9-2020-q2-update.win32_2.0.0.202105311346/tools/bin/../lib/gcc/arm-none-eabi/9.3.1/thumb/v6-m/nofp\libgcc.a(_arm_cmpsf2.o)
                0x0000000008000440                __aeabi_cfrcmple
                0x0000000008000448                __aeabi_cfcmpeq
                0x0000000008000448                __aeabi_cfcmple
                0x0000000008000458                __aeabi_fcmpeq
                0x0000000008000464                __aeabi_fcmplt
                0x0000000008000478                __aeabi_fcmple
                0x000000000800048c                __aeabi_fcmpgt
                0x00000000080004a0                __aeabi_fcmpge
 .text          0x00000000080004b4       0x40 c:/st/stm32cubeide_1.8.0/stm32cubeide/plugins/com.st.stm32cube.ide.mcu.externaltools.gnu-tools-for-stm32.9-2020-q2-update.win32_2.0.0.202105311346/tools/bin/../lib/gcc/arm-none-eabi/9.3.1/thumb/v6-m/nofp\libgcc.a(_aeabi_uldivmod.o)
                0x00000000080004b4                __aeabi_uldivmod
 .text          0x00000000080004f4       0x50 c:/st/stm32cubeide_1.8.0/stm32cubeide/plugins/com.st.stm32cube.ide.mcu.externaltools.gnu-tools-for-stm32.9-2020-q2-update.win32_2.0.0.202105311346/tools/bin/../lib/gcc/arm-none-eabi/9.3.1/thumb/v6-m/nofp\libgcc.a(_muldi3.o)
                0x00000000080004f4                __muldi3
                0x00000000080004f4                __aeabi_lmul
 .text          0x0000000008000544       0x30 c:/st/stm32cubeide_1.8.0/stm32cubeide/plugins/com.st.stm32cube.ide.mcu.externaltools.gnu-tools-for-stm32.9-2020-q2-update.win32_2.0.0.202105311346/tools/bin/../lib/gcc/arm-none-eabi/9.3.1/thumb/v6-m/nofp\libgcc.a(_fixunssfsi.o)
                0x0000000008000544                __fixunssfsi
                0x0000000008000544                __aeabi_f2uiz
 .text          0x0000000008000574      0x198 c:/st/stm32cubeide_1.8.0/stm32cubeide/plugins/com.st.stm32cube.ide.mcu.externaltools.gnu-tools-for-stm32.9-2020-q2-update.win32_2.0.0.202105311346/tools/bin/../lib/gcc/arm-none-eabi/9.3.1/thumb/v6-m/nofp\libgcc.a(_udivmoddi4.o)
                0x0000000008000574                __udivmoddi4
 .text          0x000000000800070c      0x218 c:/st/stm32cubeide_1.8.0/stm32cubeide/plugins/com.st.stm32cube.ide.mcu.externaltools.gnu-tools-for-stm32.9-2020-q2-update.win32_2.0.0.202105311346/tools/bin/../lib/gcc/arm-none-eabi/9.3.1/thumb/v6-m/nofp\libgcc.a(divsf3.o)
                0x000000000800070c                __aeabi_fdiv
 .text          0x0000000008000924       0x50 c:/st/stm32cubeide_1.8.0/stm32cubeide/plugins/com.st.stm32cube.ide.mcu.externaltools.gnu-tools-for-stm32.9-2020-q2-update.win32_2.0.0.202105311346/tools/bin/../lib/gcc/arm-none-eabi/9.3.1/thumb/v6-m/nofp\libgcc.a(eqsf2.o)
                0x0000000008000924                __eqsf2
                0x0000000008000924                __nesf2
 .text          0x0000000008000974       0x98 c:/st/stm32cubeide_1.8.0/stm32cubeide/plugins/com.st.stm32cube.ide.mcu.externaltools.gnu-tools-for-stm32.9-2020-q2-update.win32_2.0.0.202105311346/tools/bin/../lib/gcc/arm-none-eabi/9.3.1/thumb/v6-m/nofp\libgcc.a(gesf2.o)
                0x0000000008000974                __gesf2
                0x0000000008000974                __gtsf2
 .text          0x0000000008000a0c       0x94 c:/st/stm32cubeide_1.8.0/stm32cubeide/plugins/com.st.stm32cube.ide.mcu.externaltools.gnu-tools-for-stm32.9-2020-q2-update.win32_2.0.0.202105311346/tools/bin/../lib/gcc/arm-none-eabi/9.3.1/thumb/v6-m/nofp\libgcc.a(lesf2.o)
                0x0000000008000a0c                __ltsf2
                0x0000000008000a0c                __lesf2
 .text          0x0000000008000aa0      0x390 c:/st/stm32cubeide_1.8.0/stm32cubeide/plugins/com.st.stm32cube.ide.mcu.externaltools.gnu-tools-for-stm32.9-2020-q2-update.win32_2.0.0.202105311346/tools/bin/../lib/gcc/arm-none-eabi/9.3.1/thumb/v6-m/nofp\libgcc.a(subsf3.o)
                0x0000000008000aa0                __aeabi_fsub
 .text          0x0000000008000e30       0x40 c:/st/stm32cubeide_1.8.0/stm32cubeide/plugins/com.st.stm32cube.ide.mcu.externaltools.gnu-tools-for-stm32.9-2020-q2-update.win32_2.0.0.202105311346/tools/bin/../lib/gcc/arm-none-eabi/9.3.1/thumb/v6-m/nofp\libgcc.a(fixsfsi.o)
                0x0000000008000e30                __aeabi_f2iz
 .text          0x0000000008000e70       0x8c c:/st/stm32cubeide_1.8.0/stm32cubeide/plugins/com.st.stm32cube.ide.mcu.externaltools.gnu-tools-for-stm32.9-2020-q2-update.win32_2.0.0.202105311346/tools/bin/../lib/gcc/arm-none-eabi/9.3.1/thumb/v6-m/nofp\libgcc.a(floatsisf.o)
                0x0000000008000e70                __aeabi_i2f
 .text          0x0000000008000efc       0x78 c:/st/stm32cubeide_1.8.0/stm32cubeide/plugins/com.st.stm32cube.ide.mcu.externaltools.gnu-tools-for-stm32.9-2020-q2-update.win32_2.0.0.202105311346/tools/bin/../lib/gcc/arm-none-eabi/9.3.1/thumb/v6-m/nofp\libgcc.a(floatunsisf.o)
                0x0000000008000efc                __aeabi_ui2f
 .text          0x0000000008000f74       0x3c c:/st/stm32cubeide_1.8.0/stm32cubeide/plugins/com.st.stm32cube.ide.mcu.externaltools.gnu-tools-for-stm32.9-2020-q2-update.win32_2.0.0.202105311346/tools/bin/../lib/gcc/arm-none-eabi/9.3.1/thumb/v6-m/nofp\libgcc.a(_clzsi2.o)
                0x0000000008000f74                __clzsi2
 .text          0x0000000008000fb0       0x18 c:/st/stm32cubeide_1.8.0/stm32cubeide/plugins/com.st.stm32cube.ide.mcu.externaltools.gnu-tools-for-stm32.9-2020-q2-update.win32_2.0.0.202105311346/tools/bin/../lib/gcc/arm-none-eabi/9.3.1/thumb/v6-m/nofp\libgcc.a(_clzdi2.o)
                0x0000000008000fb0                __clzdi2
 *(.text*)
 .text.init_MPU6050
                0x0000000008000fc8       0x70 ./Core/Src/MPU6050.o
                0x0000000008000fc8                init_MPU6050
 .text.set_sensitivity
                0x0000000008001038       0x74 ./Core/Src/MPU6050.o
                0x0000000008001038                set_sensitivity
 .text.read_accel
                0x00000000080010ac       0xa6 ./Core/Src/MPU6050.o
                0x00000000080010ac                read_accel
 *fill*         0x0000000008001152        0x2 
 .text.get_angle
                0x0000000008001154       0x5c ./Core/Src/MPU6050.o
                0x0000000008001154                get_angle
 .text.setSensitivity
                0x00000000080011b0       0x28 ./Core/Src/cap1203.o
                0x00000000080011b0                setSensitivity
 .text.cap1203_init
                0x00000000080011d8       0x64 ./Core/Src/cap1203.o
                0x00000000080011d8                cap1203_init
 .text.cap1203_getinputvalue
                0x000000000800123c       0x4c ./Core/Src/cap1203.o
                0x000000000800123c                cap1203_getinputvalue
 .text.sort     0x0000000008001288       0xb0 ./Core/Src/main.o
                0x0000000008001288                sort
 .text.SSD1306_putsXY
                0x0000000008001338       0x68 ./Core/Src/main.o
                0x0000000008001338                SSD1306_putsXY
 .text.setBright
                0x00000000080013a0       0x38 ./Core/Src/main.o
                0x00000000080013a0                setBright
 .text.wLog     0x00000000080013d8       0x3c ./Core/Src/main.o
                0x00000000080013d8                wLog
 .text._strtok  0x0000000008001414       0x1a ./Core/Src/main.o
                0x0000000008001414                _strtok
 *fill*         0x000000000800142e        0x2 
 .text.f_scanFiles
                0x0000000008001430       0xc4 ./Core/Src/main.o
                0x0000000008001430                f_scanFiles
 .text.f_openTxt
                0x00000000080014f4       0x54 ./Core/Src/main.o
                0x00000000080014f4                f_openTxt
 .text.strncopy
                0x0000000008001548       0x78 ./Core/Src/main.o
                0x0000000008001548                strncopy
 .text.ro_str   0x00000000080015c0       0x28 ./Core/Src/main.o
                0x00000000080015c0                ro_str
 .text._readRotation
                0x00000000080015e8       0x2c ./Core/Src/main.o
                0x00000000080015e8                _readRotation
 .text.read_sw  0x0000000008001614       0x68 ./Core/Src/main.o
                0x0000000008001614                read_sw
 .text.getSlide
                0x000000000800167c       0xe4 ./Core/Src/main.o
                0x000000000800167c                getSlide
 .text.basicScreen
                0x0000000008001760      0x220 ./Core/Src/main.o
                0x0000000008001760                basicScreen
 .text.bookScreen
                0x0000000008001980      0x2e0 ./Core/Src/main.o
                0x0000000008001980                bookScreen
 .text.readScreen
                0x0000000008001c60      0x1bc ./Core/Src/main.o
                0x0000000008001c60                readScreen
 .text.settingScreen
                0x0000000008001e1c      0x2f8 ./Core/Src/main.o
                0x0000000008001e1c                settingScreen
 .text.HAL_TIM_PeriodElapsedCallback
                0x0000000008002114       0xdc ./Core/Src/main.o
                0x0000000008002114                HAL_TIM_PeriodElapsedCallback
 .text.SystemClock_Config
                0x00000000080021f0       0x9c ./Core/Src/main.o
                0x00000000080021f0                SystemClock_Config
 .text.startup.main
                0x000000000800228c      0x2f0 ./Core/Src/main.o
                0x000000000800228c                main
 .text.HAL_GPIO_EXTI_Callback
                0x000000000800257c       0x38 ./Core/Src/main.o
                0x000000000800257c                HAL_GPIO_EXTI_Callback
 .text.Error_Handler
                0x00000000080025b4        0x4 ./Core/Src/main.o
                0x00000000080025b4                Error_Handler
 .text.SSD1306_ToggleInvert
                0x00000000080025b8       0x2c ./Core/Src/ssd1306.o
                0x00000000080025b8                SSD1306_ToggleInvert
 .text.SSD1306_Fill
                0x00000000080025e4       0x1c ./Core/Src/ssd1306.o
                0x00000000080025e4                SSD1306_Fill
 .text.SSD1306_DrawPixel
                0x0000000008002600       0x40 ./Core/Src/ssd1306.o
                0x0000000008002600                SSD1306_DrawPixel
 .text.SSD1306_GotoXY
                0x0000000008002640        0xc ./Core/Src/ssd1306.o
                0x0000000008002640                SSD1306_GotoXY
 .text.SSD1306_Putc
                0x000000000800264c      0x188 ./Core/Src/ssd1306.o
                0x000000000800264c                SSD1306_Putc
 .text.SSD1306_Puts
                0x00000000080027d4       0x28 ./Core/Src/ssd1306.o
                0x00000000080027d4                SSD1306_Puts
 .text.ssd1306_I2C_WriteMulti
                0x00000000080027fc       0x34 ./Core/Src/ssd1306.o
                0x00000000080027fc                ssd1306_I2C_WriteMulti
 .text.ssd1306_I2C_Write
                0x0000000008002830       0x20 ./Core/Src/ssd1306.o
                0x0000000008002830                ssd1306_I2C_Write
 .text.SSD1306_UpdateScreen
                0x0000000008002850       0x70 ./Core/Src/ssd1306.o
                0x0000000008002850                SSD1306_UpdateScreen
 .text.SSD1306_Init
                0x00000000080028c0      0x16c ./Core/Src/ssd1306.o
                0x00000000080028c0                SSD1306_Init
 .text.HAL_MspInit
                0x0000000008002a2c       0x1c ./Core/Src/stm32l0xx_hal_msp.o
                0x0000000008002a2c                HAL_MspInit
 .text.HAL_ADC_MspInit
                0x0000000008002a48       0x90 ./Core/Src/stm32l0xx_hal_msp.o
                0x0000000008002a48                HAL_ADC_MspInit
 .text.HAL_I2C_MspInit
                0x0000000008002ad8       0x60 ./Core/Src/stm32l0xx_hal_msp.o
                0x0000000008002ad8                HAL_I2C_MspInit
 .text.HAL_SPI_MspInit
                0x0000000008002b38       0x5c ./Core/Src/stm32l0xx_hal_msp.o
                0x0000000008002b38                HAL_SPI_MspInit
 .text.HAL_TIM_Base_MspInit
                0x0000000008002b94       0x2c ./Core/Src/stm32l0xx_hal_msp.o
                0x0000000008002b94                HAL_TIM_Base_MspInit
 .text.SDTimer_Handler
                0x0000000008002bc0       0x2c ./Core/Src/stm32l0xx_it.o
                0x0000000008002bc0                SDTimer_Handler
 .text.NMI_Handler
                0x0000000008002bec       0x20 ./Core/Src/stm32l0xx_it.o
                0x0000000008002bec                NMI_Handler
 .text.HardFault_Handler
                0x0000000008002c0c       0x14 ./Core/Src/stm32l0xx_it.o
                0x0000000008002c0c                HardFault_Handler
 .text.SVC_Handler
                0x0000000008002c20        0x2 ./Core/Src/stm32l0xx_it.o
                0x0000000008002c20                SVC_Handler
 .text.PendSV_Handler
                0x0000000008002c22        0x2 ./Core/Src/stm32l0xx_it.o
                0x0000000008002c22                PendSV_Handler
 .text.SysTick_Handler
                0x0000000008002c24        0x8 ./Core/Src/stm32l0xx_it.o
                0x0000000008002c24                SysTick_Handler
 .text.EXTI4_15_IRQHandler
                0x0000000008002c2c       0x14 ./Core/Src/stm32l0xx_it.o
                0x0000000008002c2c                EXTI4_15_IRQHandler
 .text.DMA1_Channel1_IRQHandler
                0x0000000008002c40       0x10 ./Core/Src/stm32l0xx_it.o
                0x0000000008002c40                DMA1_Channel1_IRQHandler
 .text.TIM2_IRQHandler
                0x0000000008002c50       0x10 ./Core/Src/stm32l0xx_it.o
                0x0000000008002c50                TIM2_IRQHandler
 .text._sbrk    0x0000000008002c60       0x40 ./Core/Src/sysmem.o
                0x0000000008002c60                _sbrk
 .text.SystemInit
                0x0000000008002ca0        0x2 ./Core/Src/system_stm32l0xx.o
                0x0000000008002ca0                SystemInit
 *fill*         0x0000000008002ca2        0x2 
 .text.Reset_Handler
                0x0000000008002ca4       0x50 ./Core/Startup/startup_stm32l052k6tx.o
                0x0000000008002ca4                Reset_Handler
 .text.Default_Handler
                0x0000000008002cf4        0x2 ./Core/Startup/startup_stm32l052k6tx.o
                0x0000000008002cf4                TSC_IRQHandler
                0x0000000008002cf4                ADC1_COMP_IRQHandler
                0x0000000008002cf4                PVD_IRQHandler
                0x0000000008002cf4                I2C1_IRQHandler
                0x0000000008002cf4                RCC_CRS_IRQHandler
                0x0000000008002cf4                SPI1_IRQHandler
                0x0000000008002cf4                TIM6_DAC_IRQHandler
                0x0000000008002cf4                EXTI2_3_IRQHandler
                0x0000000008002cf4                I2C2_IRQHandler
                0x0000000008002cf4                RTC_IRQHandler
                0x0000000008002cf4                DMA1_Channel4_5_6_7_IRQHandler
                0x0000000008002cf4                Default_Handler
                0x0000000008002cf4                TIM22_IRQHandler
                0x0000000008002cf4                EXTI0_1_IRQHandler
                0x0000000008002cf4                USB_IRQHandler
                0x0000000008002cf4                SPI2_IRQHandler
                0x0000000008002cf4                TIM21_IRQHandler
                0x0000000008002cf4                WWDG_IRQHandler
                0x0000000008002cf4                DMA1_Channel2_3_IRQHandler
                0x0000000008002cf4                USART2_IRQHandler
                0x0000000008002cf4                FLASH_IRQHandler
                0x0000000008002cf4                USART1_IRQHandler
                0x0000000008002cf4                RNG_LPUART1_IRQHandler
                0x0000000008002cf4                LPTIM1_IRQHandler
 *fill*         0x0000000008002cf6        0x2 
 .text.HAL_InitTick
                0x0000000008002cf8       0x48 ./Drivers/STM32L0xx_HAL_Driver/Src/stm32l0xx_hal.o
                0x0000000008002cf8                HAL_InitTick
 .text.HAL_Init
                0x0000000008002d40       0x28 ./Drivers/STM32L0xx_HAL_Driver/Src/stm32l0xx_hal.o
                0x0000000008002d40                HAL_Init
 .text.HAL_IncTick
                0x0000000008002d68       0x18 ./Drivers/STM32L0xx_HAL_Driver/Src/stm32l0xx_hal.o
                0x0000000008002d68                HAL_IncTick
 .text.HAL_GetTick
                0x0000000008002d80        0xc ./Drivers/STM32L0xx_HAL_Driver/Src/stm32l0xx_hal.o
                0x0000000008002d80                HAL_GetTick
 .text.HAL_Delay
                0x0000000008002d8c       0x24 ./Drivers/STM32L0xx_HAL_Driver/Src/stm32l0xx_hal.o
                0x0000000008002d8c                HAL_Delay
 .text.ADC_DelayMicroSecond
                0x0000000008002db0       0x2c ./Drivers/STM32L0xx_HAL_Driver/Src/stm32l0xx_hal_adc.o
 .text.ADC_Enable
                0x0000000008002ddc       0x78 ./Drivers/STM32L0xx_HAL_Driver/Src/stm32l0xx_hal_adc.o
 .text.HAL_ADC_Init
                0x0000000008002e54      0x1b4 ./Drivers/STM32L0xx_HAL_Driver/Src/stm32l0xx_hal_adc.o
                0x0000000008002e54                HAL_ADC_Init
 .text.HAL_ADC_Start_DMA
                0x0000000008003008       0x90 ./Drivers/STM32L0xx_HAL_Driver/Src/stm32l0xx_hal_adc.o
                0x0000000008003008                HAL_ADC_Start_DMA
 .text.HAL_ADC_ConvCpltCallback
                0x0000000008003098        0x2 ./Drivers/STM32L0xx_HAL_Driver/Src/stm32l0xx_hal_adc.o
                0x0000000008003098                HAL_ADC_ConvCpltCallback
 *fill*         0x000000000800309a        0x2 
 .text.ADC_DMAConvCplt
                0x000000000800309c       0x70 ./Drivers/STM32L0xx_HAL_Driver/Src/stm32l0xx_hal_adc.o
 .text.HAL_ADC_ConvHalfCpltCallback
                0x000000000800310c        0x2 ./Drivers/STM32L0xx_HAL_Driver/Src/stm32l0xx_hal_adc.o
                0x000000000800310c                HAL_ADC_ConvHalfCpltCallback
 .text.ADC_DMAHalfConvCplt
                0x000000000800310e        0xa ./Drivers/STM32L0xx_HAL_Driver/Src/stm32l0xx_hal_adc.o
 .text.HAL_ADC_ErrorCallback
                0x0000000008003118        0x2 ./Drivers/STM32L0xx_HAL_Driver/Src/stm32l0xx_hal_adc.o
                0x0000000008003118                HAL_ADC_ErrorCallback
 .text.ADC_DMAError
                0x000000000800311a       0x1a ./Drivers/STM32L0xx_HAL_Driver/Src/stm32l0xx_hal_adc.o
 .text.HAL_ADC_ConfigChannel
                0x0000000008003134       0xa8 ./Drivers/STM32L0xx_HAL_Driver/Src/stm32l0xx_hal_adc.o
                0x0000000008003134                HAL_ADC_ConfigChannel
 .text.HAL_NVIC_SetPriority
                0x00000000080031dc       0x54 ./Drivers/STM32L0xx_HAL_Driver/Src/stm32l0xx_hal_cortex.o
                0x00000000080031dc                HAL_NVIC_SetPriority
 .text.HAL_NVIC_EnableIRQ
                0x0000000008003230       0x18 ./Drivers/STM32L0xx_HAL_Driver/Src/stm32l0xx_hal_cortex.o
                0x0000000008003230                HAL_NVIC_EnableIRQ
 .text.HAL_SYSTICK_Config
                0x0000000008003248       0x34 ./Drivers/STM32L0xx_HAL_Driver/Src/stm32l0xx_hal_cortex.o
                0x0000000008003248                HAL_SYSTICK_Config
 .text.HAL_DMA_Init
                0x000000000800327c       0x88 ./Drivers/STM32L0xx_HAL_Driver/Src/stm32l0xx_hal_dma.o
                0x000000000800327c                HAL_DMA_Init
 .text.HAL_DMA_Start_IT
                0x0000000008003304       0x80 ./Drivers/STM32L0xx_HAL_Driver/Src/stm32l0xx_hal_dma.o
                0x0000000008003304                HAL_DMA_Start_IT
 .text.HAL_DMA_IRQHandler
                0x0000000008003384       0x96 ./Drivers/STM32L0xx_HAL_Driver/Src/stm32l0xx_hal_dma.o
                0x0000000008003384                HAL_DMA_IRQHandler
 *fill*         0x000000000800341a        0x2 
 .text.HAL_GPIO_Init
                0x000000000800341c      0x178 ./Drivers/STM32L0xx_HAL_Driver/Src/stm32l0xx_hal_gpio.o
                0x000000000800341c                HAL_GPIO_Init
 .text.HAL_GPIO_WritePin
                0x0000000008003594        0xc ./Drivers/STM32L0xx_HAL_Driver/Src/stm32l0xx_hal_gpio.o
                0x0000000008003594                HAL_GPIO_WritePin
 .text.HAL_GPIO_EXTI_IRQHandler
                0x00000000080035a0       0x18 ./Drivers/STM32L0xx_HAL_Driver/Src/stm32l0xx_hal_gpio.o
                0x00000000080035a0                HAL_GPIO_EXTI_IRQHandler
 .text.I2C_Flush_TXDR
                0x00000000080035b8       0x1c ./Drivers/STM32L0xx_HAL_Driver/Src/stm32l0xx_hal_i2c.o
 .text.I2C_TransferConfig
                0x00000000080035d4       0x28 ./Drivers/STM32L0xx_HAL_Driver/Src/stm32l0xx_hal_i2c.o
 .text.I2C_IsAcknowledgeFailed
                0x00000000080035fc       0x88 ./Drivers/STM32L0xx_HAL_Driver/Src/stm32l0xx_hal_i2c.o
 .text.I2C_WaitOnRXNEFlagUntilTimeout
                0x0000000008003684       0x80 ./Drivers/STM32L0xx_HAL_Driver/Src/stm32l0xx_hal_i2c.o
 .text.I2C_WaitOnTXISFlagUntilTimeout
                0x0000000008003704       0x54 ./Drivers/STM32L0xx_HAL_Driver/Src/stm32l0xx_hal_i2c.o
 .text.I2C_WaitOnSTOPFlagUntilTimeout
                0x0000000008003758       0x50 ./Drivers/STM32L0xx_HAL_Driver/Src/stm32l0xx_hal_i2c.o
 .text.I2C_WaitOnFlagUntilTimeout
                0x00000000080037a8       0x50 ./Drivers/STM32L0xx_HAL_Driver/Src/stm32l0xx_hal_i2c.o
 .text.HAL_I2C_Init
                0x00000000080037f8       0xac ./Drivers/STM32L0xx_HAL_Driver/Src/stm32l0xx_hal_i2c.o
                0x00000000080037f8                HAL_I2C_Init
 .text.HAL_I2C_Master_Transmit
                0x00000000080038a4      0x124 ./Drivers/STM32L0xx_HAL_Driver/Src/stm32l0xx_hal_i2c.o
                0x00000000080038a4                HAL_I2C_Master_Transmit
 .text.HAL_I2C_Master_Receive
                0x00000000080039c8      0x124 ./Drivers/STM32L0xx_HAL_Driver/Src/stm32l0xx_hal_i2c.o
                0x00000000080039c8                HAL_I2C_Master_Receive
 .text.HAL_I2C_IsDeviceReady
                0x0000000008003aec      0x148 ./Drivers/STM32L0xx_HAL_Driver/Src/stm32l0xx_hal_i2c.o
                0x0000000008003aec                HAL_I2C_IsDeviceReady
 .text.HAL_I2CEx_ConfigAnalogFilter
                0x0000000008003c34       0x4c ./Drivers/STM32L0xx_HAL_Driver/Src/stm32l0xx_hal_i2c_ex.o
                0x0000000008003c34                HAL_I2CEx_ConfigAnalogFilter
 .text.HAL_I2CEx_ConfigDigitalFilter
                0x0000000008003c80       0x48 ./Drivers/STM32L0xx_HAL_Driver/Src/stm32l0xx_hal_i2c_ex.o
                0x0000000008003c80                HAL_I2CEx_ConfigDigitalFilter
 .text.HAL_I2CEx_EnableFastModePlus
                0x0000000008003cc8       0x1c ./Drivers/STM32L0xx_HAL_Driver/Src/stm32l0xx_hal_i2c_ex.o
                0x0000000008003cc8                HAL_I2CEx_EnableFastModePlus
 .text.HAL_RCC_GetSysClockFreq
                0x0000000008003ce4       0x90 ./Drivers/STM32L0xx_HAL_Driver/Src/stm32l0xx_hal_rcc.o
                0x0000000008003ce4                HAL_RCC_GetSysClockFreq
 .text.HAL_RCC_OscConfig
                0x0000000008003d74      0x508 ./Drivers/STM32L0xx_HAL_Driver/Src/stm32l0xx_hal_rcc.o
                0x0000000008003d74                HAL_RCC_OscConfig
 .text.HAL_RCC_ClockConfig
                0x000000000800427c      0x19c ./Drivers/STM32L0xx_HAL_Driver/Src/stm32l0xx_hal_rcc.o
                0x000000000800427c                HAL_RCC_ClockConfig
 .text.HAL_RCCEx_PeriphCLKConfig
                0x0000000008004418      0x1a4 ./Drivers/STM32L0xx_HAL_Driver/Src/stm32l0xx_hal_rcc_ex.o
                0x0000000008004418                HAL_RCCEx_PeriphCLKConfig
 .text.SPI_WaitFlagStateUntilTimeout.constprop.0
                0x00000000080045bc       0xb8 ./Drivers/STM32L0xx_HAL_Driver/Src/stm32l0xx_hal_spi.o
 .text.SPI_EndRxTxTransaction
                0x0000000008004674       0x64 ./Drivers/STM32L0xx_HAL_Driver/Src/stm32l0xx_hal_spi.o
 .text.HAL_SPI_Init
                0x00000000080046d8       0xc4 ./Drivers/STM32L0xx_HAL_Driver/Src/stm32l0xx_hal_spi.o
                0x00000000080046d8                HAL_SPI_Init
 .text.HAL_SPI_TransmitReceive
                0x000000000800479c      0x1ea ./Drivers/STM32L0xx_HAL_Driver/Src/stm32l0xx_hal_spi.o
                0x000000000800479c                HAL_SPI_TransmitReceive
 *fill*         0x0000000008004986        0x2 
 .text.TIM_Base_SetConfig
                0x0000000008004988       0x5c ./Drivers/STM32L0xx_HAL_Driver/Src/stm32l0xx_hal_tim.o
 .text.HAL_TIM_Base_Init
                0x00000000080049e4       0x48 ./Drivers/STM32L0xx_HAL_Driver/Src/stm32l0xx_hal_tim.o
                0x00000000080049e4                HAL_TIM_Base_Init
 .text.HAL_TIM_Base_Start_IT
                0x0000000008004a2c       0x58 ./Drivers/STM32L0xx_HAL_Driver/Src/stm32l0xx_hal_tim.o
                0x0000000008004a2c                HAL_TIM_Base_Start_IT
 .text.HAL_TIM_ConfigClockSource
                0x0000000008004a84      0x150 ./Drivers/STM32L0xx_HAL_Driver/Src/stm32l0xx_hal_tim.o
                0x0000000008004a84                HAL_TIM_ConfigClockSource
 .text.HAL_TIM_OC_DelayElapsedCallback
                0x0000000008004bd4        0x2 ./Drivers/STM32L0xx_HAL_Driver/Src/stm32l0xx_hal_tim.o
                0x0000000008004bd4                HAL_TIM_OC_DelayElapsedCallback
 .text.HAL_TIM_IC_CaptureCallback
                0x0000000008004bd6        0x2 ./Drivers/STM32L0xx_HAL_Driver/Src/stm32l0xx_hal_tim.o
                0x0000000008004bd6                HAL_TIM_IC_CaptureCallback
 .text.HAL_TIM_PWM_PulseFinishedCallback
                0x0000000008004bd8        0x2 ./Drivers/STM32L0xx_HAL_Driver/Src/stm32l0xx_hal_tim.o
                0x0000000008004bd8                HAL_TIM_PWM_PulseFinishedCallback
 .text.HAL_TIM_TriggerCallback
                0x0000000008004bda        0x2 ./Drivers/STM32L0xx_HAL_Driver/Src/stm32l0xx_hal_tim.o
                0x0000000008004bda                HAL_TIM_TriggerCallback
 .text.HAL_TIM_IRQHandler
                0x0000000008004bdc      0x110 ./Drivers/STM32L0xx_HAL_Driver/Src/stm32l0xx_hal_tim.o
                0x0000000008004bdc                HAL_TIM_IRQHandler
 .text.HAL_TIMEx_MasterConfigSynchronization
                0x0000000008004cec       0x58 ./Drivers/STM32L0xx_HAL_Driver/Src/stm32l0xx_hal_tim_ex.o
                0x0000000008004cec                HAL_TIMEx_MasterConfigSynchronization
 .text.MX_FATFS_Init
                0x0000000008004d44       0x1c ./FATFS/App/fatfs.o
                0x0000000008004d44                MX_FATFS_Init
 .text.USER_initialize
                0x0000000008004d60        0x8 ./FATFS/Target/user_diskio.o
                0x0000000008004d60                USER_initialize
 .text.USER_status
                0x0000000008004d68        0x8 ./FATFS/Target/user_diskio.o
                0x0000000008004d68                USER_status
 .text.USER_read
                0x0000000008004d70        0x8 ./FATFS/Target/user_diskio.o
                0x0000000008004d70                USER_read
 .text.USER_write
                0x0000000008004d78        0x8 ./FATFS/Target/user_diskio.o
                0x0000000008004d78                USER_write
 .text.USER_ioctl
                0x0000000008004d80        0x8 ./FATFS/Target/user_diskio.o
                0x0000000008004d80                USER_ioctl
 .text.xchg_spi
                0x0000000008004d88       0x28 ./FATFS/Target/user_diskio_spi.o
 .text.wait_ready
                0x0000000008004db0       0x28 ./FATFS/Target/user_diskio_spi.o
 .text.despiselect
                0x0000000008004dd8       0x16 ./FATFS/Target/user_diskio_spi.o
 .text.spiselect
                0x0000000008004dee       0x2c ./FATFS/Target/user_diskio_spi.o
 .text.send_cmd
                0x0000000008004e1a       0x88 ./FATFS/Target/user_diskio_spi.o
 .text.xmit_datablock.part.0
                0x0000000008004ea2       0x34 ./FATFS/Target/user_diskio_spi.o
 *fill*         0x0000000008004ed6        0x2 
 .text.SPI_Timer_On
                0x0000000008004ed8       0x1c ./FATFS/Target/user_diskio_spi.o
                0x0000000008004ed8                SPI_Timer_On
 .text.rcvr_datablock
                0x0000000008004ef4       0x4a ./FATFS/Target/user_diskio_spi.o
 *fill*         0x0000000008004f3e        0x2 
 .text.SPI_Timer_Status
                0x0000000008004f40       0x20 ./FATFS/Target/user_diskio_spi.o
                0x0000000008004f40                SPI_Timer_Status
 .text.USER_SPI_initialize
                0x0000000008004f60      0x134 ./FATFS/Target/user_diskio_spi.o
                0x0000000008004f60                USER_SPI_initialize
 .text.USER_SPI_status
                0x0000000008005094       0x14 ./FATFS/Target/user_diskio_spi.o
                0x0000000008005094                USER_SPI_status
 .text.USER_SPI_read
                0x00000000080050a8       0x88 ./FATFS/Target/user_diskio_spi.o
                0x00000000080050a8                USER_SPI_read
 .text.USER_SPI_write
                0x0000000008005130       0xcc ./FATFS/Target/user_diskio_spi.o
                0x0000000008005130                USER_SPI_write
 .text.USER_SPI_ioctl
                0x00000000080051fc      0x1c8 ./FATFS/Target/user_diskio_spi.o
                0x00000000080051fc                USER_SPI_ioctl
 .text.disk_status
                0x00000000080053c4       0x1c ./Middlewares/Third_Party/FatFs/src/diskio.o
                0x00000000080053c4                disk_status
 .text.disk_initialize
                0x00000000080053e0       0x28 ./Middlewares/Third_Party/FatFs/src/diskio.o
                0x00000000080053e0                disk_initialize
 .text.disk_read
                0x0000000008005408       0x1c ./Middlewares/Third_Party/FatFs/src/diskio.o
                0x0000000008005408                disk_read
 .text.ld_dword
                0x0000000008005424       0x16 ./Middlewares/Third_Party/FatFs/src/ff.o
 .text.clust2sect
                0x000000000800543a       0x18 ./Middlewares/Third_Party/FatFs/src/ff.o
 .text.clmt_clust
                0x0000000008005452       0x2a ./Middlewares/Third_Party/FatFs/src/ff.o
 .text.get_ldnumber
                0x000000000800547c       0x2c ./Middlewares/Third_Party/FatFs/src/ff.o
 .text.validate
                0x00000000080054a8       0x3c ./Middlewares/Third_Party/FatFs/src/ff.o
 .text.ld_clust.isra.0
                0x00000000080054e4       0x1e ./Middlewares/Third_Party/FatFs/src/ff.o
 .text.move_window
                0x0000000008005502       0x2a ./Middlewares/Third_Party/FatFs/src/ff.o
 .text.check_fs
                0x000000000800552c       0x8c ./Middlewares/Third_Party/FatFs/src/ff.o
 .text.find_volume.isra.0
                0x00000000080055b8      0x250 ./Middlewares/Third_Party/FatFs/src/ff.o
 .text.get_fat.isra.0
                0x0000000008005808       0xc0 ./Middlewares/Third_Party/FatFs/src/ff.o
 .text.dir_next.isra.0
                0x00000000080058c8       0x76 ./Middlewares/Third_Party/FatFs/src/ff.o
 .text.dir_sdi.constprop.0
                0x000000000800593e       0x6c ./Middlewares/Third_Party/FatFs/src/ff.o
 *fill*         0x00000000080059aa        0x2 
 .text.follow_path
                0x00000000080059ac      0x414 ./Middlewares/Third_Party/FatFs/src/ff.o
 .text.f_mount  0x0000000008005dc0       0x4c ./Middlewares/Third_Party/FatFs/src/ff.o
                0x0000000008005dc0                f_mount
 .text.f_open   0x0000000008005e0c       0x84 ./Middlewares/Third_Party/FatFs/src/ff.o
                0x0000000008005e0c                f_open
 .text.f_read   0x0000000008005e90      0x144 ./Middlewares/Third_Party/FatFs/src/ff.o
                0x0000000008005e90                f_read
 .text.f_close  0x0000000008005fd4       0x12 ./Middlewares/Third_Party/FatFs/src/ff.o
                0x0000000008005fd4                f_close
 .text.f_lseek  0x0000000008005fe6      0x198 ./Middlewares/Third_Party/FatFs/src/ff.o
                0x0000000008005fe6                f_lseek
 .text.f_opendir
                0x000000000800617e       0x6a ./Middlewares/Third_Party/FatFs/src/ff.o
                0x000000000800617e                f_opendir
 .text.f_closedir
                0x00000000080061e8       0x12 ./Middlewares/Third_Party/FatFs/src/ff.o
                0x00000000080061e8                f_closedir
 *fill*         0x00000000080061fa        0x2 
 .text.f_readdir
                0x00000000080061fc      0x24c ./Middlewares/Third_Party/FatFs/src/ff.o
                0x00000000080061fc                f_readdir
 .text.FATFS_LinkDriverEx
                0x0000000008006448       0x40 ./Middlewares/Third_Party/FatFs/src/ff_gen_drv.o
                0x0000000008006448                FATFS_LinkDriverEx
 .text.FATFS_LinkDriver
                0x0000000008006488        0xa ./Middlewares/Third_Party/FatFs/src/ff_gen_drv.o
                0x0000000008006488                FATFS_LinkDriver
 *fill*         0x0000000008006492        0x2 
 .text.ff_convert
                0x0000000008006494       0x38 ./Middlewares/Third_Party/FatFs/src/option/ccsbcs.o
                0x0000000008006494                ff_convert
 .text.ff_wtoupper
                0x00000000080064cc       0x88 ./Middlewares/Third_Party/FatFs/src/option/ccsbcs.o
                0x00000000080064cc                ff_wtoupper
 .text.__errno  0x0000000008006554        0xc c:/st/stm32cubeide_1.8.0/stm32cubeide/plugins/com.st.stm32cube.ide.mcu.externaltools.gnu-tools-for-stm32.9-2020-q2-update.win32_2.0.0.202105311346/tools/bin/../lib/gcc/arm-none-eabi/9.3.1/../../../../arm-none-eabi/lib/thumb/v6-m/nofp\libc_nano.a(lib_a-errno.o)
                0x0000000008006554                __errno
 .text.__libc_init_array
                0x0000000008006560       0x48 c:/st/stm32cubeide_1.8.0/stm32cubeide/plugins/com.st.stm32cube.ide.mcu.externaltools.gnu-tools-for-stm32.9-2020-q2-update.win32_2.0.0.202105311346/tools/bin/../lib/gcc/arm-none-eabi/9.3.1/../../../../arm-none-eabi/lib/thumb/v6-m/nofp\libc_nano.a(lib_a-init.o)
                0x0000000008006560                __libc_init_array
 .text.memcpy   0x00000000080065a8       0x12 c:/st/stm32cubeide_1.8.0/stm32cubeide/plugins/com.st.stm32cube.ide.mcu.externaltools.gnu-tools-for-stm32.9-2020-q2-update.win32_2.0.0.202105311346/tools/bin/../lib/gcc/arm-none-eabi/9.3.1/../../../../arm-none-eabi/lib/thumb/v6-m/nofp\libc_nano.a(lib_a-memcpy-stub.o)
                0x00000000080065a8                memcpy
 .text.memset   0x00000000080065ba       0x10 c:/st/stm32cubeide_1.8.0/stm32cubeide/plugins/com.st.stm32cube.ide.mcu.externaltools.gnu-tools-for-stm32.9-2020-q2-update.win32_2.0.0.202105311346/tools/bin/../lib/gcc/arm-none-eabi/9.3.1/../../../../arm-none-eabi/lib/thumb/v6-m/nofp\libc_nano.a(lib_a-memset.o)
                0x00000000080065ba                memset
 *fill*         0x00000000080065ca        0x2 
 .text.sprintf  0x00000000080065cc       0x40 c:/st/stm32cubeide_1.8.0/stm32cubeide/plugins/com.st.stm32cube.ide.mcu.externaltools.gnu-tools-for-stm32.9-2020-q2-update.win32_2.0.0.202105311346/tools/bin/../lib/gcc/arm-none-eabi/9.3.1/../../../../arm-none-eabi/lib/thumb/v6-m/nofp\libc_nano.a(lib_a-sprintf.o)
                0x00000000080065cc                siprintf
                0x00000000080065cc                sprintf
 .text.strcat   0x000000000800660c       0x1a c:/st/stm32cubeide_1.8.0/stm32cubeide/plugins/com.st.stm32cube.ide.mcu.externaltools.gnu-tools-for-stm32.9-2020-q2-update.win32_2.0.0.202105311346/tools/bin/../lib/gcc/arm-none-eabi/9.3.1/../../../../arm-none-eabi/lib/thumb/v6-m/nofp\libc_nano.a(lib_a-strcat.o)
                0x000000000800660c                strcat
 .text.strcpy   0x0000000008006626       0x10 c:/st/stm32cubeide_1.8.0/stm32cubeide/plugins/com.st.stm32cube.ide.mcu.externaltools.gnu-tools-for-stm32.9-2020-q2-update.win32_2.0.0.202105311346/tools/bin/../lib/gcc/arm-none-eabi/9.3.1/../../../../arm-none-eabi/lib/thumb/v6-m/nofp\libc_nano.a(lib_a-strcpy.o)
                0x0000000008006626                strcpy
 .text.strncpy  0x0000000008006636       0x28 c:/st/stm32cubeide_1.8.0/stm32cubeide/plugins/com.st.stm32cube.ide.mcu.externaltools.gnu-tools-for-stm32.9-2020-q2-update.win32_2.0.0.202105311346/tools/bin/../lib/gcc/arm-none-eabi/9.3.1/../../../../arm-none-eabi/lib/thumb/v6-m/nofp\libc_nano.a(lib_a-strncpy.o)
                0x0000000008006636                strncpy
 *fill*         0x000000000800665e        0x2 
 .text.__ssputs_r
                0x0000000008006660       0xc4 c:/st/stm32cubeide_1.8.0/stm32cubeide/plugins/com.st.stm32cube.ide.mcu.externaltools.gnu-tools-for-stm32.9-2020-q2-update.win32_2.0.0.202105311346/tools/bin/../lib/gcc/arm-none-eabi/9.3.1/../../../../arm-none-eabi/lib/thumb/v6-m/nofp\libc_nano.a(lib_a-nano-svfprintf.o)
                0x0000000008006660                __ssputs_r
 .text._svfprintf_r
                0x0000000008006724      0x200 c:/st/stm32cubeide_1.8.0/stm32cubeide/plugins/com.st.stm32cube.ide.mcu.externaltools.gnu-tools-for-stm32.9-2020-q2-update.win32_2.0.0.202105311346/tools/bin/../lib/gcc/arm-none-eabi/9.3.1/../../../../arm-none-eabi/lib/thumb/v6-m/nofp\libc_nano.a(lib_a-nano-svfprintf.o)
                0x0000000008006724                _svfiprintf_r
                0x0000000008006724                _svfprintf_r
 .text._printf_common
                0x0000000008006924       0xde c:/st/stm32cubeide_1.8.0/stm32cubeide/plugins/com.st.stm32cube.ide.mcu.externaltools.gnu-tools-for-stm32.9-2020-q2-update.win32_2.0.0.202105311346/tools/bin/../lib/gcc/arm-none-eabi/9.3.1/../../../../arm-none-eabi/lib/thumb/v6-m/nofp\libc_nano.a(lib_a-nano-vfprintf_i.o)
                0x0000000008006924                _printf_common
 *fill*         0x0000000008006a02        0x2 
 .text._printf_i
                0x0000000008006a04      0x224 c:/st/stm32cubeide_1.8.0/stm32cubeide/plugins/com.st.stm32cube.ide.mcu.externaltools.gnu-tools-for-stm32.9-2020-q2-update.win32_2.0.0.202105311346/tools/bin/../lib/gcc/arm-none-eabi/9.3.1/../../../../arm-none-eabi/lib/thumb/v6-m/nofp\libc_nano.a(lib_a-nano-vfprintf_i.o)
                0x0000000008006a04                _printf_i
 .text.memchr   0x0000000008006c28       0x16 c:/st/stm32cubeide_1.8.0/stm32cubeide/plugins/com.st.stm32cube.ide.mcu.externaltools.gnu-tools-for-stm32.9-2020-q2-update.win32_2.0.0.202105311346/tools/bin/../lib/gcc/arm-none-eabi/9.3.1/../../../../arm-none-eabi/lib/thumb/v6-m/nofp\libc_nano.a(lib_a-memchr-stub.o)
                0x0000000008006c28                memchr
 .text.memmove  0x0000000008006c3e       0x26 c:/st/stm32cubeide_1.8.0/stm32cubeide/plugins/com.st.stm32cube.ide.mcu.externaltools.gnu-tools-for-stm32.9-2020-q2-update.win32_2.0.0.202105311346/tools/bin/../lib/gcc/arm-none-eabi/9.3.1/../../../../arm-none-eabi/lib/thumb/v6-m/nofp\libc_nano.a(lib_a-memmove.o)
                0x0000000008006c3e                memmove
 .text._free_r  0x0000000008006c64       0x94 c:/st/stm32cubeide_1.8.0/stm32cubeide/plugins/com.st.stm32cube.ide.mcu.externaltools.gnu-tools-for-stm32.9-2020-q2-update.win32_2.0.0.202105311346/tools/bin/../lib/gcc/arm-none-eabi/9.3.1/../../../../arm-none-eabi/lib/thumb/v6-m/nofp\libc_nano.a(lib_a-nano-freer.o)
                0x0000000008006c64                _free_r
 .text._malloc_r
                0x0000000008006cf8       0xbc c:/st/stm32cubeide_1.8.0/stm32cubeide/plugins/com.st.stm32cube.ide.mcu.externaltools.gnu-tools-for-stm32.9-2020-q2-update.win32_2.0.0.202105311346/tools/bin/../lib/gcc/arm-none-eabi/9.3.1/../../../../arm-none-eabi/lib/thumb/v6-m/nofp\libc_nano.a(lib_a-nano-mallocr.o)
                0x0000000008006cf8                _malloc_r
 .text._realloc_r
                0x0000000008006db4       0x4c c:/st/stm32cubeide_1.8.0/stm32cubeide/plugins/com.st.stm32cube.ide.mcu.externaltools.gnu-tools-for-stm32.9-2020-q2-update.win32_2.0.0.202105311346/tools/bin/../lib/gcc/arm-none-eabi/9.3.1/../../../../arm-none-eabi/lib/thumb/v6-m/nofp\libc_nano.a(lib_a-nano-reallocr.o)
                0x0000000008006db4                _realloc_r
 .text._sbrk_r  0x0000000008006e00       0x24 c:/st/stm32cubeide_1.8.0/stm32cubeide/plugins/com.st.stm32cube.ide.mcu.externaltools.gnu-tools-for-stm32.9-2020-q2-update.win32_2.0.0.202105311346/tools/bin/../lib/gcc/arm-none-eabi/9.3.1/../../../../arm-none-eabi/lib/thumb/v6-m/nofp\libc_nano.a(lib_a-sbrkr.o)
                0x0000000008006e00                _sbrk_r
 .text.__malloc_lock
                0x0000000008006e24       0x10 c:/st/stm32cubeide_1.8.0/stm32cubeide/plugins/com.st.stm32cube.ide.mcu.externaltools.gnu-tools-for-stm32.9-2020-q2-update.win32_2.0.0.202105311346/tools/bin/../lib/gcc/arm-none-eabi/9.3.1/../../../../arm-none-eabi/lib/thumb/v6-m/nofp\libc_nano.a(lib_a-mlock.o)
                0x0000000008006e24                __malloc_lock
 .text.__malloc_unlock
                0x0000000008006e34       0x10 c:/st/stm32cubeide_1.8.0/stm32cubeide/plugins/com.st.stm32cube.ide.mcu.externaltools.gnu-tools-for-stm32.9-2020-q2-update.win32_2.0.0.202105311346/tools/bin/../lib/gcc/arm-none-eabi/9.3.1/../../../../arm-none-eabi/lib/thumb/v6-m/nofp\libc_nano.a(lib_a-mlock.o)
                0x0000000008006e34                __malloc_unlock
 .text._malloc_usable_size_r
                0x0000000008006e44       0x10 c:/st/stm32cubeide_1.8.0/stm32cubeide/plugins/com.st.stm32cube.ide.mcu.externaltools.gnu-tools-for-stm32.9-2020-q2-update.win32_2.0.0.202105311346/tools/bin/../lib/gcc/arm-none-eabi/9.3.1/../../../../arm-none-eabi/lib/thumb/v6-m/nofp\libc_nano.a(lib_a-nano-msizer.o)
                0x0000000008006e44                _malloc_usable_size_r
 .text.__retarget_lock_acquire_recursive
                0x0000000008006e54        0x2 c:/st/stm32cubeide_1.8.0/stm32cubeide/plugins/com.st.stm32cube.ide.mcu.externaltools.gnu-tools-for-stm32.9-2020-q2-update.win32_2.0.0.202105311346/tools/bin/../lib/gcc/arm-none-eabi/9.3.1/../../../../arm-none-eabi/lib/thumb/v6-m/nofp\libc_nano.a(lib_a-lock.o)
                0x0000000008006e54                __retarget_lock_acquire_recursive
 .text.__retarget_lock_release_recursive
                0x0000000008006e56        0x2 c:/st/stm32cubeide_1.8.0/stm32cubeide/plugins/com.st.stm32cube.ide.mcu.externaltools.gnu-tools-for-stm32.9-2020-q2-update.win32_2.0.0.202105311346/tools/bin/../lib/gcc/arm-none-eabi/9.3.1/../../../../arm-none-eabi/lib/thumb/v6-m/nofp\libc_nano.a(lib_a-lock.o)
                0x0000000008006e56                __retarget_lock_release_recursive
 *(.glue_7)
 .glue_7        0x0000000008006e58        0x0 linker stubs
 *(.glue_7t)
 .glue_7t       0x0000000008006e58        0x0 linker stubs
 *(.eh_frame)
 .eh_frame      0x0000000008006e58        0x0 c:/st/stm32cubeide_1.8.0/stm32cubeide/plugins/com.st.stm32cube.ide.mcu.externaltools.gnu-tools-for-stm32.9-2020-q2-update.win32_2.0.0.202105311346/tools/bin/../lib/gcc/arm-none-eabi/9.3.1/thumb/v6-m/nofp/crtbegin.o
 *(.init)
 .init          0x0000000008006e58        0x4 c:/st/stm32cubeide_1.8.0/stm32cubeide/plugins/com.st.stm32cube.ide.mcu.externaltools.gnu-tools-for-stm32.9-2020-q2-update.win32_2.0.0.202105311346/tools/bin/../lib/gcc/arm-none-eabi/9.3.1/thumb/v6-m/nofp/crti.o
                0x0000000008006e58                _init
 .init          0x0000000008006e5c        0x8 c:/st/stm32cubeide_1.8.0/stm32cubeide/plugins/com.st.stm32cube.ide.mcu.externaltools.gnu-tools-for-stm32.9-2020-q2-update.win32_2.0.0.202105311346/tools/bin/../lib/gcc/arm-none-eabi/9.3.1/thumb/v6-m/nofp/crtn.o
 *(.fini)
 .fini          0x0000000008006e64        0x4 c:/st/stm32cubeide_1.8.0/stm32cubeide/plugins/com.st.stm32cube.ide.mcu.externaltools.gnu-tools-for-stm32.9-2020-q2-update.win32_2.0.0.202105311346/tools/bin/../lib/gcc/arm-none-eabi/9.3.1/thumb/v6-m/nofp/crti.o
                0x0000000008006e64                _fini
 .fini          0x0000000008006e68        0x8 c:/st/stm32cubeide_1.8.0/stm32cubeide/plugins/com.st.stm32cube.ide.mcu.externaltools.gnu-tools-for-stm32.9-2020-q2-update.win32_2.0.0.202105311346/tools/bin/../lib/gcc/arm-none-eabi/9.3.1/thumb/v6-m/nofp/crtn.o
                0x0000000008006e70                . = ALIGN (0x4)
                0x0000000008006e70                _etext = .

.vfp11_veneer   0x0000000008006e70        0x0
 .vfp11_veneer  0x0000000008006e70        0x0 linker stubs

.v4_bx          0x0000000008006e70        0x0
 .v4_bx         0x0000000008006e70        0x0 linker stubs

.iplt           0x0000000008006e70        0x0
 .iplt          0x0000000008006e70        0x0 c:/st/stm32cubeide_1.8.0/stm32cubeide/plugins/com.st.stm32cube.ide.mcu.externaltools.gnu-tools-for-stm32.9-2020-q2-update.win32_2.0.0.202105311346/tools/bin/../lib/gcc/arm-none-eabi/9.3.1/thumb/v6-m/nofp/crtbegin.o

.rodata         0x0000000008006e70      0xbb8
                0x0000000008006e70                . = ALIGN (0x4)
 *(.rodata)
 .rodata        0x0000000008006e70       0x80 c:/st/stm32cubeide_1.8.0/stm32cubeide/plugins/com.st.stm32cube.ide.mcu.externaltools.gnu-tools-for-stm32.9-2020-q2-update.win32_2.0.0.202105311346/tools/bin/../lib/gcc/arm-none-eabi/9.3.1/thumb/v6-m/nofp\libgcc.a(divsf3.o)
 *(.rodata*)
 .rodata.Font6x8
                0x0000000008006ef0      0x5f0 ./Core/Src/fonts.o
                0x0000000008006ef0                Font6x8
 .rodata.f_scanFiles.str1.1
                0x00000000080074e0        0x2 ./Core/Src/main.o
                                          0x3 (size before relaxing)
 .rodata.basicScreen.str1.1
                0x00000000080074e2       0x4f ./Core/Src/main.o
 .rodata.bookScreen.str1.1
                0x0000000008007531        0x9 ./Core/Src/main.o
 .rodata.readScreen.str1.1
                0x000000000800753a        0x5 ./Core/Src/main.o
 .rodata.settingScreen.str1.1
                0x000000000800753f       0x4f ./Core/Src/main.o
 .rodata.settingScreen.cst1
                0x000000000800758e        0x1 ./Core/Src/main.o
 .rodata.AHBPrescTable
                0x000000000800758f       0x10 ./Core/Src/system_stm32l0xx.o
                0x000000000800758f                AHBPrescTable
 .rodata.PLLMulTable
                0x000000000800759f        0x9 ./Core/Src/system_stm32l0xx.o
                0x000000000800759f                PLLMulTable
 .rodata.follow_path.str1.1
                0x00000000080075a8       0x10 ./Middlewares/Third_Party/FatFs/src/ff.o
 .rodata.ExCvt  0x00000000080075b8       0x80 ./Middlewares/Third_Party/FatFs/src/ff.o
 .rodata.LfnOfs
                0x0000000008007638        0xd ./Middlewares/Third_Party/FatFs/src/ff.o
 *fill*         0x0000000008007645        0x1 
 .rodata.Tbl    0x0000000008007646      0x100 ./Middlewares/Third_Party/FatFs/src/option/ccsbcs.o
 .rodata.cvt1.7121
                0x0000000008007746      0x1f2 ./Middlewares/Third_Party/FatFs/src/option/ccsbcs.o
 .rodata.cvt2.7122
                0x0000000008007938       0xbc ./Middlewares/Third_Party/FatFs/src/option/ccsbcs.o
 .rodata._svfprintf_r.str1.1
                0x00000000080079f4       0x11 c:/st/stm32cubeide_1.8.0/stm32cubeide/plugins/com.st.stm32cube.ide.mcu.externaltools.gnu-tools-for-stm32.9-2020-q2-update.win32_2.0.0.202105311346/tools/bin/../lib/gcc/arm-none-eabi/9.3.1/../../../../arm-none-eabi/lib/thumb/v6-m/nofp\libc_nano.a(lib_a-nano-svfprintf.o)
 .rodata._printf_i.str1.1
                0x0000000008007a05       0x22 c:/st/stm32cubeide_1.8.0/stm32cubeide/plugins/com.st.stm32cube.ide.mcu.externaltools.gnu-tools-for-stm32.9-2020-q2-update.win32_2.0.0.202105311346/tools/bin/../lib/gcc/arm-none-eabi/9.3.1/../../../../arm-none-eabi/lib/thumb/v6-m/nofp\libc_nano.a(lib_a-nano-vfprintf_i.o)
                0x0000000008007a28                . = ALIGN (0x4)
 *fill*         0x0000000008007a27        0x1 

.ARM.extab
 *(.ARM.extab* .gnu.linkonce.armextab.*)

.ARM            0x0000000008007a28        0x8
                0x0000000008007a28                __exidx_start = .
 *(.ARM.exidx*)
 .ARM.exidx     0x0000000008007a28        0x8 c:/st/stm32cubeide_1.8.0/stm32cubeide/plugins/com.st.stm32cube.ide.mcu.externaltools.gnu-tools-for-stm32.9-2020-q2-update.win32_2.0.0.202105311346/tools/bin/../lib/gcc/arm-none-eabi/9.3.1/thumb/v6-m/nofp\libgcc.a(_udivmoddi4.o)
                0x0000000008007a30                __exidx_end = .

.rel.dyn        0x0000000008007a30        0x0
 .rel.iplt      0x0000000008007a30        0x0 c:/st/stm32cubeide_1.8.0/stm32cubeide/plugins/com.st.stm32cube.ide.mcu.externaltools.gnu-tools-for-stm32.9-2020-q2-update.win32_2.0.0.202105311346/tools/bin/../lib/gcc/arm-none-eabi/9.3.1/thumb/v6-m/nofp/crtbegin.o

.preinit_array  0x0000000008007a30        0x0
                0x0000000008007a30                PROVIDE (__preinit_array_start = .)
 *(.preinit_array*)
                0x0000000008007a30                PROVIDE (__preinit_array_end = .)

.init_array     0x0000000008007a30        0x4
                0x0000000008007a30                PROVIDE (__init_array_start = .)
 *(SORT_BY_NAME(.init_array.*))
 *(.init_array*)
 .init_array    0x0000000008007a30        0x4 c:/st/stm32cubeide_1.8.0/stm32cubeide/plugins/com.st.stm32cube.ide.mcu.externaltools.gnu-tools-for-stm32.9-2020-q2-update.win32_2.0.0.202105311346/tools/bin/../lib/gcc/arm-none-eabi/9.3.1/thumb/v6-m/nofp/crtbegin.o
                0x0000000008007a34                PROVIDE (__init_array_end = .)

.fini_array     0x0000000008007a34        0x4
                [!provide]                        PROVIDE (__fini_array_start = .)
 *(SORT_BY_NAME(.fini_array.*))
 *(.fini_array*)
 .fini_array    0x0000000008007a34        0x4 c:/st/stm32cubeide_1.8.0/stm32cubeide/plugins/com.st.stm32cube.ide.mcu.externaltools.gnu-tools-for-stm32.9-2020-q2-update.win32_2.0.0.202105311346/tools/bin/../lib/gcc/arm-none-eabi/9.3.1/thumb/v6-m/nofp/crtbegin.o
                [!provide]                        PROVIDE (__fini_array_end = .)
                0x0000000008007a38                _sidata = LOADADDR (.data)

.data           0x0000000020000000       0x98 load address 0x0000000008007a38
                0x0000000020000000                . = ALIGN (0x4)
                0x0000000020000000                _sdata = .
 *(.data)
 *(.data*)
 .data.Font_6x8
                0x0000000020000000        0x8 ./Core/Src/fonts.o
                0x0000000020000000                Font_6x8
 .data.bookLog  0x0000000020000008        0x3 ./Core/Src/main.o
                0x0000000020000008                bookLog
 .data.brightness.9158
                0x000000002000000b        0x1 ./Core/Src/main.o
 .data.modeState.9154
                0x000000002000000c        0x1 ./Core/Src/main.o
 .data.selMax.9120
                0x000000002000000d        0x1 ./Core/Src/main.o
 .data.sensitivity.9156
                0x000000002000000e        0x1 ./Core/Src/main.o
 *fill*         0x000000002000000f        0x1 
 .data.SystemCoreClock
                0x0000000020000010        0x4 ./Core/Src/system_stm32l0xx.o
                0x0000000020000010                SystemCoreClock
 .data.uwTickFreq
                0x0000000020000014        0x1 ./Drivers/STM32L0xx_HAL_Driver/Src/stm32l0xx_hal.o
                0x0000000020000014                uwTickFreq
 *fill*         0x0000000020000015        0x3 
 .data.uwTickPrio
                0x0000000020000018        0x4 ./Drivers/STM32L0xx_HAL_Driver/Src/stm32l0xx_hal.o
                0x0000000020000018                uwTickPrio
 .data.USER_Driver
                0x000000002000001c       0x14 ./FATFS/Target/user_diskio.o
                0x000000002000001c                USER_Driver
 .data.Stat     0x0000000020000030        0x1 ./FATFS/Target/user_diskio_spi.o
 *fill*         0x0000000020000031        0x3 
 .data._impure_ptr
                0x0000000020000034        0x4 c:/st/stm32cubeide_1.8.0/stm32cubeide/plugins/com.st.stm32cube.ide.mcu.externaltools.gnu-tools-for-stm32.9-2020-q2-update.win32_2.0.0.202105311346/tools/bin/../lib/gcc/arm-none-eabi/9.3.1/../../../../arm-none-eabi/lib/thumb/v6-m/nofp\libc_nano.a(lib_a-impure.o)
                0x0000000020000034                _impure_ptr
 .data.impure_data
                0x0000000020000038       0x60 c:/st/stm32cubeide_1.8.0/stm32cubeide/plugins/com.st.stm32cube.ide.mcu.externaltools.gnu-tools-for-stm32.9-2020-q2-update.win32_2.0.0.202105311346/tools/bin/../lib/gcc/arm-none-eabi/9.3.1/../../../../arm-none-eabi/lib/thumb/v6-m/nofp\libc_nano.a(lib_a-impure.o)
                0x0000000020000098                . = ALIGN (0x4)
                0x0000000020000098                _edata = .

.igot.plt       0x0000000020000098        0x0 load address 0x0000000008007ad0
 .igot.plt      0x0000000020000098        0x0 c:/st/stm32cubeide_1.8.0/stm32cubeide/plugins/com.st.stm32cube.ide.mcu.externaltools.gnu-tools-for-stm32.9-2020-q2-update.win32_2.0.0.202105311346/tools/bin/../lib/gcc/arm-none-eabi/9.3.1/thumb/v6-m/nofp/crtbegin.o
                0x0000000020000098                . = ALIGN (0x4)

.bss            0x0000000020000098     0x1dcc load address 0x0000000008007ad0
                0x0000000020000098                _sbss = .
                0x0000000020000098                __bss_start__ = _sbss
 *(.bss)
 .bss           0x0000000020000098       0x1c c:/st/stm32cubeide_1.8.0/stm32cubeide/plugins/com.st.stm32cube.ide.mcu.externaltools.gnu-tools-for-stm32.9-2020-q2-update.win32_2.0.0.202105311346/tools/bin/../lib/gcc/arm-none-eabi/9.3.1/thumb/v6-m/nofp/crtbegin.o
 *(.bss*)
 .bss.angle.7078
                0x00000000200000b4        0x1 ./Core/Src/MPU6050.o
 .bss._ro_str.9124
                0x00000000200000b5       0x28 ./Core/Src/main.o
 .bss.b_sel.9122
                0x00000000200000dd        0x1 ./Core/Src/main.o
 *fill*         0x00000000200000de        0x2 
 .bss.cap1203State.9103
                0x00000000200000e0        0x4 ./Core/Src/main.o
 .bss.f_sel.9119
                0x00000000200000e4        0x1 ./Core/Src/main.o
 *fill*         0x00000000200000e5        0x3 
 .bss.frev_tick.9096
                0x00000000200000e8        0x8 ./Core/Src/main.o
 .bss.frev_tick.9123
                0x00000000200000f0        0x4 ./Core/Src/main.o
 .bss.i.9043    0x00000000200000f4        0x1 ./Core/Src/main.o
 .bss.key       0x00000000200000f5        0x1 ./Core/Src/main.o
                0x00000000200000f5                key
 .bss.modeState.9118
                0x00000000200000f6        0x1 ./Core/Src/main.o
 *fill*         0x00000000200000f7        0x1 
 .bss.nowPage.9144
                0x00000000200000f8        0x4 ./Core/Src/main.o
 .bss.screenState.9108
                0x00000000200000fc        0x1 ./Core/Src/main.o
 .bss.screenState.9121
                0x00000000200000fd        0x1 ./Core/Src/main.o
 .bss.screenState.9155
                0x00000000200000fe        0x1 ./Core/Src/main.o
 .bss.sel.9107  0x00000000200000ff        0x1 ./Core/Src/main.o
 .bss.sel.9117  0x0000000020000100        0x1 ./Core/Src/main.o
 .bss.sel.9153  0x0000000020000101        0x1 ./Core/Src/main.o
 .bss.setAutoBright.9157
                0x0000000020000102        0x1 ./Core/Src/main.o
 .bss.setAutoRotate.9159
                0x0000000020000103        0x1 ./Core/Src/main.o
 .bss.slideState.9142
                0x0000000020000104        0x1 ./Core/Src/main.o
 .bss.slideState.9160
                0x0000000020000105        0x1 ./Core/Src/main.o
 *fill*         0x0000000020000106        0x2 
 .bss.st.9143   0x0000000020000108        0x8 ./Core/Src/main.o
 .bss.state.9097
                0x0000000020000110        0x2 ./Core/Src/main.o
 .bss.swipMode.9104
                0x0000000020000112        0x1 ./Core/Src/main.o
 *fill*         0x0000000020000113        0x1 
 .bss.SSD1306   0x0000000020000114        0x6 ./Core/Src/ssd1306.o
 .bss.SSD1306_Buffer
                0x000000002000011a      0x800 ./Core/Src/ssd1306.o
 .bss.FatFsCnt  0x000000002000091a        0x1 ./Core/Src/stm32l0xx_it.o
                0x000000002000091a                FatFsCnt
 *fill*         0x000000002000091b        0x1 
 .bss.hardfault_flag.6308
                0x000000002000091c        0x4 ./Core/Src/stm32l0xx_it.o
 .bss.__sbrk_heap_end
                0x0000000020000920        0x4 ./Core/Src/sysmem.o
 .bss.CardType  0x0000000020000924        0x1 ./FATFS/Target/user_diskio_spi.o
 *fill*         0x0000000020000925        0x3 
 .bss.FatFs     0x0000000020000928        0x4 ./Middlewares/Third_Party/FatFs/src/ff.o
 .bss.Fsid      0x000000002000092c        0x2 ./Middlewares/Third_Party/FatFs/src/ff.o
 .bss.LfnBuf    0x000000002000092e      0x200 ./Middlewares/Third_Party/FatFs/src/ff.o
 *fill*         0x0000000020000b2e        0x2 
 .bss.disk      0x0000000020000b30        0xc ./Middlewares/Third_Party/FatFs/src/ff_gen_drv.o
                0x0000000020000b30                disk
 .bss.__malloc_free_list
                0x0000000020000b3c        0x4 c:/st/stm32cubeide_1.8.0/stm32cubeide/plugins/com.st.stm32cube.ide.mcu.externaltools.gnu-tools-for-stm32.9-2020-q2-update.win32_2.0.0.202105311346/tools/bin/../lib/gcc/arm-none-eabi/9.3.1/../../../../arm-none-eabi/lib/thumb/v6-m/nofp\libc_nano.a(lib_a-nano-mallocr.o)
                0x0000000020000b3c                __malloc_free_list
 .bss.__malloc_sbrk_start
                0x0000000020000b40        0x4 c:/st/stm32cubeide_1.8.0/stm32cubeide/plugins/com.st.stm32cube.ide.mcu.externaltools.gnu-tools-for-stm32.9-2020-q2-update.win32_2.0.0.202105311346/tools/bin/../lib/gcc/arm-none-eabi/9.3.1/../../../../arm-none-eabi/lib/thumb/v6-m/nofp\libc_nano.a(lib_a-nano-mallocr.o)
                0x0000000020000b40                __malloc_sbrk_start
 *(COMMON)
 COMMON         0x0000000020000b44       0x4c ./Core/Src/MPU6050.o
                0x0000000020000b44                hi2c1
 COMMON         0x0000000020000b90      0xe5c ./Core/Src/main.o
                0x0000000020000b90                fre_clust
                0x0000000020000b94                buzM
                0x0000000020000b95                bookCount
                0x0000000020000b98                buzC
                0x0000000020000b9c                befoSw1c
                0x0000000020000ba0                fs
                0x0000000020000dcc                rotarySw
                0x0000000020000dcd                readingBook
                0x0000000020000f24                cnt
                0x0000000020000f28                autoRotate
                0x0000000020000f2c                temp
                0x0000000020000f30                firF
                0x0000000020000f34                befoAngleC
                0x0000000020000f38                nowCap1203
                0x0000000020000f3c                Mpu6050
                0x0000000020000f68                angle
                0x0000000020000f6c                befoCap1203
                0x0000000020000f70                autoBright
                0x0000000020000f74                dir
                0x0000000020000fa4                nowBook
                0x0000000020000fa8                hspi1
                0x0000000020001000                htim2
                0x0000000020001040                nowAngleC
                0x0000000020001044                hdma_adc
                0x000000002000108c                fres
                0x000000002000108d                nowAngle
                0x0000000020001090                nowSw1c
                0x0000000020001094                befoSw2
                0x0000000020001098                hadc
                0x00000000200010f4                fil
                0x0000000020001318                befoAngle
                0x0000000020001320                bookArray
                0x00000000200019b0                bf
                0x00000000200019e4                value
                0x00000000200019e8                nowSw2
 COMMON         0x00000000200019ec        0x2 ./Core/Src/stm32l0xx_it.o
                0x00000000200019ec                Timer2
                0x00000000200019ed                Timer1
 *fill*         0x00000000200019ee        0x2 
 COMMON         0x00000000200019f0        0x4 ./Drivers/STM32L0xx_HAL_Driver/Src/stm32l0xx_hal.o
                0x00000000200019f0                uwTick
 COMMON         0x00000000200019f4      0x458 ./FATFS/App/fatfs.o
                0x00000000200019f4                USERPath
                0x00000000200019f8                retUSER
                0x00000000200019fc                USERFile
                0x0000000020001c20                USERFatFS
 COMMON         0x0000000020001e4c        0x8 ./FATFS/Target/user_diskio_spi.o
                0x0000000020001e4c                spiTimerTickStart
                0x0000000020001e50                spiTimerTickDelay
 COMMON         0x0000000020001e54        0x4 c:/st/stm32cubeide_1.8.0/stm32cubeide/plugins/com.st.stm32cube.ide.mcu.externaltools.gnu-tools-for-stm32.9-2020-q2-update.win32_2.0.0.202105311346/tools/bin/../lib/gcc/arm-none-eabi/9.3.1/../../../../arm-none-eabi/lib/thumb/v6-m/nofp\libc_nano.a(lib_a-reent.o)
                0x0000000020001e54                errno
 COMMON         0x0000000020001e58        0x9 c:/st/stm32cubeide_1.8.0/stm32cubeide/plugins/com.st.stm32cube.ide.mcu.externaltools.gnu-tools-for-stm32.9-2020-q2-update.win32_2.0.0.202105311346/tools/bin/../lib/gcc/arm-none-eabi/9.3.1/../../../../arm-none-eabi/lib/thumb/v6-m/nofp\libc_nano.a(lib_a-lock.o)
                0x0000000020001e58                __lock___atexit_recursive_mutex
                0x0000000020001e59                __lock___arc4random_mutex
                0x0000000020001e5a                __lock___env_recursive_mutex
                0x0000000020001e5b                __lock___sinit_recursive_mutex
                0x0000000020001e5c                __lock___malloc_recursive_mutex
                0x0000000020001e5d                __lock___at_quick_exit_mutex
                0x0000000020001e5e                __lock___dd_hash_mutex
                0x0000000020001e5f                __lock___tz_mutex
                0x0000000020001e60                __lock___sfp_recursive_mutex
                0x0000000020001e64                . = ALIGN (0x4)
 *fill*         0x0000000020001e61        0x3 
                0x0000000020001e64                _ebss = .
                0x0000000020001e64                __bss_end__ = _ebss

._user_heap_stack
                0x0000000020001e64      0x400 load address 0x0000000008007ad0
                0x0000000020001e64                . = ALIGN (0x4)
                [!provide]                        PROVIDE (end = .)
                0x0000000020001e64                PROVIDE (_end = .)
                0x0000000020001e64                . = (. + _Min_Heap_Size)
                0x0000000020002264                . = (. + _Min_Stack_Size)
 *fill*         0x0000000020001e64      0x400 
                0x0000000020002264                . = ALIGN (0x4)

.memory_b1_text
 *(.mb1text)
 *(.mb1text*)
 *(.mb1rodata)
 *(.mb1rodata*)

/DISCARD/
 libc.a(*)
 libm.a(*)
 libgcc.a(*)

.ARM.attributes
                0x0000000000000000       0x28
 *(.ARM.attributes)
 .ARM.attributes
                0x0000000000000000       0x1e c:/st/stm32cubeide_1.8.0/stm32cubeide/plugins/com.st.stm32cube.ide.mcu.externaltools.gnu-tools-for-stm32.9-2020-q2-update.win32_2.0.0.202105311346/tools/bin/../lib/gcc/arm-none-eabi/9.3.1/thumb/v6-m/nofp/crti.o
 .ARM.attributes
                0x000000000000001e       0x2c c:/st/stm32cubeide_1.8.0/stm32cubeide/plugins/com.st.stm32cube.ide.mcu.externaltools.gnu-tools-for-stm32.9-2020-q2-update.win32_2.0.0.202105311346/tools/bin/../lib/gcc/arm-none-eabi/9.3.1/thumb/v6-m/nofp/crtbegin.o
 .ARM.attributes
                0x000000000000004a       0x2c ./Core/Src/MPU6050.o
 .ARM.attributes
                0x0000000000000076       0x2c ./Core/Src/cap1203.o
 .ARM.attributes
                0x00000000000000a2       0x2c ./Core/Src/fonts.o
 .ARM.attributes
                0x00000000000000ce       0x2c ./Core/Src/main.o
 .ARM.attributes
                0x00000000000000fa       0x2c ./Core/Src/ssd1306.o
 .ARM.attributes
                0x0000000000000126       0x2c ./Core/Src/stm32l0xx_hal_msp.o
 .ARM.attributes
                0x0000000000000152       0x2c ./Core/Src/stm32l0xx_it.o
 .ARM.attributes
                0x000000000000017e       0x2c ./Core/Src/sysmem.o
 .ARM.attributes
                0x00000000000001aa       0x2c ./Core/Src/system_stm32l0xx.o
 .ARM.attributes
                0x00000000000001d6       0x22 ./Core/Startup/startup_stm32l052k6tx.o
 .ARM.attributes
                0x00000000000001f8       0x2c ./Drivers/STM32L0xx_HAL_Driver/Src/stm32l0xx_hal.o
 .ARM.attributes
                0x0000000000000224       0x2c ./Drivers/STM32L0xx_HAL_Driver/Src/stm32l0xx_hal_adc.o
 .ARM.attributes
                0x0000000000000250       0x2c ./Drivers/STM32L0xx_HAL_Driver/Src/stm32l0xx_hal_cortex.o
 .ARM.attributes
                0x000000000000027c       0x2c ./Drivers/STM32L0xx_HAL_Driver/Src/stm32l0xx_hal_dma.o
 .ARM.attributes
                0x00000000000002a8       0x2c ./Drivers/STM32L0xx_HAL_Driver/Src/stm32l0xx_hal_gpio.o
 .ARM.attributes
                0x00000000000002d4       0x2c ./Drivers/STM32L0xx_HAL_Driver/Src/stm32l0xx_hal_i2c.o
 .ARM.attributes
                0x0000000000000300       0x2c ./Drivers/STM32L0xx_HAL_Driver/Src/stm32l0xx_hal_i2c_ex.o
 .ARM.attributes
                0x000000000000032c       0x2c ./Drivers/STM32L0xx_HAL_Driver/Src/stm32l0xx_hal_rcc.o
 .ARM.attributes
                0x0000000000000358       0x2c ./Drivers/STM32L0xx_HAL_Driver/Src/stm32l0xx_hal_rcc_ex.o
 .ARM.attributes
                0x0000000000000384       0x2c ./Drivers/STM32L0xx_HAL_Driver/Src/stm32l0xx_hal_spi.o
 .ARM.attributes
                0x00000000000003b0       0x2c ./Drivers/STM32L0xx_HAL_Driver/Src/stm32l0xx_hal_tim.o
 .ARM.attributes
                0x00000000000003dc       0x2c ./Drivers/STM32L0xx_HAL_Driver/Src/stm32l0xx_hal_tim_ex.o
 .ARM.attributes
                0x0000000000000408       0x2c ./FATFS/App/fatfs.o
 .ARM.attributes
                0x0000000000000434       0x2c ./FATFS/Target/user_diskio.o
 .ARM.attributes
                0x0000000000000460       0x2c ./FATFS/Target/user_diskio_spi.o
 .ARM.attributes
                0x000000000000048c       0x2c ./Middlewares/Third_Party/FatFs/src/diskio.o
 .ARM.attributes
                0x00000000000004b8       0x2c ./Middlewares/Third_Party/FatFs/src/ff.o
 .ARM.attributes
                0x00000000000004e4       0x2c ./Middlewares/Third_Party/FatFs/src/ff_gen_drv.o
 .ARM.attributes
                0x0000000000000510       0x2c ./Middlewares/Third_Party/FatFs/src/option/ccsbcs.o
 .ARM.attributes
                0x000000000000053c       0x2c c:/st/stm32cubeide_1.8.0/stm32cubeide/plugins/com.st.stm32cube.ide.mcu.externaltools.gnu-tools-for-stm32.9-2020-q2-update.win32_2.0.0.202105311346/tools/bin/../lib/gcc/arm-none-eabi/9.3.1/../../../../arm-none-eabi/lib/thumb/v6-m/nofp\libc_nano.a(lib_a-errno.o)
 .ARM.attributes
                0x0000000000000568       0x2c c:/st/stm32cubeide_1.8.0/stm32cubeide/plugins/com.st.stm32cube.ide.mcu.externaltools.gnu-tools-for-stm32.9-2020-q2-update.win32_2.0.0.202105311346/tools/bin/../lib/gcc/arm-none-eabi/9.3.1/../../../../arm-none-eabi/lib/thumb/v6-m/nofp\libc_nano.a(lib_a-impure.o)
 .ARM.attributes
                0x0000000000000594       0x2c c:/st/stm32cubeide_1.8.0/stm32cubeide/plugins/com.st.stm32cube.ide.mcu.externaltools.gnu-tools-for-stm32.9-2020-q2-update.win32_2.0.0.202105311346/tools/bin/../lib/gcc/arm-none-eabi/9.3.1/../../../../arm-none-eabi/lib/thumb/v6-m/nofp\libc_nano.a(lib_a-init.o)
 .ARM.attributes
                0x00000000000005c0       0x2c c:/st/stm32cubeide_1.8.0/stm32cubeide/plugins/com.st.stm32cube.ide.mcu.externaltools.gnu-tools-for-stm32.9-2020-q2-update.win32_2.0.0.202105311346/tools/bin/../lib/gcc/arm-none-eabi/9.3.1/../../../../arm-none-eabi/lib/thumb/v6-m/nofp\libc_nano.a(lib_a-memcpy-stub.o)
 .ARM.attributes
                0x00000000000005ec       0x2c c:/st/stm32cubeide_1.8.0/stm32cubeide/plugins/com.st.stm32cube.ide.mcu.externaltools.gnu-tools-for-stm32.9-2020-q2-update.win32_2.0.0.202105311346/tools/bin/../lib/gcc/arm-none-eabi/9.3.1/../../../../arm-none-eabi/lib/thumb/v6-m/nofp\libc_nano.a(lib_a-memset.o)
 .ARM.attributes
                0x0000000000000618       0x2c c:/st/stm32cubeide_1.8.0/stm32cubeide/plugins/com.st.stm32cube.ide.mcu.externaltools.gnu-tools-for-stm32.9-2020-q2-update.win32_2.0.0.202105311346/tools/bin/../lib/gcc/arm-none-eabi/9.3.1/../../../../arm-none-eabi/lib/thumb/v6-m/nofp\libc_nano.a(lib_a-sprintf.o)
 .ARM.attributes
                0x0000000000000644       0x2c c:/st/stm32cubeide_1.8.0/stm32cubeide/plugins/com.st.stm32cube.ide.mcu.externaltools.gnu-tools-for-stm32.9-2020-q2-update.win32_2.0.0.202105311346/tools/bin/../lib/gcc/arm-none-eabi/9.3.1/../../../../arm-none-eabi/lib/thumb/v6-m/nofp\libc_nano.a(lib_a-strcat.o)
 .ARM.attributes
                0x0000000000000670       0x1c c:/st/stm32cubeide_1.8.0/stm32cubeide/plugins/com.st.stm32cube.ide.mcu.externaltools.gnu-tools-for-stm32.9-2020-q2-update.win32_2.0.0.202105311346/tools/bin/../lib/gcc/arm-none-eabi/9.3.1/../../../../arm-none-eabi/lib/thumb/v6-m/nofp\libc_nano.a(lib_a-strcmp.o)
 .ARM.attributes
                0x000000000000068c       0x2c c:/st/stm32cubeide_1.8.0/stm32cubeide/plugins/com.st.stm32cube.ide.mcu.externaltools.gnu-tools-for-stm32.9-2020-q2-update.win32_2.0.0.202105311346/tools/bin/../lib/gcc/arm-none-eabi/9.3.1/../../../../arm-none-eabi/lib/thumb/v6-m/nofp\libc_nano.a(lib_a-strcpy.o)
 .ARM.attributes
                0x00000000000006b8       0x1c c:/st/stm32cubeide_1.8.0/stm32cubeide/plugins/com.st.stm32cube.ide.mcu.externaltools.gnu-tools-for-stm32.9-2020-q2-update.win32_2.0.0.202105311346/tools/bin/../lib/gcc/arm-none-eabi/9.3.1/../../../../arm-none-eabi/lib/thumb/v6-m/nofp\libc_nano.a(lib_a-strlen.o)
 .ARM.attributes
                0x00000000000006d4       0x2c c:/st/stm32cubeide_1.8.0/stm32cubeide/plugins/com.st.stm32cube.ide.mcu.externaltools.gnu-tools-for-stm32.9-2020-q2-update.win32_2.0.0.202105311346/tools/bin/../lib/gcc/arm-none-eabi/9.3.1/../../../../arm-none-eabi/lib/thumb/v6-m/nofp\libc_nano.a(lib_a-strncpy.o)
 .ARM.attributes
                0x0000000000000700       0x2c c:/st/stm32cubeide_1.8.0/stm32cubeide/plugins/com.st.stm32cube.ide.mcu.externaltools.gnu-tools-for-stm32.9-2020-q2-update.win32_2.0.0.202105311346/tools/bin/../lib/gcc/arm-none-eabi/9.3.1/../../../../arm-none-eabi/lib/thumb/v6-m/nofp\libc_nano.a(lib_a-nano-svfprintf.o)
 .ARM.attributes
                0x000000000000072c       0x2c c:/st/stm32cubeide_1.8.0/stm32cubeide/plugins/com.st.stm32cube.ide.mcu.externaltools.gnu-tools-for-stm32.9-2020-q2-update.win32_2.0.0.202105311346/tools/bin/../lib/gcc/arm-none-eabi/9.3.1/../../../../arm-none-eabi/lib/thumb/v6-m/nofp\libc_nano.a(lib_a-nano-vfprintf_i.o)
 .ARM.attributes
                0x0000000000000758       0x2c c:/st/stm32cubeide_1.8.0/stm32cubeide/plugins/com.st.stm32cube.ide.mcu.externaltools.gnu-tools-for-stm32.9-2020-q2-update.win32_2.0.0.202105311346/tools/bin/../lib/gcc/arm-none-eabi/9.3.1/../../../../arm-none-eabi/lib/thumb/v6-m/nofp\libc_nano.a(lib_a-memchr-stub.o)
 .ARM.attributes
                0x0000000000000784       0x2c c:/st/stm32cubeide_1.8.0/stm32cubeide/plugins/com.st.stm32cube.ide.mcu.externaltools.gnu-tools-for-stm32.9-2020-q2-update.win32_2.0.0.202105311346/tools/bin/../lib/gcc/arm-none-eabi/9.3.1/../../../../arm-none-eabi/lib/thumb/v6-m/nofp\libc_nano.a(lib_a-memmove.o)
 .ARM.attributes
                0x00000000000007b0       0x2c c:/st/stm32cubeide_1.8.0/stm32cubeide/plugins/com.st.stm32cube.ide.mcu.externaltools.gnu-tools-for-stm32.9-2020-q2-update.win32_2.0.0.202105311346/tools/bin/../lib/gcc/arm-none-eabi/9.3.1/../../../../arm-none-eabi/lib/thumb/v6-m/nofp\libc_nano.a(lib_a-nano-freer.o)
 .ARM.attributes
                0x00000000000007dc       0x2c c:/st/stm32cubeide_1.8.0/stm32cubeide/plugins/com.st.stm32cube.ide.mcu.externaltools.gnu-tools-for-stm32.9-2020-q2-update.win32_2.0.0.202105311346/tools/bin/../lib/gcc/arm-none-eabi/9.3.1/../../../../arm-none-eabi/lib/thumb/v6-m/nofp\libc_nano.a(lib_a-nano-mallocr.o)
 .ARM.attributes
                0x0000000000000808       0x2c c:/st/stm32cubeide_1.8.0/stm32cubeide/plugins/com.st.stm32cube.ide.mcu.externaltools.gnu-tools-for-stm32.9-2020-q2-update.win32_2.0.0.202105311346/tools/bin/../lib/gcc/arm-none-eabi/9.3.1/../../../../arm-none-eabi/lib/thumb/v6-m/nofp\libc_nano.a(lib_a-nano-reallocr.o)
 .ARM.attributes
                0x0000000000000834       0x2c c:/st/stm32cubeide_1.8.0/stm32cubeide/plugins/com.st.stm32cube.ide.mcu.externaltools.gnu-tools-for-stm32.9-2020-q2-update.win32_2.0.0.202105311346/tools/bin/../lib/gcc/arm-none-eabi/9.3.1/../../../../arm-none-eabi/lib/thumb/v6-m/nofp\libc_nano.a(lib_a-sbrkr.o)
 .ARM.attributes
                0x0000000000000860       0x2c c:/st/stm32cubeide_1.8.0/stm32cubeide/plugins/com.st.stm32cube.ide.mcu.externaltools.gnu-tools-for-stm32.9-2020-q2-update.win32_2.0.0.202105311346/tools/bin/../lib/gcc/arm-none-eabi/9.3.1/../../../../arm-none-eabi/lib/thumb/v6-m/nofp\libc_nano.a(lib_a-mlock.o)
 .ARM.attributes
                0x000000000000088c       0x2c c:/st/stm32cubeide_1.8.0/stm32cubeide/plugins/com.st.stm32cube.ide.mcu.externaltools.gnu-tools-for-stm32.9-2020-q2-update.win32_2.0.0.202105311346/tools/bin/../lib/gcc/arm-none-eabi/9.3.1/../../../../arm-none-eabi/lib/thumb/v6-m/nofp\libc_nano.a(lib_a-nano-msizer.o)
 .ARM.attributes
                0x00000000000008b8       0x2c c:/st/stm32cubeide_1.8.0/stm32cubeide/plugins/com.st.stm32cube.ide.mcu.externaltools.gnu-tools-for-stm32.9-2020-q2-update.win32_2.0.0.202105311346/tools/bin/../lib/gcc/arm-none-eabi/9.3.1/../../../../arm-none-eabi/lib/thumb/v6-m/nofp\libc_nano.a(lib_a-reent.o)
 .ARM.attributes
                0x00000000000008e4       0x2c c:/st/stm32cubeide_1.8.0/stm32cubeide/plugins/com.st.stm32cube.ide.mcu.externaltools.gnu-tools-for-stm32.9-2020-q2-update.win32_2.0.0.202105311346/tools/bin/../lib/gcc/arm-none-eabi/9.3.1/../../../../arm-none-eabi/lib/thumb/v6-m/nofp\libc_nano.a(lib_a-lock.o)
 .ARM.attributes
                0x0000000000000910       0x1e c:/st/stm32cubeide_1.8.0/stm32cubeide/plugins/com.st.stm32cube.ide.mcu.externaltools.gnu-tools-for-stm32.9-2020-q2-update.win32_2.0.0.202105311346/tools/bin/../lib/gcc/arm-none-eabi/9.3.1/thumb/v6-m/nofp\libgcc.a(_thumb1_case_uqi.o)
 .ARM.attributes
                0x000000000000092e       0x1e c:/st/stm32cubeide_1.8.0/stm32cubeide/plugins/com.st.stm32cube.ide.mcu.externaltools.gnu-tools-for-stm32.9-2020-q2-update.win32_2.0.0.202105311346/tools/bin/../lib/gcc/arm-none-eabi/9.3.1/thumb/v6-m/nofp\libgcc.a(_thumb1_case_shi.o)
 .ARM.attributes
                0x000000000000094c       0x1e c:/st/stm32cubeide_1.8.0/stm32cubeide/plugins/com.st.stm32cube.ide.mcu.externaltools.gnu-tools-for-stm32.9-2020-q2-update.win32_2.0.0.202105311346/tools/bin/../lib/gcc/arm-none-eabi/9.3.1/thumb/v6-m/nofp\libgcc.a(_udivsi3.o)
 .ARM.attributes
                0x000000000000096a       0x1e c:/st/stm32cubeide_1.8.0/stm32cubeide/plugins/com.st.stm32cube.ide.mcu.externaltools.gnu-tools-for-stm32.9-2020-q2-update.win32_2.0.0.202105311346/tools/bin/../lib/gcc/arm-none-eabi/9.3.1/thumb/v6-m/nofp\libgcc.a(_divsi3.o)
 .ARM.attributes
                0x0000000000000988       0x1e c:/st/stm32cubeide_1.8.0/stm32cubeide/plugins/com.st.stm32cube.ide.mcu.externaltools.gnu-tools-for-stm32.9-2020-q2-update.win32_2.0.0.202105311346/tools/bin/../lib/gcc/arm-none-eabi/9.3.1/thumb/v6-m/nofp\libgcc.a(_dvmd_tls.o)
 .ARM.attributes
                0x00000000000009a6       0x1e c:/st/stm32cubeide_1.8.0/stm32cubeide/plugins/com.st.stm32cube.ide.mcu.externaltools.gnu-tools-for-stm32.9-2020-q2-update.win32_2.0.0.202105311346/tools/bin/../lib/gcc/arm-none-eabi/9.3.1/thumb/v6-m/nofp\libgcc.a(_arm_cmpsf2.o)
 .ARM.attributes
                0x00000000000009c4       0x1e c:/st/stm32cubeide_1.8.0/stm32cubeide/plugins/com.st.stm32cube.ide.mcu.externaltools.gnu-tools-for-stm32.9-2020-q2-update.win32_2.0.0.202105311346/tools/bin/../lib/gcc/arm-none-eabi/9.3.1/thumb/v6-m/nofp\libgcc.a(_aeabi_uldivmod.o)
 .ARM.attributes
                0x00000000000009e2       0x2c c:/st/stm32cubeide_1.8.0/stm32cubeide/plugins/com.st.stm32cube.ide.mcu.externaltools.gnu-tools-for-stm32.9-2020-q2-update.win32_2.0.0.202105311346/tools/bin/../lib/gcc/arm-none-eabi/9.3.1/thumb/v6-m/nofp\libgcc.a(_muldi3.o)
 .ARM.attributes
                0x0000000000000a0e       0x2c c:/st/stm32cubeide_1.8.0/stm32cubeide/plugins/com.st.stm32cube.ide.mcu.externaltools.gnu-tools-for-stm32.9-2020-q2-update.win32_2.0.0.202105311346/tools/bin/../lib/gcc/arm-none-eabi/9.3.1/thumb/v6-m/nofp\libgcc.a(_fixunssfsi.o)
 .ARM.attributes
                0x0000000000000a3a       0x2c c:/st/stm32cubeide_1.8.0/stm32cubeide/plugins/com.st.stm32cube.ide.mcu.externaltools.gnu-tools-for-stm32.9-2020-q2-update.win32_2.0.0.202105311346/tools/bin/../lib/gcc/arm-none-eabi/9.3.1/thumb/v6-m/nofp\libgcc.a(_udivmoddi4.o)
 .ARM.attributes
                0x0000000000000a66       0x2c c:/st/stm32cubeide_1.8.0/stm32cubeide/plugins/com.st.stm32cube.ide.mcu.externaltools.gnu-tools-for-stm32.9-2020-q2-update.win32_2.0.0.202105311346/tools/bin/../lib/gcc/arm-none-eabi/9.3.1/thumb/v6-m/nofp\libgcc.a(divsf3.o)
 .ARM.attributes
                0x0000000000000a92       0x2c c:/st/stm32cubeide_1.8.0/stm32cubeide/plugins/com.st.stm32cube.ide.mcu.externaltools.gnu-tools-for-stm32.9-2020-q2-update.win32_2.0.0.202105311346/tools/bin/../lib/gcc/arm-none-eabi/9.3.1/thumb/v6-m/nofp\libgcc.a(eqsf2.o)
 .ARM.attributes
                0x0000000000000abe       0x2c c:/st/stm32cubeide_1.8.0/stm32cubeide/plugins/com.st.stm32cube.ide.mcu.externaltools.gnu-tools-for-stm32.9-2020-q2-update.win32_2.0.0.202105311346/tools/bin/../lib/gcc/arm-none-eabi/9.3.1/thumb/v6-m/nofp\libgcc.a(gesf2.o)
 .ARM.attributes
                0x0000000000000aea       0x2c c:/st/stm32cubeide_1.8.0/stm32cubeide/plugins/com.st.stm32cube.ide.mcu.externaltools.gnu-tools-for-stm32.9-2020-q2-update.win32_2.0.0.202105311346/tools/bin/../lib/gcc/arm-none-eabi/9.3.1/thumb/v6-m/nofp\libgcc.a(lesf2.o)
 .ARM.attributes
                0x0000000000000b16       0x2c c:/st/stm32cubeide_1.8.0/stm32cubeide/plugins/com.st.stm32cube.ide.mcu.externaltools.gnu-tools-for-stm32.9-2020-q2-update.win32_2.0.0.202105311346/tools/bin/../lib/gcc/arm-none-eabi/9.3.1/thumb/v6-m/nofp\libgcc.a(subsf3.o)
 .ARM.attributes
                0x0000000000000b42       0x2c c:/st/stm32cubeide_1.8.0/stm32cubeide/plugins/com.st.stm32cube.ide.mcu.externaltools.gnu-tools-for-stm32.9-2020-q2-update.win32_2.0.0.202105311346/tools/bin/../lib/gcc/arm-none-eabi/9.3.1/thumb/v6-m/nofp\libgcc.a(fixsfsi.o)
 .ARM.attributes
                0x0000000000000b6e       0x2c c:/st/stm32cubeide_1.8.0/stm32cubeide/plugins/com.st.stm32cube.ide.mcu.externaltools.gnu-tools-for-stm32.9-2020-q2-update.win32_2.0.0.202105311346/tools/bin/../lib/gcc/arm-none-eabi/9.3.1/thumb/v6-m/nofp\libgcc.a(floatsisf.o)
 .ARM.attributes
                0x0000000000000b9a       0x2c c:/st/stm32cubeide_1.8.0/stm32cubeide/plugins/com.st.stm32cube.ide.mcu.externaltools.gnu-tools-for-stm32.9-2020-q2-update.win32_2.0.0.202105311346/tools/bin/../lib/gcc/arm-none-eabi/9.3.1/thumb/v6-m/nofp\libgcc.a(floatunsisf.o)
 .ARM.attributes
                0x0000000000000bc6       0x1e c:/st/stm32cubeide_1.8.0/stm32cubeide/plugins/com.st.stm32cube.ide.mcu.externaltools.gnu-tools-for-stm32.9-2020-q2-update.win32_2.0.0.202105311346/tools/bin/../lib/gcc/arm-none-eabi/9.3.1/thumb/v6-m/nofp\libgcc.a(_clzsi2.o)
 .ARM.attributes
                0x0000000000000be4       0x1e c:/st/stm32cubeide_1.8.0/stm32cubeide/plugins/com.st.stm32cube.ide.mcu.externaltools.gnu-tools-for-stm32.9-2020-q2-update.win32_2.0.0.202105311346/tools/bin/../lib/gcc/arm-none-eabi/9.3.1/thumb/v6-m/nofp\libgcc.a(_clzdi2.o)
 .ARM.attributes
                0x0000000000000c02       0x1e c:/st/stm32cubeide_1.8.0/stm32cubeide/plugins/com.st.stm32cube.ide.mcu.externaltools.gnu-tools-for-stm32.9-2020-q2-update.win32_2.0.0.202105311346/tools/bin/../lib/gcc/arm-none-eabi/9.3.1/thumb/v6-m/nofp/crtn.o
OUTPUT(test.elf elf32-littlearm)
LOAD linker stubs
LOAD c:/st/stm32cubeide_1.8.0/stm32cubeide/plugins/com.st.stm32cube.ide.mcu.externaltools.gnu-tools-for-stm32.9-2020-q2-update.win32_2.0.0.202105311346/tools/bin/../lib/gcc/arm-none-eabi/9.3.1/../../../../arm-none-eabi/lib/thumb/v6-m/nofp\libc.a
LOAD c:/st/stm32cubeide_1.8.0/stm32cubeide/plugins/com.st.stm32cube.ide.mcu.externaltools.gnu-tools-for-stm32.9-2020-q2-update.win32_2.0.0.202105311346/tools/bin/../lib/gcc/arm-none-eabi/9.3.1/../../../../arm-none-eabi/lib/thumb/v6-m/nofp\libm.a
LOAD c:/st/stm32cubeide_1.8.0/stm32cubeide/plugins/com.st.stm32cube.ide.mcu.externaltools.gnu-tools-for-stm32.9-2020-q2-update.win32_2.0.0.202105311346/tools/bin/../lib/gcc/arm-none-eabi/9.3.1/thumb/v6-m/nofp\libgcc.a

.debug_info     0x0000000000000000    0x256b7
 .debug_info    0x0000000000000000     0x149b ./Core/Src/MPU6050.o
 .debug_info    0x000000000000149b      0xa34 ./Core/Src/cap1203.o
 .debug_info    0x0000000000001ecf      0xc3c ./Core/Src/fonts.o
 .debug_info    0x0000000000002b0b     0x49a0 ./Core/Src/main.o
 .debug_info    0x00000000000074ab     0x217f ./Core/Src/ssd1306.o
 .debug_info    0x000000000000962a     0x1642 ./Core/Src/stm32l0xx_hal_msp.o
 .debug_info    0x000000000000ac6c      0x89a ./Core/Src/stm32l0xx_it.o
 .debug_info    0x000000000000b506      0xa4e ./Core/Src/sysmem.o
 .debug_info    0x000000000000bf54      0x37c ./Core/Src/system_stm32l0xx.o
 .debug_info    0x000000000000c2d0       0x22 ./Core/Startup/startup_stm32l052k6tx.o
 .debug_info    0x000000000000c2f2      0x9be ./Drivers/STM32L0xx_HAL_Driver/Src/stm32l0xx_hal.o
 .debug_info    0x000000000000ccb0     0x1116 ./Drivers/STM32L0xx_HAL_Driver/Src/stm32l0xx_hal_adc.o
 .debug_info    0x000000000000ddc6      0xb4c ./Drivers/STM32L0xx_HAL_Driver/Src/stm32l0xx_hal_cortex.o
 .debug_info    0x000000000000e912      0x962 ./Drivers/STM32L0xx_HAL_Driver/Src/stm32l0xx_hal_dma.o
 .debug_info    0x000000000000f274      0x7cf ./Drivers/STM32L0xx_HAL_Driver/Src/stm32l0xx_hal_gpio.o
 .debug_info    0x000000000000fa43     0x3f8c ./Drivers/STM32L0xx_HAL_Driver/Src/stm32l0xx_hal_i2c.o
 .debug_info    0x00000000000139cf      0x9e2 ./Drivers/STM32L0xx_HAL_Driver/Src/stm32l0xx_hal_i2c_ex.o
 .debug_info    0x00000000000143b1      0xd86 ./Drivers/STM32L0xx_HAL_Driver/Src/stm32l0xx_hal_rcc.o
 .debug_info    0x0000000000015137      0x9d1 ./Drivers/STM32L0xx_HAL_Driver/Src/stm32l0xx_hal_rcc_ex.o
 .debug_info    0x0000000000015b08     0x203c ./Drivers/STM32L0xx_HAL_Driver/Src/stm32l0xx_hal_spi.o
 .debug_info    0x0000000000017b44     0x4258 ./Drivers/STM32L0xx_HAL_Driver/Src/stm32l0xx_hal_tim.o
 .debug_info    0x000000000001bd9c      0x7f0 ./Drivers/STM32L0xx_HAL_Driver/Src/stm32l0xx_hal_tim_ex.o
 .debug_info    0x000000000001c58c      0xe96 ./FATFS/App/fatfs.o
 .debug_info    0x000000000001d422      0xdc6 ./FATFS/Target/user_diskio.o
 .debug_info    0x000000000001e1e8     0x1d5b ./FATFS/Target/user_diskio_spi.o
 .debug_info    0x000000000001ff43      0xe45 ./Middlewares/Third_Party/FatFs/src/diskio.o
 .debug_info    0x0000000000020d88     0x2f2d ./Middlewares/Third_Party/FatFs/src/ff.o
 .debug_info    0x0000000000023cb5      0xe6a ./Middlewares/Third_Party/FatFs/src/ff_gen_drv.o
 .debug_info    0x0000000000024b1f      0xb98 ./Middlewares/Third_Party/FatFs/src/option/ccsbcs.o

.debug_abbrev   0x0000000000000000     0x4da8
 .debug_abbrev  0x0000000000000000      0x2b1 ./Core/Src/MPU6050.o
 .debug_abbrev  0x00000000000002b1      0x214 ./Core/Src/cap1203.o
 .debug_abbrev  0x00000000000004c5      0x24b ./Core/Src/fonts.o
 .debug_abbrev  0x0000000000000710      0x52c ./Core/Src/main.o
 .debug_abbrev  0x0000000000000c3c      0x3e4 ./Core/Src/ssd1306.o
 .debug_abbrev  0x0000000000001020      0x272 ./Core/Src/stm32l0xx_hal_msp.o
 .debug_abbrev  0x0000000000001292      0x231 ./Core/Src/stm32l0xx_it.o
 .debug_abbrev  0x00000000000014c3      0x1f4 ./Core/Src/sysmem.o
 .debug_abbrev  0x00000000000016b7      0x14b ./Core/Src/system_stm32l0xx.o
 .debug_abbrev  0x0000000000001802       0x12 ./Core/Startup/startup_stm32l052k6tx.o
 .debug_abbrev  0x0000000000001814      0x2d4 ./Drivers/STM32L0xx_HAL_Driver/Src/stm32l0xx_hal.o
 .debug_abbrev  0x0000000000001ae8      0x2ec ./Drivers/STM32L0xx_HAL_Driver/Src/stm32l0xx_hal_adc.o
 .debug_abbrev  0x0000000000001dd4      0x2c7 ./Drivers/STM32L0xx_HAL_Driver/Src/stm32l0xx_hal_cortex.o
 .debug_abbrev  0x000000000000209b      0x23f ./Drivers/STM32L0xx_HAL_Driver/Src/stm32l0xx_hal_dma.o
 .debug_abbrev  0x00000000000022da      0x205 ./Drivers/STM32L0xx_HAL_Driver/Src/stm32l0xx_hal_gpio.o
 .debug_abbrev  0x00000000000024df      0x3ba ./Drivers/STM32L0xx_HAL_Driver/Src/stm32l0xx_hal_i2c.o
 .debug_abbrev  0x0000000000002899      0x1da ./Drivers/STM32L0xx_HAL_Driver/Src/stm32l0xx_hal_i2c_ex.o
 .debug_abbrev  0x0000000000002a73      0x30e ./Drivers/STM32L0xx_HAL_Driver/Src/stm32l0xx_hal_rcc.o
 .debug_abbrev  0x0000000000002d81      0x264 ./Drivers/STM32L0xx_HAL_Driver/Src/stm32l0xx_hal_rcc_ex.o
 .debug_abbrev  0x0000000000002fe5      0x3a4 ./Drivers/STM32L0xx_HAL_Driver/Src/stm32l0xx_hal_spi.o
 .debug_abbrev  0x0000000000003389      0x38e ./Drivers/STM32L0xx_HAL_Driver/Src/stm32l0xx_hal_tim.o